

=====================================================================
== C:\Program Files (x86)\Steam\steamapps\common\DayZServerAug2\DayZServer_x64.exe
== "DayZServer_x64.exe" -config=serverDZ.cfg -mod=@CF;@CommunityOnlineTools;@DabsFramework;@DayZ-Editor-Loader;@DayZ-Expansion-Animations;@DayZ-Expansion-Bundle;@DayZ-Expansion-Licensed;@MMG-MightysMilitaryGear;@PvZmoD_CustomisableZombies "-serverMod=_@DayZ-Dynamic-AI-Addon" -port=2302 -profiles=config -cpuCount=4 -adminlog -netlog -freezecheck 
=====================================================================
Exe timestamp: 2023/07/27 17:06:07
Current time:  2023/08/14 17:46:05

Version 1.21.156300
17:46:05.624 [Inputs] Loading inputs default "bin/constants.xml"
17:46:05.627 [Inputs] Loading inputs default "bin/specific.xml"
17:46:05.627 [Inputs] Loading inputs default "JM/COT/Scripts/Data/Inputs.xml"
17:46:05.627 !!! [Inputs] Cannot Register "UAObjectModuleDeleteOnCursor" non-existent input - Fix Preset!
17:46:05.628 [Inputs] Loading inputs default "LIVEN/PvZmoD_CustomisableZombies/inputs.xml"
17:46:05.628 [Inputs] Loading inputs default "DayZExpansion/Groups/Scripts/Data/Inputs.xml"
17:46:05.628 [Inputs] Loading inputs default "DayZExpansion/Navigation/Scripts/Data/Inputs.xml"
17:46:05.628 !!! [Inputs] Attempt to register duplicate exclusion group "chatexpansion"
17:46:05.628 [Inputs] Loading inputs default "DayZExpansion/PlayerList/Scripts/Data/Inputs.xml"
17:46:05.629 !!! [Inputs] Attempt to register duplicate exclusion group "chatexpansion"
17:46:05.629 [Inputs] Loading inputs default "DayZExpansion/Scripts/Data/Inputs.xml"
17:46:05.629 !!! [Inputs] Attempt to register duplicate exclusion group "chatexpansion"
17:46:05.629 [Inputs] Loading inputs default "DayZExpansion/Vehicles/Scripts/Data/Inputs.xml"
17:46:05.630 [Inputs] Loading inputs default "DayZExpansion/AI/Scripts/inputs.xml"
17:46:05.630 [Inputs] Loading inputs default "DayZExpansion/BaseBuilding/Scripts/Data/Inputs.xml"
17:46:05.630 !!! [Inputs] Attempt to register duplicate exclusion group "chatexpansion"
17:46:05.630 [Inputs] Loading inputs default "DayZExpansion/Book/Scripts/Data/Inputs.xml"
17:46:05.630 !!! [Inputs] Attempt to register duplicate exclusion group "chatexpansion"
17:46:05.630 [Inputs] Loading inputs default "DayZExpansion/Chat/Scripts/Data/Inputs.xml"
17:46:05.630 !!! [Inputs] Attempt to register duplicate exclusion group "chatexpansion"
17:46:05.631 [Inputs] Loading inputs default "DayZExpansion/Quests/Scripts/Data/Inputs.xml"
17:46:05.631 [Inputs] Loading inputs cfg "config\Users\Survivor\Server.core.xml"
17:46:05.631 !!! [Inputs] Cannot read inputs cfg "config\Users\Survivor\Server.core.xml", parser error
17:46:05.631 [Inputs] Loading inputs cfg "bin/core.xml"
17:46:05.631 !!! [Inputs] Cannot load input preset "#STR_USER", file does not exist
17:46:05.632 [Inputs] Exporting inputs cfg "config\Users\Survivor\Server.core.xml"
17:46:25.250 [CE][Hive] :: Initializing OFFLINE
17:46:25.250 [StorageDirs] :: Selected storage directory: C:\Program Files (x86)\Steam\steamapps\common\DayZServerAug2\mpmissions\Expansion.chernarusplus\storage_1\
17:46:25.250 [CE][Hive] :: Loading core data ... 
17:46:25.251 [CE][CoreData] :: 7 root classes, 18 defaults, 0 updaters...
17:46:27.901 [CE] :: WARNING :: Preset map "optics" is EMPTY.
17:46:27.902 [CE][TypeSetup] :: 505 classes setuped...
17:46:27.904 [CE] :: WARNING :: Preset map "optics" is EMPTY.
17:46:27.905 [CE][TypeSetup] :: 97 classes setuped...
17:46:27.906 [CE] :: WARNING :: Preset map "optics" is EMPTY.
17:46:27.907 [CE][TypeSetup] :: 206 classes setuped...
17:46:29.25 [CE][RegisterBind] :: 0 classes binded...
17:46:29.25 [CE][RegisterConfig] :: 11818 config classes registered, 0 sub-counters...
17:46:29.25 [CE][Hive] :: Loading map data ... 
17:46:29.34 [CE][IgnoreList] "cfgignorelist.xml" :: loaded 19 types
17:46:29.63 !!! [CE] :: Unknown category: 'vehicleparts'.
17:46:29.63 !!! [CE] :: Unknown category: 'vehicleparts'.
17:46:29.63 !!! [CE] :: Unknown category: 'vehicleparts'.
17:46:29.63 !!! [CE] :: Unknown category: 'vehicleparts'.
17:46:29.63 !!! [CE] :: Unknown category: 'vehicleparts'.
17:46:29.63 !!! [CE] :: Unknown category: 'vehicleparts'.
17:46:29.63 !!! [CE] :: Unknown category: 'vehicleparts'.
17:46:29.63 !!! [CE] :: Unknown category: 'vehicleparts'.
17:46:29.63 !!! [CE] :: Unknown category: 'vehicleparts'.
17:46:29.63 !!! [CE] :: Unknown category: 'vehicleparts'.
17:46:29.63 !!! [CE] :: Unknown category: 'vehicleparts'.
17:46:29.63 !!! [CE] :: Unknown category: 'vehicleparts'.
17:46:29.63 !!! [CE] :: Unknown category: 'vehicleparts'.
17:46:29.63 !!! [CE] :: Unknown category: 'vehicleparts'.
17:46:29.63 !!! [CE] :: Unknown category: 'vehicleparts'.
17:46:29.63 !!! [CE] :: Unknown category: 'vehicleparts'.
17:46:29.63 !!! [CE] :: Unknown category: 'vehicleparts'.
17:46:29.63 !!! [CE] :: Unknown category: 'vehicleparts'.
17:46:29.63 !!! [CE] :: Unknown category: 'vehicleparts'.
17:46:29.63 !!! [CE] :: Unknown category: 'vehicleparts'.
17:46:29.63 !!! [CE] :: Unknown category: 'vehicleparts'.
17:46:29.63 !!! [CE] :: Unknown category: 'vehicleparts'.
17:46:29.63 !!! [CE] :: Unknown category: 'vehicleparts'.
17:46:29.63 !!! [CE] :: Unknown category: 'vehicleparts'.
17:46:29.63 !!! [CE] :: Unknown category: 'vehicleparts'.
17:46:29.63 !!! [CE] :: Unknown category: 'vehicleparts'.
17:46:29.64 !!! [CE] :: Unknown category: 'vehicleparts'.
17:46:29.64 !!! [CE] :: Unknown category: 'vehicleparts'.
17:46:29.64 !!! [CE] :: Unknown category: 'vehicleparts'.
17:46:29.64 !!! [CE] :: Unknown category: 'vehicleparts'.
17:46:29.64 !!! [CE] :: Unknown category: 'vehicleparts'.
17:46:29.64 !!! [CE] :: Unknown category: 'vehicleparts'.
17:46:29.64 !!! [CE] :: Unknown category: 'vehicleparts'.
17:46:29.64 !!! [CE] :: Unknown category: 'vehicleparts'.
17:46:29.64 !!! [CE] :: Unknown category: 'vehicleparts'.
17:46:29.64 !!! [CE] :: Unknown category: 'vehicleparts'.
17:46:29.64 !!! [CE] :: Unknown category: 'vehicleparts'.
17:46:29.64 !!! [CE] :: Unknown category: 'vehicleparts'.
17:46:29.64 !!! [CE] :: Unknown category: 'vehicleparts'.
17:46:29.64 !!! [CE] :: Unknown category: 'vehicleparts'.
17:46:29.64 !!! [CE] :: Unknown category: 'vehicleparts'.
17:46:29.64 !!! [CE] :: Unknown category: 'vehicleparts'.
17:46:29.64 !!! [CE] :: Unknown category: 'vehicleparts'.
17:46:29.64 !!! [CE] :: Unknown category: 'vehicleparts'.
17:46:29.64 !!! [CE] :: Unknown category: 'vehicleparts'.
17:46:29.64 !!! [CE] :: Unknown category: 'vehicleparts'.
17:46:29.64 !!! [CE] :: Unknown category: 'vehicleparts'.
17:46:29.64 !!! [CE] :: Unknown category: 'vehicleparts'.
17:46:29.64 !!! [CE] :: Unknown category: 'vehicleparts'.
17:46:29.64 !!! [CE] :: Unknown category: 'vehicleparts'.
17:46:29.64 !!! [CE] :: Unknown category: 'vehicleparts'.
17:46:29.64 !!! [CE] :: Unknown category: 'vehicleparts'.
17:46:29.64 [CE][LoadPrototype] :: loaded 413 prototypes
17:46:29.64   799 containers, 10078 points
17:46:29.64   66 dispatches, 239 proxies
17:46:29.64 !!! [CE][LoadPrototype] 5 groups have no points...
17:46:29.64 [CE][LoadPrototype] :: last group name: Land_Wreck_sed02_aban2_red_DE...
17:46:29.68 [CE][LoadPrototype] :: loaded 0 prototypes
17:46:29.68   55 containers, 232 points
17:46:29.68   0 dispatches, 0 proxies
17:46:29.68 [CE][LoadPrototype] :: last group name: Rail9...
17:46:29.638 [CE][LoadMap] "Group" :: loaded 11709 groups, groups failed: 0, largest group range: 34.2
17:46:29.640 [CE][LoadMap] "Dirt" :: loaded 0 groups, groups failed: 0, largest group range: 34.2
17:46:29.910 [CE][Links] found 1908 total links between groups, of 11709
17:46:29.910 [CE][LoadClusters] "Cluster" :: Loading files...
17:46:30.24 [CE][LoadClusters] :: file: "mapgroupcluster.xml", 9 types, 50000 instances
17:46:30.144 [CE][LoadClusters] :: file: "mapgroupcluster01", 9 types, 50000 instances
17:46:30.265 [CE][LoadClusters] :: file: "mapgroupcluster02", 9 types, 50000 instances
17:46:30.385 [CE][LoadClusters] :: file: "mapgroupcluster03", 9 types, 50000 instances
17:46:30.432 [CE][LoadClusters] :: file: "mapgroupcluster04", 9 types, 17347 instances
17:46:30.433 [CE][Storage] ver:21 stamp:446, valid:yes, name:"C:\Program Files (x86)\Steam\steamapps\common\DayZServerAug2\mpmissions\Expansion.chernarusplus\storage_1\data\types.bin"
17:46:30.434 [CE][Storage] ver:21 stamp:434, valid:yes, name:"C:\Program Files (x86)\Steam\steamapps\common\DayZServerAug2\mpmissions\Expansion.chernarusplus\storage_1\data\types.001"
17:46:30.435 [CE][Storage] ver:21 stamp:445, valid:yes, name:"C:\Program Files (x86)\Steam\steamapps\common\DayZServerAug2\mpmissions\Expansion.chernarusplus\storage_1\data\types.002"
17:46:30.435 [CE][Storage] Restoring file "C:\Program Files (x86)\Steam\steamapps\common\DayZServerAug2\mpmissions\Expansion.chernarusplus\storage_1\data\types.bin".
17:46:30.548 !!! [CE][offlineDB] :: No Shutdown message present.
17:46:30.549 [CE][offlineDB] :: Loaded 47 dynamic events 225 total types.
17:46:30.550 !!! [CE][DE] (VehicleTruck01) :: Unable to create child (Truck_01_Covered_Grey) as the type does not exist.
17:46:30.550 [CE][offlineDB] :: Loaded 58 dynamic events 289 total types.
17:46:30.562 !!! [CE][offlineDB] :: Type 'ChristmasTree' will be ignored. (Not spawnable. (Scope is not public?))
17:46:30.568 !!! [CE][offlineDB] :: Type 'Expansion_M79' will be ignored. (Not spawnable. (Scope is not public?))
17:46:30.568 !!! [CE][offlineDB] :: Type 'ExpansionFlaregun' will be ignored. (Not spawnable. (Scope is not public?))
17:46:30.568 !!! [CE][offlineDB] :: Type 'Expansion_Longhorn' will be ignored. (Not spawnable. (Scope is not public?))
17:46:30.571 !!! [CE][offlineDB] :: Type 'MMG_tactical_shirt_dark_woodland' will be ignored. (Type does not exist. (Typo?))
17:46:30.573 !!! [CE][offlineDB] :: Type 'MMG_mmps_nag_multicamblack' will be ignored. (Type does not exist. (Typo?))
17:46:30.574 !!! [CE][offlineDB] :: Type 'MMG_assault_pack_multicam_tropic' will be ignored. (Type does not exist. (Typo?))
17:46:30.706 !!! [CE][DE][SPAWNS] :: [WARNING] :: Skipping entry for non-existing event 'VehicleTransitBus'.
17:46:30.706 [CE][DE][SPAWNS] :: Total positions: 987
17:46:30.706 [CE][DE][GROUPS] :: Total eventgroups defined: 83, Eventgroups in use: 83
17:46:30.706 [CE][Storage] ver:21 stamp:446, valid:yes, name:"C:\Program Files (x86)\Steam\steamapps\common\DayZServerAug2\mpmissions\Expansion.chernarusplus\storage_1\data\events.bin"
17:46:30.706 [CE][Storage] ver:21 stamp:434, valid:yes, name:"C:\Program Files (x86)\Steam\steamapps\common\DayZServerAug2\mpmissions\Expansion.chernarusplus\storage_1\data\events.001"
17:46:30.706 [CE][Storage] ver:21 stamp:445, valid:yes, name:"C:\Program Files (x86)\Steam\steamapps\common\DayZServerAug2\mpmissions\Expansion.chernarusplus\storage_1\data\events.002"
17:46:30.706 [CE][Storage] Restoring file "C:\Program Files (x86)\Steam\steamapps\common\DayZServerAug2\mpmissions\Expansion.chernarusplus\storage_1\data\events.bin".
17:46:30.706 [CE][DynamicEvent] Load  Events:[58] Primary spawners: 58 Secondary spawners: 4
17:46:30.707 [CE][Storage] ver:25 stamp:446, valid:yes, name:"C:\Program Files (x86)\Steam\steamapps\common\DayZServerAug2\mpmissions\Expansion.chernarusplus\storage_1\data\dynamic_000.bin"
17:46:30.707 [CE][Storage] ver:25 stamp:434, valid:yes, name:"C:\Program Files (x86)\Steam\steamapps\common\DayZServerAug2\mpmissions\Expansion.chernarusplus\storage_1\data\dynamic_000.001"
17:46:30.708 [CE][Storage] ver:25 stamp:445, valid:yes, name:"C:\Program Files (x86)\Steam\steamapps\common\DayZServerAug2\mpmissions\Expansion.chernarusplus\storage_1\data\dynamic_000.002"
17:46:30.708 [CE][Storage] Restoring file "C:\Program Files (x86)\Steam\steamapps\common\DayZServerAug2\mpmissions\Expansion.chernarusplus\storage_1\data\dynamic_000.bin" 975 items.
17:46:31.186   975 items loaded. (0 failed)
17:46:31.187 [CE][Storage] ver:25 stamp:446, valid:yes, name:"C:\Program Files (x86)\Steam\steamapps\common\DayZServerAug2\mpmissions\Expansion.chernarusplus\storage_1\data\dynamic_001.bin"
17:46:31.187 [CE][Storage] ver:25 stamp:434, valid:yes, name:"C:\Program Files (x86)\Steam\steamapps\common\DayZServerAug2\mpmissions\Expansion.chernarusplus\storage_1\data\dynamic_001.001"
17:46:31.187 [CE][Storage] ver:25 stamp:445, valid:yes, name:"C:\Program Files (x86)\Steam\steamapps\common\DayZServerAug2\mpmissions\Expansion.chernarusplus\storage_1\data\dynamic_001.002"
17:46:31.187 [CE][Storage] Restoring file "C:\Program Files (x86)\Steam\steamapps\common\DayZServerAug2\mpmissions\Expansion.chernarusplus\storage_1\data\dynamic_001.bin" 1906 items.
17:46:31.900   1906 items loaded. (0 failed)
17:46:31.901 [CE][Storage] ver:25 stamp:446, valid:yes, name:"C:\Program Files (x86)\Steam\steamapps\common\DayZServerAug2\mpmissions\Expansion.chernarusplus\storage_1\data\dynamic_002.bin"
17:46:31.901 [CE][Storage] ver:25 stamp:434, valid:yes, name:"C:\Program Files (x86)\Steam\steamapps\common\DayZServerAug2\mpmissions\Expansion.chernarusplus\storage_1\data\dynamic_002.001"
17:46:31.902 [CE][Storage] ver:25 stamp:445, valid:yes, name:"C:\Program Files (x86)\Steam\steamapps\common\DayZServerAug2\mpmissions\Expansion.chernarusplus\storage_1\data\dynamic_002.002"
17:46:31.902 [CE][Storage] Restoring file "C:\Program Files (x86)\Steam\steamapps\common\DayZServerAug2\mpmissions\Expansion.chernarusplus\storage_1\data\dynamic_002.bin" 2829 items.
17:46:32.843   2829 items loaded. (0 failed)
17:46:32.843 [CE][Storage] ver:25 stamp:446, valid:yes, name:"C:\Program Files (x86)\Steam\steamapps\common\DayZServerAug2\mpmissions\Expansion.chernarusplus\storage_1\data\dynamic_003.bin"
17:46:32.843 [CE][Storage] ver:25 stamp:434, valid:yes, name:"C:\Program Files (x86)\Steam\steamapps\common\DayZServerAug2\mpmissions\Expansion.chernarusplus\storage_1\data\dynamic_003.001"
17:46:32.844 [CE][Storage] ver:25 stamp:445, valid:yes, name:"C:\Program Files (x86)\Steam\steamapps\common\DayZServerAug2\mpmissions\Expansion.chernarusplus\storage_1\data\dynamic_003.002"
17:46:32.844 [CE][Storage] Restoring file "C:\Program Files (x86)\Steam\steamapps\common\DayZServerAug2\mpmissions\Expansion.chernarusplus\storage_1\data\dynamic_003.bin" 2592 items.
17:46:33.770   2592 items loaded. (0 failed)
17:46:33.770 [CE][Storage] ver:25 stamp:446, valid:yes, name:"C:\Program Files (x86)\Steam\steamapps\common\DayZServerAug2\mpmissions\Expansion.chernarusplus\storage_1\data\dynamic_004.bin"
17:46:33.771 [CE][Storage] ver:25 stamp:434, valid:yes, name:"C:\Program Files (x86)\Steam\steamapps\common\DayZServerAug2\mpmissions\Expansion.chernarusplus\storage_1\data\dynamic_004.001"
17:46:33.771 [CE][Storage] ver:25 stamp:445, valid:yes, name:"C:\Program Files (x86)\Steam\steamapps\common\DayZServerAug2\mpmissions\Expansion.chernarusplus\storage_1\data\dynamic_004.002"
17:46:33.771 [CE][Storage] Restoring file "C:\Program Files (x86)\Steam\steamapps\common\DayZServerAug2\mpmissions\Expansion.chernarusplus\storage_1\data\dynamic_004.bin" 2159 items.
17:46:34.512   2159 items loaded. (0 failed)
17:46:34.512 [CE][Storage] ver:25 stamp:446, valid:yes, name:"C:\Program Files (x86)\Steam\steamapps\common\DayZServerAug2\mpmissions\Expansion.chernarusplus\storage_1\data\dynamic_005.bin"
17:46:34.513 !!! [CE][Storage] Failed to read [Storage] data file "C:\Program Files (x86)\Steam\steamapps\common\DayZServerAug2\mpmissions\Expansion.chernarusplus\storage_1\data\dynamic_005.001".
17:46:34.513   File not closed...
17:46:34.513 [CE][Storage] ver:25 stamp:447, valid:NO, name:"C:\Program Files (x86)\Steam\steamapps\common\DayZServerAug2\mpmissions\Expansion.chernarusplus\storage_1\data\dynamic_005.001"
17:46:34.513 [CE][Storage] ver:25 stamp:445, valid:yes, name:"C:\Program Files (x86)\Steam\steamapps\common\DayZServerAug2\mpmissions\Expansion.chernarusplus\storage_1\data\dynamic_005.002"
17:46:34.513 [CE][Storage] Restoring file "C:\Program Files (x86)\Steam\steamapps\common\DayZServerAug2\mpmissions\Expansion.chernarusplus\storage_1\data\dynamic_005.bin" 2431 items.
17:46:35.330   2431 items loaded. (0 failed)
17:46:35.331 [CE][Storage] ver:25 stamp:446, valid:yes, name:"C:\Program Files (x86)\Steam\steamapps\common\DayZServerAug2\mpmissions\Expansion.chernarusplus\storage_1\data\dynamic_006.bin"
17:46:35.331 [CE][Storage] ver:25 stamp:447, valid:yes, name:"C:\Program Files (x86)\Steam\steamapps\common\DayZServerAug2\mpmissions\Expansion.chernarusplus\storage_1\data\dynamic_006.001"
17:46:35.331 [CE][Storage] ver:25 stamp:445, valid:yes, name:"C:\Program Files (x86)\Steam\steamapps\common\DayZServerAug2\mpmissions\Expansion.chernarusplus\storage_1\data\dynamic_006.002"
17:46:35.331 [CE][Storage] Restoring file "C:\Program Files (x86)\Steam\steamapps\common\DayZServerAug2\mpmissions\Expansion.chernarusplus\storage_1\data\dynamic_006.001" 1712 items.
17:46:35.935   1712 items loaded. (0 failed)
17:46:35.936 [CE][Storage] ver:25 stamp:446, valid:yes, name:"C:\Program Files (x86)\Steam\steamapps\common\DayZServerAug2\mpmissions\Expansion.chernarusplus\storage_1\data\dynamic_007.bin"
17:46:35.936 [CE][Storage] ver:25 stamp:447, valid:yes, name:"C:\Program Files (x86)\Steam\steamapps\common\DayZServerAug2\mpmissions\Expansion.chernarusplus\storage_1\data\dynamic_007.001"
17:46:35.936 [CE][Storage] ver:25 stamp:445, valid:yes, name:"C:\Program Files (x86)\Steam\steamapps\common\DayZServerAug2\mpmissions\Expansion.chernarusplus\storage_1\data\dynamic_007.002"
17:46:35.937 [CE][Storage] Restoring file "C:\Program Files (x86)\Steam\steamapps\common\DayZServerAug2\mpmissions\Expansion.chernarusplus\storage_1\data\dynamic_007.001" 1662 items.
17:46:36.511   1662 items loaded. (0 failed)
17:46:36.511 [CE][Storage] ver:25 stamp:446, valid:yes, name:"C:\Program Files (x86)\Steam\steamapps\common\DayZServerAug2\mpmissions\Expansion.chernarusplus\storage_1\data\dynamic_008.bin"
17:46:36.512 [CE][Storage] ver:25 stamp:447, valid:yes, name:"C:\Program Files (x86)\Steam\steamapps\common\DayZServerAug2\mpmissions\Expansion.chernarusplus\storage_1\data\dynamic_008.001"
17:46:36.513 [CE][Storage] ver:25 stamp:445, valid:yes, name:"C:\Program Files (x86)\Steam\steamapps\common\DayZServerAug2\mpmissions\Expansion.chernarusplus\storage_1\data\dynamic_008.002"
17:46:36.513 [CE][Storage] Restoring file "C:\Program Files (x86)\Steam\steamapps\common\DayZServerAug2\mpmissions\Expansion.chernarusplus\storage_1\data\dynamic_008.001" 2413 items.
17:46:37.346   2413 items loaded. (0 failed)
17:46:37.347 [CE][Storage] ver:25 stamp:446, valid:yes, name:"C:\Program Files (x86)\Steam\steamapps\common\DayZServerAug2\mpmissions\Expansion.chernarusplus\storage_1\data\dynamic_009.bin"
17:46:37.347 [CE][Storage] ver:25 stamp:447, valid:yes, name:"C:\Program Files (x86)\Steam\steamapps\common\DayZServerAug2\mpmissions\Expansion.chernarusplus\storage_1\data\dynamic_009.001"
17:46:37.348 [CE][Storage] ver:25 stamp:445, valid:yes, name:"C:\Program Files (x86)\Steam\steamapps\common\DayZServerAug2\mpmissions\Expansion.chernarusplus\storage_1\data\dynamic_009.002"
17:46:37.348 [CE][Storage] Restoring file "C:\Program Files (x86)\Steam\steamapps\common\DayZServerAug2\mpmissions\Expansion.chernarusplus\storage_1\data\dynamic_009.001" 2989 items.
17:46:38.395   2989 items loaded. (0 failed)
17:46:38.396 [CE][Storage] ver:25 stamp:446, valid:yes, name:"C:\Program Files (x86)\Steam\steamapps\common\DayZServerAug2\mpmissions\Expansion.chernarusplus\storage_1\data\dynamic_010.bin"
17:46:38.397 [CE][Storage] ver:25 stamp:447, valid:yes, name:"C:\Program Files (x86)\Steam\steamapps\common\DayZServerAug2\mpmissions\Expansion.chernarusplus\storage_1\data\dynamic_010.001"
17:46:38.397 [CE][Storage] ver:25 stamp:445, valid:yes, name:"C:\Program Files (x86)\Steam\steamapps\common\DayZServerAug2\mpmissions\Expansion.chernarusplus\storage_1\data\dynamic_010.002"
17:46:38.397 [CE][Storage] Restoring file "C:\Program Files (x86)\Steam\steamapps\common\DayZServerAug2\mpmissions\Expansion.chernarusplus\storage_1\data\dynamic_010.001" 1972 items.
17:46:39.105   1972 items loaded. (0 failed)
17:46:39.106 [CE][Storage] ver:25 stamp:446, valid:yes, name:"C:\Program Files (x86)\Steam\steamapps\common\DayZServerAug2\mpmissions\Expansion.chernarusplus\storage_1\data\dynamic_011.bin"
17:46:39.106 [CE][Storage] ver:25 stamp:447, valid:yes, name:"C:\Program Files (x86)\Steam\steamapps\common\DayZServerAug2\mpmissions\Expansion.chernarusplus\storage_1\data\dynamic_011.001"
17:46:39.107 [CE][Storage] ver:25 stamp:445, valid:yes, name:"C:\Program Files (x86)\Steam\steamapps\common\DayZServerAug2\mpmissions\Expansion.chernarusplus\storage_1\data\dynamic_011.002"
17:46:39.107 [CE][Storage] Restoring file "C:\Program Files (x86)\Steam\steamapps\common\DayZServerAug2\mpmissions\Expansion.chernarusplus\storage_1\data\dynamic_011.001" 201 items.
17:46:39.183   201 items loaded. (0 failed)
17:46:39.183 [CE][Storage] ver:26 stamp:446, valid:yes, name:"C:\Program Files (x86)\Steam\steamapps\common\DayZServerAug2\mpmissions\Expansion.chernarusplus\storage_1\data\building.bin"
17:46:39.183 [CE][Storage] ver:26 stamp:434, valid:yes, name:"C:\Program Files (x86)\Steam\steamapps\common\DayZServerAug2\mpmissions\Expansion.chernarusplus\storage_1\data\building.001"
17:46:39.184 [CE][Storage] ver:26 stamp:445, valid:yes, name:"C:\Program Files (x86)\Steam\steamapps\common\DayZServerAug2\mpmissions\Expansion.chernarusplus\storage_1\data\building.002"
17:46:39.184 [CE][Storage] Restoring file "C:\Program Files (x86)\Steam\steamapps\common\DayZServerAug2\mpmissions\Expansion.chernarusplus\storage_1\data\building.bin" 0 items.
17:46:39.184   0 items loaded. (0 failed)
17:46:39.184 [CE][Storage] ver:25 stamp:446, valid:yes, name:"C:\Program Files (x86)\Steam\steamapps\common\DayZServerAug2\mpmissions\Expansion.chernarusplus\storage_1\data\vehicles.bin"
17:46:39.185 [CE][Storage] ver:25 stamp:434, valid:yes, name:"C:\Program Files (x86)\Steam\steamapps\common\DayZServerAug2\mpmissions\Expansion.chernarusplus\storage_1\data\vehicles.001"
17:46:39.185 [CE][Storage] ver:25 stamp:445, valid:yes, name:"C:\Program Files (x86)\Steam\steamapps\common\DayZServerAug2\mpmissions\Expansion.chernarusplus\storage_1\data\vehicles.002"
17:46:39.185 [CE][Storage] Restoring file "C:\Program Files (x86)\Steam\steamapps\common\DayZServerAug2\mpmissions\Expansion.chernarusplus\storage_1\data\vehicles.bin" 289 items.
17:46:39.941   289 items loaded. (0 failed)
17:46:39.973 [CE][Hive] :: Storage load took:9.27 seconds, recovery stamp:447
17:46:39.973   entity: 26009, building: 0
17:46:39.973   no lifetime: 75
17:46:39.973   pathgraph's: 613
17:46:39.974 [CE][Hive] :: Initializing ... 
17:46:40.18 [CE][InitializeMap] :: initialized: 0
17:46:40.18 [CE][Hive] :: Initializing spawners ... 
17:46:40.764 [CE][LootRespawner] (PRIDummy) :: Initially (re)spawned:0, Nominal:30379, Total in Map: 24076 at 0 (sec)
17:46:40.764   tests:0, repeats:0 fails:0, overtime:0
17:46:40.767 [CE][DynEvent] :: 58 types
17:46:40.767 [00] AmbientHen
17:46:40.767   Primary Spawner: "Ambient", active: yes, repeat: 1
17:46:40.767 [01] AnimalBear
17:46:40.767   Primary Spawner: "Animal", active: yes, repeat: 1
17:46:40.767 [02] AnimalCow
17:46:40.767   Primary Spawner: "Animal", active: yes, repeat: 1
17:46:40.767 [03] AnimalDeer
17:46:40.767   Primary Spawner: "Animal", active: yes, repeat: 1
17:46:40.767 [04] AnimalGoat
17:46:40.767   Primary Spawner: "Animal", active: yes, repeat: 1
17:46:40.767 [05] AnimalPig
17:46:40.767   Primary Spawner: "Animal", active: yes, repeat: 1
17:46:40.767 [06] AnimalRoeDeer
17:46:40.767   Primary Spawner: "Animal", active: yes, repeat: 1
17:46:40.767 [07] AnimalSheep
17:46:40.767   Primary Spawner: "Animal", active: yes, repeat: 1
17:46:40.767 [08] AnimalWildBoar
17:46:40.767   Primary Spawner: "Animal", active: yes, repeat: 1
17:46:40.767 [09] AnimalWolf
17:46:40.767   Primary Spawner: "Animal", active: yes, repeat: 1
17:46:40.767 [10] InfectedArmy
17:46:40.767   Primary Spawner: "Infected", active: yes, repeat: 1
17:46:40.767 [11] InfectedArmyHard
17:46:40.767   Primary Spawner: "Infected", active: yes, repeat: 1
17:46:40.767 [12] InfectedCity
17:46:40.767   Primary Spawner: "Infected", active: yes, repeat: 1
17:46:40.767 [13] InfectedCityTier1
17:46:40.767   Primary Spawner: "Infected", active: yes, repeat: 1
17:46:40.767 [14] InfectedFirefighter
17:46:40.767   Primary Spawner: "Infected", active: yes, repeat: 1
17:46:40.767 [15] InfectedIndustrial
17:46:40.767   Primary Spawner: "Infected", active: yes, repeat: 1
17:46:40.767 [16] InfectedMedic
17:46:40.767   Primary Spawner: "Infected", active: yes, repeat: 1
17:46:40.767 [17] InfectedNBC
17:46:40.767   Primary Spawner: "Infected", active: yes, repeat: 1
17:46:40.767 [18] InfectedNBCYellow
17:46:40.767   Primary Spawner: "Infected", active: yes, repeat: 1
17:46:40.767 [19] InfectedPolice
17:46:40.767   Primary Spawner: "Infected", active: yes, repeat: 1
17:46:40.767 [20] InfectedPoliceHard
17:46:40.767   Primary Spawner: "Infected", active: yes, repeat: 1
17:46:40.767 [21] InfectedPrisoner
17:46:40.767   Primary Spawner: "Infected", active: yes, repeat: 1
17:46:40.767 [22] InfectedReligious
17:46:40.767   Primary Spawner: "Infected", active: yes, repeat: 1
17:46:40.767 [23] InfectedSanta
17:46:40.767   Primary Spawner: "Infected", active: yes, repeat: 1
17:46:40.767 [24] InfectedSolitude
17:46:40.767   Primary Spawner: "Infected", active: yes, repeat: 1
17:46:40.767 [25] InfectedVillage
17:46:40.768   Primary Spawner: "Infected", active: yes, repeat: 1
17:46:40.768 [26] InfectedVillageTier1
17:46:40.768   Primary Spawner: "Infected", active: yes, repeat: 1
17:46:40.768 [27] ItemPlanks
17:46:40.768   Primary Spawner: "Item", active: yes, repeat: 1
17:46:40.768 [28] Loot
17:46:40.768   Primary Spawner: "Loot", active: yes, repeat: 2
17:46:40.768 [29] StaticContaminatedArea
17:46:40.768   Primary Spawner: "Static", active: yes, repeat: 1
17:46:40.768 [30] StaticHeliCrash
17:46:40.768   Primary Spawner: "Static", active: yes, repeat: 1
17:46:40.768   Secondary Spawner: "Infected", active: yes, repeat: 1
17:46:40.768 [31] StaticMilitaryConvoy
17:46:40.768   Primary Spawner: "Static", active: yes, repeat: 1
17:46:40.768   Secondary Spawner: "Infected", active: yes, repeat: 1
17:46:40.768 [32] StaticPoliceSituation
17:46:40.768   Primary Spawner: "Static", active: yes, repeat: 1
17:46:40.768   Secondary Spawner: "Infected", active: yes, repeat: 1
17:46:40.768 [33] StaticTrain
17:46:40.768   Primary Spawner: "Static", active: yes, repeat: 1
17:46:40.768   Secondary Spawner: "Infected", active: yes, repeat: 1
17:46:40.768 [34] TrajectoryApple
17:46:40.768   Primary Spawner: "Trajectory", active: yes, repeat: 1
17:46:40.768 [35] TrajectoryConiferous
17:46:40.768   Primary Spawner: "Trajectory", active: yes, repeat: 1
17:46:40.768 [36] TrajectoryDeciduous
17:46:40.768   Primary Spawner: "Trajectory", active: yes, repeat: 1
17:46:40.768 [37] TrajectoryHumus
17:46:40.768   Primary Spawner: "Trajectory", active: yes, repeat: 1
17:46:40.768 [38] TrajectoryPear
17:46:40.768   Primary Spawner: "Trajectory", active: yes, repeat: 1
17:46:40.768 [39] TrajectoryPlum
17:46:40.768   Primary Spawner: "Trajectory", active: yes, repeat: 1
17:46:40.768 [40] TrajectoryStones
17:46:40.768   Primary Spawner: "Trajectory", active: yes, repeat: 1
17:46:40.768 [41] VehicleCivilianSedan
17:46:40.768   Primary Spawner: "Vehicle", active: yes, repeat: 1
17:46:40.768 [42] VehicleHatchback02
17:46:40.768   Primary Spawner: "Vehicle", active: yes, repeat: 1
17:46:40.768 [43] VehicleOffroad02
17:46:40.768   Primary Spawner: "Vehicle", active: yes, repeat: 1
17:46:40.768 [44] VehicleOffroadHatchback
17:46:40.768   Primary Spawner: "Vehicle", active: yes, repeat: 1
17:46:40.768 [45] VehicleSedan02
17:46:40.768   Primary Spawner: "Vehicle", active: yes, repeat: 1
17:46:40.768 [46] VehicleTruck01
17:46:40.768   Primary Spawner: "Vehicle", active: yes, repeat: 1
17:46:40.768 [47] VehicleUAZ
17:46:40.768   Primary Spawner: "Vehicle", active: yes, repeat: 1
17:46:40.768 [48] VehicleVodnik
17:46:40.768   Primary Spawner: "Vehicle", active: yes, repeat: 1
17:46:40.768 [49] VehicleBus
17:46:40.768   Primary Spawner: "Vehicle", active: yes, repeat: 1
17:46:40.768 [50] VehicleTractor
17:46:40.768   Primary Spawner: "Vehicle", active: yes, repeat: 1
17:46:40.768 [51] VehicleLandRover
17:46:40.768   Primary Spawner: "Vehicle", active: yes, repeat: 1
17:46:40.768 [52] VehicleMH6Helicopter
17:46:40.768   Primary Spawner: "Vehicle", active: yes, repeat: 1
17:46:40.768 [53] VehicleMerlinHelicopter
17:46:40.768   Primary Spawner: "Vehicle", active: yes, repeat: 1
17:46:40.768 [54] VehicleUh1hHelicopter
17:46:40.768   Primary Spawner: "Vehicle", active: yes, repeat: 1
17:46:40.768 [55] VehicleUtilityBoat
17:46:40.768   Primary Spawner: "Vehicle", active: yes, repeat: 1
17:46:40.768 [56] VehicleZodiacBoat
17:46:40.768   Primary Spawner: "Vehicle", active: yes, repeat: 1
17:46:40.768 [57] VehicleGyroHelicopter
17:46:40.768   Primary Spawner: "Vehicle", active: yes, repeat: 1
17:46:40.768 [CE][Hive] :: Initializing of spawners done.
17:46:40.777 [CE][Hive] :: Init sequence finished.
17:46:40.777 Player connect enabled
17:46:42.391 [IdleMode] Entering IN - save processed
17:47:30.584 [Login]: Adding player Blorpus9000 (21104000) to login queue at position 0
17:47:30.584 [LoginMachine]: Add player Blorpus9000 (21104000 192.168.1.133:2316)
17:47:30.584 [StateMachine]: Player Blorpus9000 (dpnid 21104000 uid ) Entering AuthPlayerLoginState
17:47:32.881 [StateMachine]: Player Blorpus9000 (dpnid 21104000 uid ) Entering WaitAuthPlayerLoginState
17:47:33.78 [IdleMode] Leaving OUT
17:47:35.214 Player Blorpus9000 connected (id=3I2KPiMwtNrbRzLe964-q3OrI2Ligr9LBcsFxmVIl3Q=).
17:47:35.214 Player "Blorpus9000" is connected (steamID=76561198081075225)
17:47:35.214 [StateMachine]: Player Blorpus9000 (dpnid 21104000 uid ) Entering WaitPlayerAssignedLoginState
17:47:35.678 [StateMachine]: Player Blorpus9000 (dpnid 21104000 uid 3I2KPiMwtNrbRzLe964-q3OrI2Ligr9LBcsFxmVIl3Q=) Entering DBGetLoginTimeLoginState
17:47:35.679 [StateMachine]: Player Blorpus9000 (dpnid 21104000 uid 3I2KPiMwtNrbRzLe964-q3OrI2Ligr9LBcsFxmVIl3Q=) Entering DBWaitLoginTimeLoginState
17:47:38.679 [StateMachine]: Player Blorpus9000 (dpnid 21104000 uid 3I2KPiMwtNrbRzLe964-q3OrI2Ligr9LBcsFxmVIl3Q=) Entering DBGetCharacterLoginState
17:47:38.680 [StateMachine]: Player Blorpus9000 (dpnid 21104000 uid 3I2KPiMwtNrbRzLe964-q3OrI2Ligr9LBcsFxmVIl3Q=) Entering CreateNetObjectsLoginState
17:47:38.684 [StateMachine]: Player Blorpus9000 (dpnid 21104000 uid 3I2KPiMwtNrbRzLe964-q3OrI2Ligr9LBcsFxmVIl3Q=) Entering PreloadCamLoginState
17:47:38.685 [StateMachine]: Player Blorpus9000 (dpnid 21104000 uid 3I2KPiMwtNrbRzLe964-q3OrI2Ligr9LBcsFxmVIl3Q=) Entering WaitPreloadCamLoginState
17:47:50.451 [StateMachine]: Player Blorpus9000 (dpnid 21104000 uid 3I2KPiMwtNrbRzLe964-q3OrI2Ligr9LBcsFxmVIl3Q=) Entering GetLoadedCharLoginState