

=====================================================================
== C:\Program Files (x86)\Steam\steamapps\common\DayZServerAug2\DayZServer_x64.exe
== "DayZServer_x64.exe" -config=serverDZ.cfg -mod=@CF;@CommunityOnlineTools;@DabsFramework;@DayZ-Expansion-Animations;@DayZ-Expansion-Bundle;@DayZ-Expansion-Licensed;@PvZmoD_CustomisableZombies "-serverMod=_@DayZ-Dynamic-AI-Addon" -port=2302 -profiles=config -cpuCount=4 -adminlog -netlog -freezecheck 
=====================================================================
Exe timestamp: 2023/07/27 17:06:07
Current time:  2023/08/11 18:52:02

Version 1.21.156300
18:52:02.129 [Inputs] Loading inputs default "bin/constants.xml"
18:52:02.131 [Inputs] Loading inputs default "bin/specific.xml"
18:52:02.131 [Inputs] Loading inputs default "JM/COT/Scripts/Data/Inputs.xml"
18:52:02.131 !!! [Inputs] Cannot Register "UAObjectModuleDeleteOnCursor" non-existent input - Fix Preset!
18:52:02.131 [Inputs] Loading inputs default "LIVEN/PvZmoD_CustomisableZombies/inputs.xml"
18:52:02.131 [Inputs] Loading inputs default "DayZExpansion/Groups/Scripts/Data/Inputs.xml"
18:52:02.132 [Inputs] Loading inputs default "DayZExpansion/Navigation/Scripts/Data/Inputs.xml"
18:52:02.132 !!! [Inputs] Attempt to register duplicate exclusion group "chatexpansion"
18:52:02.132 [Inputs] Loading inputs default "DayZExpansion/PlayerList/Scripts/Data/Inputs.xml"
18:52:02.132 !!! [Inputs] Attempt to register duplicate exclusion group "chatexpansion"
18:52:02.132 [Inputs] Loading inputs default "DayZExpansion/Scripts/Data/Inputs.xml"
18:52:02.132 !!! [Inputs] Attempt to register duplicate exclusion group "chatexpansion"
18:52:02.132 [Inputs] Loading inputs default "DayZExpansion/Vehicles/Scripts/Data/Inputs.xml"
18:52:02.133 [Inputs] Loading inputs default "DayZExpansion/AI/Scripts/inputs.xml"
18:52:02.133 [Inputs] Loading inputs default "DayZExpansion/BaseBuilding/Scripts/Data/Inputs.xml"
18:52:02.133 !!! [Inputs] Attempt to register duplicate exclusion group "chatexpansion"
18:52:02.133 [Inputs] Loading inputs default "DayZExpansion/Book/Scripts/Data/Inputs.xml"
18:52:02.133 !!! [Inputs] Attempt to register duplicate exclusion group "chatexpansion"
18:52:02.134 [Inputs] Loading inputs default "DayZExpansion/Chat/Scripts/Data/Inputs.xml"
18:52:02.134 !!! [Inputs] Attempt to register duplicate exclusion group "chatexpansion"
18:52:02.134 [Inputs] Loading inputs default "DayZExpansion/Quests/Scripts/Data/Inputs.xml"
18:52:02.134 [Inputs] Loading inputs cfg "config\Users\Survivor\Server.core.xml"
18:52:02.134 !!! [Inputs] Cannot read inputs cfg "config\Users\Survivor\Server.core.xml", parser error
18:52:02.134 [Inputs] Loading inputs cfg "bin/core.xml"
18:52:02.134 !!! [Inputs] Cannot load input preset "#STR_USER", file does not exist
18:52:02.135 [Inputs] Exporting inputs cfg "config\Users\Survivor\Server.core.xml"
18:52:26.22 [CE][Hive] :: Initializing OFFLINE
18:52:26.22 [StorageDirs] :: Selected storage directory: C:\Program Files (x86)\Steam\steamapps\common\DayZServerAug2\mpmissions\Expansion.chernarusplus\storage_1\
18:52:26.22 [CE][Hive] :: Loading core data ... 
18:52:26.26 [CE][CoreData] :: 7 root classes, 18 defaults, 0 updaters...
18:52:29.841 [CE] :: WARNING :: Preset map "optics" is EMPTY.
18:52:29.843 [CE][TypeSetup] :: 505 classes setuped...
18:52:29.851 [CE] :: WARNING :: Preset map "optics" is EMPTY.
18:52:29.852 [CE][TypeSetup] :: 97 classes setuped...
18:52:30.802 [CE][RegisterBind] :: 0 classes binded...
18:52:30.802 [CE][RegisterConfig] :: 11252 config classes registered, 0 sub-counters...
18:52:30.802 [CE][Hive] :: Loading map data ... 
18:52:30.807 [CE][IgnoreList] "cfgignorelist.xml" :: loaded 19 types
18:52:30.867 !!! [CE] :: Unknown category: 'vehicleparts'.
18:52:30.868 !!! [CE] :: Unknown category: 'vehicleparts'.
18:52:30.868 !!! [CE] :: Unknown category: 'vehicleparts'.
18:52:30.868 !!! [CE] :: Unknown category: 'vehicleparts'.
18:52:30.869 !!! [CE] :: Unknown category: 'vehicleparts'.
18:52:30.869 !!! [CE] :: Unknown category: 'vehicleparts'.
18:52:30.869 !!! [CE] :: Unknown category: 'vehicleparts'.
18:52:30.870 !!! [CE] :: Unknown category: 'vehicleparts'.
18:52:30.870 !!! [CE] :: Unknown category: 'vehicleparts'.
18:52:30.870 !!! [CE] :: Unknown category: 'vehicleparts'.
18:52:30.871 !!! [CE] :: Unknown category: 'vehicleparts'.
18:52:30.871 !!! [CE] :: Unknown category: 'vehicleparts'.
18:52:30.872 !!! [CE] :: Unknown category: 'vehicleparts'.
18:52:30.872 !!! [CE] :: Unknown category: 'vehicleparts'.
18:52:30.872 !!! [CE] :: Unknown category: 'vehicleparts'.
18:52:30.873 !!! [CE] :: Unknown category: 'vehicleparts'.
18:52:30.873 !!! [CE] :: Unknown category: 'vehicleparts'.
18:52:30.874 !!! [CE] :: Unknown category: 'vehicleparts'.
18:52:30.874 !!! [CE] :: Unknown category: 'vehicleparts'.
18:52:30.875 !!! [CE] :: Unknown category: 'vehicleparts'.
18:52:30.875 !!! [CE] :: Unknown category: 'vehicleparts'.
18:52:30.875 !!! [CE] :: Unknown category: 'vehicleparts'.
18:52:30.876 !!! [CE] :: Unknown category: 'vehicleparts'.
18:52:30.876 !!! [CE] :: Unknown category: 'vehicleparts'.
18:52:30.877 !!! [CE] :: Unknown category: 'vehicleparts'.
18:52:30.878 !!! [CE] :: Unknown category: 'vehicleparts'.
18:52:30.878 !!! [CE] :: Unknown category: 'vehicleparts'.
18:52:30.878 !!! [CE] :: Unknown category: 'vehicleparts'.
18:52:30.879 !!! [CE] :: Unknown category: 'vehicleparts'.
18:52:30.880 !!! [CE] :: Unknown category: 'vehicleparts'.
18:52:30.880 !!! [CE] :: Unknown category: 'vehicleparts'.
18:52:30.881 !!! [CE] :: Unknown category: 'vehicleparts'.
18:52:30.881 !!! [CE] :: Unknown category: 'vehicleparts'.
18:52:30.882 !!! [CE] :: Unknown category: 'vehicleparts'.
18:52:30.882 !!! [CE] :: Unknown category: 'vehicleparts'.
18:52:30.882 !!! [CE] :: Unknown category: 'vehicleparts'.
18:52:30.883 !!! [CE] :: Unknown category: 'vehicleparts'.
18:52:30.883 !!! [CE] :: Unknown category: 'vehicleparts'.
18:52:30.884 !!! [CE] :: Unknown category: 'vehicleparts'.
18:52:30.884 !!! [CE] :: Unknown category: 'vehicleparts'.
18:52:30.885 !!! [CE] :: Unknown category: 'vehicleparts'.
18:52:30.885 !!! [CE] :: Unknown category: 'vehicleparts'.
18:52:30.885 !!! [CE] :: Unknown category: 'vehicleparts'.
18:52:30.886 !!! [CE] :: Unknown category: 'vehicleparts'.
18:52:30.886 !!! [CE] :: Unknown category: 'vehicleparts'.
18:52:30.887 !!! [CE] :: Unknown category: 'vehicleparts'.
18:52:30.887 !!! [CE] :: Unknown category: 'vehicleparts'.
18:52:30.888 !!! [CE] :: Unknown category: 'vehicleparts'.
18:52:30.888 !!! [CE] :: Unknown category: 'vehicleparts'.
18:52:30.888 !!! [CE] :: Unknown category: 'vehicleparts'.
18:52:30.889 !!! [CE] :: Unknown category: 'vehicleparts'.
18:52:30.889 !!! [CE] :: Unknown category: 'vehicleparts'.
18:52:30.890 [CE][LoadPrototype] :: loaded 413 prototypes
18:52:30.890   799 containers, 10078 points
18:52:30.890   66 dispatches, 239 proxies
18:52:30.891 !!! [CE][LoadPrototype] 5 groups have no points...
18:52:30.891 [CE][LoadPrototype] :: last group name: Land_Wreck_sed02_aban2_red_DE...
18:52:30.898 [CE][LoadPrototype] :: loaded 0 prototypes
18:52:30.898   55 containers, 232 points
18:52:30.899   0 dispatches, 0 proxies
18:52:30.899 [CE][LoadPrototype] :: last group name: Rail9...
18:52:31.746 [CE][LoadMap] "Group" :: loaded 11709 groups, groups failed: 0, largest group range: 34.2
18:52:31.751 [CE][LoadMap] "Dirt" :: loaded 0 groups, groups failed: 0, largest group range: 34.2
18:52:32.13 [CE][Links] found 1908 total links between groups, of 11709
18:52:32.13 [CE][LoadClusters] "Cluster" :: Loading files...
18:52:32.220 [CE][LoadClusters] :: file: "mapgroupcluster.xml", 9 types, 50000 instances
18:52:32.392 [CE][LoadClusters] :: file: "mapgroupcluster01", 9 types, 50000 instances
18:52:32.563 [CE][LoadClusters] :: file: "mapgroupcluster02", 9 types, 50000 instances
18:52:32.732 [CE][LoadClusters] :: file: "mapgroupcluster03", 9 types, 50000 instances
18:52:32.796 [CE][LoadClusters] :: file: "mapgroupcluster04", 9 types, 17347 instances
18:52:32.802 [CE][Storage] ver:21 stamp:15, valid:yes, name:"C:\Program Files (x86)\Steam\steamapps\common\DayZServerAug2\mpmissions\Expansion.chernarusplus\storage_1\data\types.bin"
18:52:32.806 [CE][Storage] ver:21 stamp:16, valid:yes, name:"C:\Program Files (x86)\Steam\steamapps\common\DayZServerAug2\mpmissions\Expansion.chernarusplus\storage_1\data\types.001"
18:52:32.806 [CE][Storage] ver:0 stamp:0, valid:NO, name:"C:\Program Files (x86)\Steam\steamapps\common\DayZServerAug2\mpmissions\Expansion.chernarusplus\storage_1\data\types.002"
18:52:32.806 [CE][Storage] Restoring file "C:\Program Files (x86)\Steam\steamapps\common\DayZServerAug2\mpmissions\Expansion.chernarusplus\storage_1\data\types.001".
18:52:32.905 !!! [CE][offlineDB] :: No Shutdown message present.
18:52:32.913 [CE][offlineDB] :: Loaded 47 dynamic events 225 total types.
18:52:32.917 !!! [CE][DE] (VehicleTruck01) :: Unable to create child (Truck_01_Covered_Grey) as the type does not exist.
18:52:32.917 [CE][offlineDB] :: Loaded 58 dynamic events 289 total types.
18:52:32.943 !!! [CE][offlineDB] :: Type 'ChristmasTree' will be ignored. (Not spawnable. (Scope is not public?))
18:52:32.954 !!! [CE][offlineDB] :: Type 'Expansion_M79' will be ignored. (Not spawnable. (Scope is not public?))
18:52:32.954 !!! [CE][offlineDB] :: Type 'ExpansionFlaregun' will be ignored. (Not spawnable. (Scope is not public?))
18:52:32.954 !!! [CE][offlineDB] :: Type 'Expansion_Longhorn' will be ignored. (Not spawnable. (Scope is not public?))
18:52:33.69 !!! [CE][DE][SPAWNS] :: [WARNING] :: Skipping entry for non-existing event 'VehicleTransitBus'.
18:52:33.69 [CE][DE][SPAWNS] :: Total positions: 987
18:52:33.69 [CE][DE][GROUPS] :: Total eventgroups defined: 83, Eventgroups in use: 83
18:52:33.73 [CE][Storage] ver:21 stamp:15, valid:yes, name:"C:\Program Files (x86)\Steam\steamapps\common\DayZServerAug2\mpmissions\Expansion.chernarusplus\storage_1\data\events.bin"
18:52:33.73 [CE][Storage] ver:21 stamp:16, valid:yes, name:"C:\Program Files (x86)\Steam\steamapps\common\DayZServerAug2\mpmissions\Expansion.chernarusplus\storage_1\data\events.001"
18:52:33.73 [CE][Storage] ver:0 stamp:0, valid:NO, name:"C:\Program Files (x86)\Steam\steamapps\common\DayZServerAug2\mpmissions\Expansion.chernarusplus\storage_1\data\events.002"
18:52:33.74 [CE][Storage] Restoring file "C:\Program Files (x86)\Steam\steamapps\common\DayZServerAug2\mpmissions\Expansion.chernarusplus\storage_1\data\events.001".
18:52:33.74 [CE][DynamicEvent] Load  Events:[58] Primary spawners: 58 Secondary spawners: 4
18:52:33.77 [CE][Storage] ver:25 stamp:15, valid:yes, name:"C:\Program Files (x86)\Steam\steamapps\common\DayZServerAug2\mpmissions\Expansion.chernarusplus\storage_1\data\dynamic_000.bin"
18:52:33.81 [CE][Storage] ver:25 stamp:16, valid:yes, name:"C:\Program Files (x86)\Steam\steamapps\common\DayZServerAug2\mpmissions\Expansion.chernarusplus\storage_1\data\dynamic_000.001"
18:52:33.81 [CE][Storage] ver:0 stamp:0, valid:NO, name:"C:\Program Files (x86)\Steam\steamapps\common\DayZServerAug2\mpmissions\Expansion.chernarusplus\storage_1\data\dynamic_000.002"
18:52:33.81 [CE][Storage] Restoring file "C:\Program Files (x86)\Steam\steamapps\common\DayZServerAug2\mpmissions\Expansion.chernarusplus\storage_1\data\dynamic_000.001" 1005 items.
18:52:33.540   1005 items loaded. (0 failed)
18:52:33.546 [CE][Storage] ver:25 stamp:15, valid:yes, name:"C:\Program Files (x86)\Steam\steamapps\common\DayZServerAug2\mpmissions\Expansion.chernarusplus\storage_1\data\dynamic_001.bin"
18:52:33.549 [CE][Storage] ver:25 stamp:16, valid:yes, name:"C:\Program Files (x86)\Steam\steamapps\common\DayZServerAug2\mpmissions\Expansion.chernarusplus\storage_1\data\dynamic_001.001"
18:52:33.549 [CE][Storage] ver:0 stamp:0, valid:NO, name:"C:\Program Files (x86)\Steam\steamapps\common\DayZServerAug2\mpmissions\Expansion.chernarusplus\storage_1\data\dynamic_001.002"
18:52:33.549 [CE][Storage] Restoring file "C:\Program Files (x86)\Steam\steamapps\common\DayZServerAug2\mpmissions\Expansion.chernarusplus\storage_1\data\dynamic_001.001" 1934 items.
18:52:34.339   1934 items loaded. (0 failed)
18:52:34.343 [CE][Storage] ver:25 stamp:15, valid:yes, name:"C:\Program Files (x86)\Steam\steamapps\common\DayZServerAug2\mpmissions\Expansion.chernarusplus\storage_1\data\dynamic_002.bin"
18:52:34.347 [CE][Storage] ver:25 stamp:16, valid:yes, name:"C:\Program Files (x86)\Steam\steamapps\common\DayZServerAug2\mpmissions\Expansion.chernarusplus\storage_1\data\dynamic_002.001"
18:52:34.347 [CE][Storage] ver:0 stamp:0, valid:NO, name:"C:\Program Files (x86)\Steam\steamapps\common\DayZServerAug2\mpmissions\Expansion.chernarusplus\storage_1\data\dynamic_002.002"
18:52:34.347 [CE][Storage] Restoring file "C:\Program Files (x86)\Steam\steamapps\common\DayZServerAug2\mpmissions\Expansion.chernarusplus\storage_1\data\dynamic_002.001" 2794 items.
18:52:35.327   2794 items loaded. (0 failed)
18:52:35.332 [CE][Storage] ver:25 stamp:15, valid:yes, name:"C:\Program Files (x86)\Steam\steamapps\common\DayZServerAug2\mpmissions\Expansion.chernarusplus\storage_1\data\dynamic_003.bin"
18:52:35.335 [CE][Storage] ver:25 stamp:16, valid:yes, name:"C:\Program Files (x86)\Steam\steamapps\common\DayZServerAug2\mpmissions\Expansion.chernarusplus\storage_1\data\dynamic_003.001"
18:52:35.335 [CE][Storage] ver:0 stamp:0, valid:NO, name:"C:\Program Files (x86)\Steam\steamapps\common\DayZServerAug2\mpmissions\Expansion.chernarusplus\storage_1\data\dynamic_003.002"
18:52:35.336 [CE][Storage] Restoring file "C:\Program Files (x86)\Steam\steamapps\common\DayZServerAug2\mpmissions\Expansion.chernarusplus\storage_1\data\dynamic_003.001" 2533 items.
18:52:36.330   2533 items loaded. (0 failed)
18:52:36.335 [CE][Storage] ver:25 stamp:15, valid:yes, name:"C:\Program Files (x86)\Steam\steamapps\common\DayZServerAug2\mpmissions\Expansion.chernarusplus\storage_1\data\dynamic_004.bin"
18:52:36.339 [CE][Storage] ver:25 stamp:16, valid:yes, name:"C:\Program Files (x86)\Steam\steamapps\common\DayZServerAug2\mpmissions\Expansion.chernarusplus\storage_1\data\dynamic_004.001"
18:52:36.339 [CE][Storage] ver:0 stamp:0, valid:NO, name:"C:\Program Files (x86)\Steam\steamapps\common\DayZServerAug2\mpmissions\Expansion.chernarusplus\storage_1\data\dynamic_004.002"
18:52:36.339 [CE][Storage] Restoring file "C:\Program Files (x86)\Steam\steamapps\common\DayZServerAug2\mpmissions\Expansion.chernarusplus\storage_1\data\dynamic_004.001" 2093 items.
18:52:37.112   2093 items loaded. (0 failed)
18:52:37.117 [CE][Storage] ver:25 stamp:15, valid:yes, name:"C:\Program Files (x86)\Steam\steamapps\common\DayZServerAug2\mpmissions\Expansion.chernarusplus\storage_1\data\dynamic_005.bin"
18:52:37.121 [CE][Storage] ver:25 stamp:16, valid:yes, name:"C:\Program Files (x86)\Steam\steamapps\common\DayZServerAug2\mpmissions\Expansion.chernarusplus\storage_1\data\dynamic_005.001"
18:52:37.121 [CE][Storage] ver:0 stamp:0, valid:NO, name:"C:\Program Files (x86)\Steam\steamapps\common\DayZServerAug2\mpmissions\Expansion.chernarusplus\storage_1\data\dynamic_005.002"
18:52:37.121 [CE][Storage] Restoring file "C:\Program Files (x86)\Steam\steamapps\common\DayZServerAug2\mpmissions\Expansion.chernarusplus\storage_1\data\dynamic_005.001" 2366 items.
18:52:37.966   2366 items loaded. (0 failed)
18:52:37.971 [CE][Storage] ver:25 stamp:15, valid:yes, name:"C:\Program Files (x86)\Steam\steamapps\common\DayZServerAug2\mpmissions\Expansion.chernarusplus\storage_1\data\dynamic_006.bin"
18:52:37.976 [CE][Storage] ver:25 stamp:16, valid:yes, name:"C:\Program Files (x86)\Steam\steamapps\common\DayZServerAug2\mpmissions\Expansion.chernarusplus\storage_1\data\dynamic_006.001"
18:52:37.976 [CE][Storage] ver:0 stamp:0, valid:NO, name:"C:\Program Files (x86)\Steam\steamapps\common\DayZServerAug2\mpmissions\Expansion.chernarusplus\storage_1\data\dynamic_006.002"
18:52:37.977 [CE][Storage] Restoring file "C:\Program Files (x86)\Steam\steamapps\common\DayZServerAug2\mpmissions\Expansion.chernarusplus\storage_1\data\dynamic_006.001" 1686 items.
18:52:38.622   1686 items loaded. (0 failed)
18:52:38.628 [CE][Storage] ver:25 stamp:15, valid:yes, name:"C:\Program Files (x86)\Steam\steamapps\common\DayZServerAug2\mpmissions\Expansion.chernarusplus\storage_1\data\dynamic_007.bin"
18:52:38.631 [CE][Storage] ver:25 stamp:16, valid:yes, name:"C:\Program Files (x86)\Steam\steamapps\common\DayZServerAug2\mpmissions\Expansion.chernarusplus\storage_1\data\dynamic_007.001"
18:52:38.631 [CE][Storage] ver:0 stamp:0, valid:NO, name:"C:\Program Files (x86)\Steam\steamapps\common\DayZServerAug2\mpmissions\Expansion.chernarusplus\storage_1\data\dynamic_007.002"
18:52:38.632 [CE][Storage] Restoring file "C:\Program Files (x86)\Steam\steamapps\common\DayZServerAug2\mpmissions\Expansion.chernarusplus\storage_1\data\dynamic_007.001" 1649 items.
18:52:39.244   1649 items loaded. (0 failed)
18:52:39.249 [CE][Storage] ver:25 stamp:15, valid:yes, name:"C:\Program Files (x86)\Steam\steamapps\common\DayZServerAug2\mpmissions\Expansion.chernarusplus\storage_1\data\dynamic_008.bin"
18:52:39.252 [CE][Storage] ver:25 stamp:16, valid:yes, name:"C:\Program Files (x86)\Steam\steamapps\common\DayZServerAug2\mpmissions\Expansion.chernarusplus\storage_1\data\dynamic_008.001"
18:52:39.257 !!! [CE][Storage] Failed to read [Storage] data file "C:\Program Files (x86)\Steam\steamapps\common\DayZServerAug2\mpmissions\Expansion.chernarusplus\storage_1\data\dynamic_008.002".
18:52:39.257   File not closed...
18:52:39.257 [CE][Storage] ver:25 stamp:17, valid:NO, name:"C:\Program Files (x86)\Steam\steamapps\common\DayZServerAug2\mpmissions\Expansion.chernarusplus\storage_1\data\dynamic_008.002"
18:52:39.257 [CE][Storage] Restoring file "C:\Program Files (x86)\Steam\steamapps\common\DayZServerAug2\mpmissions\Expansion.chernarusplus\storage_1\data\dynamic_008.001" 2350 items.
18:52:40.142   2350 items loaded. (0 failed)
18:52:40.147 [CE][Storage] ver:25 stamp:15, valid:yes, name:"C:\Program Files (x86)\Steam\steamapps\common\DayZServerAug2\mpmissions\Expansion.chernarusplus\storage_1\data\dynamic_009.bin"
18:52:40.150 [CE][Storage] ver:25 stamp:16, valid:yes, name:"C:\Program Files (x86)\Steam\steamapps\common\DayZServerAug2\mpmissions\Expansion.chernarusplus\storage_1\data\dynamic_009.001"
18:52:40.154 [CE][Storage] ver:25 stamp:17, valid:yes, name:"C:\Program Files (x86)\Steam\steamapps\common\DayZServerAug2\mpmissions\Expansion.chernarusplus\storage_1\data\dynamic_009.002"
18:52:40.154 [CE][Storage] Restoring file "C:\Program Files (x86)\Steam\steamapps\common\DayZServerAug2\mpmissions\Expansion.chernarusplus\storage_1\data\dynamic_009.002" 2998 items.
18:52:41.250   2998 items loaded. (0 failed)
18:52:41.255 [CE][Storage] ver:25 stamp:15, valid:yes, name:"C:\Program Files (x86)\Steam\steamapps\common\DayZServerAug2\mpmissions\Expansion.chernarusplus\storage_1\data\dynamic_010.bin"
18:52:41.258 [CE][Storage] ver:25 stamp:16, valid:yes, name:"C:\Program Files (x86)\Steam\steamapps\common\DayZServerAug2\mpmissions\Expansion.chernarusplus\storage_1\data\dynamic_010.001"
18:52:41.261 [CE][Storage] ver:25 stamp:17, valid:yes, name:"C:\Program Files (x86)\Steam\steamapps\common\DayZServerAug2\mpmissions\Expansion.chernarusplus\storage_1\data\dynamic_010.002"
18:52:41.261 [CE][Storage] Restoring file "C:\Program Files (x86)\Steam\steamapps\common\DayZServerAug2\mpmissions\Expansion.chernarusplus\storage_1\data\dynamic_010.002" 1995 items.
18:52:42.33   1995 items loaded. (0 failed)
18:52:42.38 [CE][Storage] ver:25 stamp:15, valid:yes, name:"C:\Program Files (x86)\Steam\steamapps\common\DayZServerAug2\mpmissions\Expansion.chernarusplus\storage_1\data\dynamic_011.bin"
18:52:42.41 [CE][Storage] ver:25 stamp:16, valid:yes, name:"C:\Program Files (x86)\Steam\steamapps\common\DayZServerAug2\mpmissions\Expansion.chernarusplus\storage_1\data\dynamic_011.001"
18:52:42.45 [CE][Storage] ver:25 stamp:17, valid:yes, name:"C:\Program Files (x86)\Steam\steamapps\common\DayZServerAug2\mpmissions\Expansion.chernarusplus\storage_1\data\dynamic_011.002"
18:52:42.45 [CE][Storage] Restoring file "C:\Program Files (x86)\Steam\steamapps\common\DayZServerAug2\mpmissions\Expansion.chernarusplus\storage_1\data\dynamic_011.002" 192 items.
18:52:42.121   192 items loaded. (0 failed)
18:52:42.123 [CE][Storage] ver:26 stamp:15, valid:yes, name:"C:\Program Files (x86)\Steam\steamapps\common\DayZServerAug2\mpmissions\Expansion.chernarusplus\storage_1\data\building.bin"
18:52:42.126 [CE][Storage] ver:26 stamp:16, valid:yes, name:"C:\Program Files (x86)\Steam\steamapps\common\DayZServerAug2\mpmissions\Expansion.chernarusplus\storage_1\data\building.001"
18:52:42.126 [CE][Storage] ver:0 stamp:0, valid:NO, name:"C:\Program Files (x86)\Steam\steamapps\common\DayZServerAug2\mpmissions\Expansion.chernarusplus\storage_1\data\building.002"
18:52:42.126 [CE][Storage] Restoring file "C:\Program Files (x86)\Steam\steamapps\common\DayZServerAug2\mpmissions\Expansion.chernarusplus\storage_1\data\building.001" 0 items.
18:52:42.126   0 items loaded. (0 failed)
18:52:42.131 [CE][Storage] ver:25 stamp:15, valid:yes, name:"C:\Program Files (x86)\Steam\steamapps\common\DayZServerAug2\mpmissions\Expansion.chernarusplus\storage_1\data\vehicles.bin"
18:52:42.134 [CE][Storage] ver:25 stamp:16, valid:yes, name:"C:\Program Files (x86)\Steam\steamapps\common\DayZServerAug2\mpmissions\Expansion.chernarusplus\storage_1\data\vehicles.001"
18:52:42.134 [CE][Storage] ver:0 stamp:0, valid:NO, name:"C:\Program Files (x86)\Steam\steamapps\common\DayZServerAug2\mpmissions\Expansion.chernarusplus\storage_1\data\vehicles.002"
18:52:42.134 [CE][Storage] Restoring file "C:\Program Files (x86)\Steam\steamapps\common\DayZServerAug2\mpmissions\Expansion.chernarusplus\storage_1\data\vehicles.001" 290 items.
18:52:43.84   290 items loaded. (0 failed)
18:52:43.131 [CE][Hive] :: Storage load took:10.05 seconds, recovery stamp:17
18:52:43.131   entity: 25673, building: 0
18:52:43.131   no lifetime: 113
18:52:43.131   pathgraph's: 611
18:52:43.132 [CE][Hive] :: Initializing ... 
18:52:43.182 [CE][InitializeMap] :: initialized: 0
18:52:43.182 [CE][Hive] :: Initializing spawners ... 
18:52:44.309 [CE][LootRespawner] (PRIDummy) :: Initially (re)spawned:0, Nominal:23636, Total in Map: 23819 at 0 (sec)
18:52:44.309   tests:0, repeats:0 fails:0, overtime:0
18:52:44.314 [CE][DynEvent] :: 58 types
18:52:44.314 [00] AmbientHen
18:52:44.314   Primary Spawner: "Ambient", active: yes, repeat: 1
18:52:44.314 [01] AnimalBear
18:52:44.314   Primary Spawner: "Animal", active: yes, repeat: 1
18:52:44.314 [02] AnimalCow
18:52:44.314   Primary Spawner: "Animal", active: yes, repeat: 1
18:52:44.314 [03] AnimalDeer
18:52:44.314   Primary Spawner: "Animal", active: yes, repeat: 1
18:52:44.314 [04] AnimalGoat
18:52:44.314   Primary Spawner: "Animal", active: yes, repeat: 1
18:52:44.314 [05] AnimalPig
18:52:44.314   Primary Spawner: "Animal", active: yes, repeat: 1
18:52:44.314 [06] AnimalRoeDeer
18:52:44.314   Primary Spawner: "Animal", active: yes, repeat: 1
18:52:44.314 [07] AnimalSheep
18:52:44.314   Primary Spawner: "Animal", active: yes, repeat: 1
18:52:44.314 [08] AnimalWildBoar
18:52:44.314   Primary Spawner: "Animal", active: yes, repeat: 1
18:52:44.314 [09] AnimalWolf
18:52:44.314   Primary Spawner: "Animal", active: yes, repeat: 1
18:52:44.314 [10] InfectedArmy
18:52:44.314   Primary Spawner: "Infected", active: yes, repeat: 1
18:52:44.314 [11] InfectedArmyHard
18:52:44.314   Primary Spawner: "Infected", active: yes, repeat: 1
18:52:44.314 [12] InfectedCity
18:52:44.314   Primary Spawner: "Infected", active: yes, repeat: 1
18:52:44.314 [13] InfectedCityTier1
18:52:44.314   Primary Spawner: "Infected", active: yes, repeat: 1
18:52:44.314 [14] InfectedFirefighter
18:52:44.314   Primary Spawner: "Infected", active: yes, repeat: 1
18:52:44.314 [15] InfectedIndustrial
18:52:44.314   Primary Spawner: "Infected", active: yes, repeat: 1
18:52:44.314 [16] InfectedMedic
18:52:44.314   Primary Spawner: "Infected", active: yes, repeat: 1
18:52:44.315 [17] InfectedNBC
18:52:44.315   Primary Spawner: "Infected", active: yes, repeat: 1
18:52:44.315 [18] InfectedNBCYellow
18:52:44.315   Primary Spawner: "Infected", active: yes, repeat: 1
18:52:44.315 [19] InfectedPolice
18:52:44.315   Primary Spawner: "Infected", active: yes, repeat: 1
18:52:44.315 [20] InfectedPoliceHard
18:52:44.315   Primary Spawner: "Infected", active: yes, repeat: 1
18:52:44.315 [21] InfectedPrisoner
18:52:44.315   Primary Spawner: "Infected", active: yes, repeat: 1
18:52:44.315 [22] InfectedReligious
18:52:44.315   Primary Spawner: "Infected", active: yes, repeat: 1
18:52:44.315 [23] InfectedSanta
18:52:44.315   Primary Spawner: "Infected", active: yes, repeat: 1
18:52:44.315 [24] InfectedSolitude
18:52:44.315   Primary Spawner: "Infected", active: yes, repeat: 1
18:52:44.315 [25] InfectedVillage
18:52:44.315   Primary Spawner: "Infected", active: yes, repeat: 1
18:52:44.315 [26] InfectedVillageTier1
18:52:44.315   Primary Spawner: "Infected", active: yes, repeat: 1
18:52:44.315 [27] ItemPlanks
18:52:44.315   Primary Spawner: "Item", active: yes, repeat: 1
18:52:44.315 [28] Loot
18:52:44.315   Primary Spawner: "Loot", active: yes, repeat: 2
18:52:44.315 [29] StaticContaminatedArea
18:52:44.315   Primary Spawner: "Static", active: yes, repeat: 1
18:52:44.315 [30] StaticHeliCrash
18:52:44.315   Primary Spawner: "Static", active: yes, repeat: 1
18:52:44.315   Secondary Spawner: "Infected", active: yes, repeat: 1
18:52:44.315 [31] StaticMilitaryConvoy
18:52:44.315   Primary Spawner: "Static", active: yes, repeat: 1
18:52:44.315   Secondary Spawner: "Infected", active: yes, repeat: 1
18:52:44.315 [32] StaticPoliceSituation
18:52:44.315   Primary Spawner: "Static", active: yes, repeat: 1
18:52:44.315   Secondary Spawner: "Infected", active: yes, repeat: 1
18:52:44.315 [33] StaticTrain
18:52:44.315   Primary Spawner: "Static", active: yes, repeat: 1
18:52:44.315   Secondary Spawner: "Infected", active: yes, repeat: 1
18:52:44.315 [34] TrajectoryApple
18:52:44.315   Primary Spawner: "Trajectory", active: yes, repeat: 1
18:52:44.315 [35] TrajectoryConiferous
18:52:44.315   Primary Spawner: "Trajectory", active: yes, repeat: 1
18:52:44.315 [36] TrajectoryDeciduous
18:52:44.315   Primary Spawner: "Trajectory", active: yes, repeat: 1
18:52:44.315 [37] TrajectoryHumus
18:52:44.315   Primary Spawner: "Trajectory", active: yes, repeat: 1
18:52:44.315 [38] TrajectoryPear
18:52:44.315   Primary Spawner: "Trajectory", active: yes, repeat: 1
18:52:44.315 [39] TrajectoryPlum
18:52:44.315   Primary Spawner: "Trajectory", active: yes, repeat: 1
18:52:44.315 [40] TrajectoryStones
18:52:44.315   Primary Spawner: "Trajectory", active: yes, repeat: 1
18:52:44.315 [41] VehicleCivilianSedan
18:52:44.315   Primary Spawner: "Vehicle", active: yes, repeat: 1
18:52:44.315 [42] VehicleHatchback02
18:52:44.315   Primary Spawner: "Vehicle", active: yes, repeat: 1
18:52:44.315 [43] VehicleOffroad02
18:52:44.315   Primary Spawner: "Vehicle", active: yes, repeat: 1
18:52:44.315 [44] VehicleOffroadHatchback
18:52:44.315   Primary Spawner: "Vehicle", active: yes, repeat: 1
18:52:44.315 [45] VehicleSedan02
18:52:44.315   Primary Spawner: "Vehicle", active: yes, repeat: 1
18:52:44.315 [46] VehicleTruck01
18:52:44.315   Primary Spawner: "Vehicle", active: yes, repeat: 1
18:52:44.315 [47] VehicleUAZ
18:52:44.315   Primary Spawner: "Vehicle", active: yes, repeat: 1
18:52:44.315 [48] VehicleVodnik
18:52:44.315   Primary Spawner: "Vehicle", active: yes, repeat: 1
18:52:44.315 [49] VehicleBus
18:52:44.315   Primary Spawner: "Vehicle", active: yes, repeat: 1
18:52:44.315 [50] VehicleTractor
18:52:44.315   Primary Spawner: "Vehicle", active: yes, repeat: 1
18:52:44.315 [51] VehicleLandRover
18:52:44.315   Primary Spawner: "Vehicle", active: yes, repeat: 1
18:52:44.315 [52] VehicleMH6Helicopter
18:52:44.315   Primary Spawner: "Vehicle", active: yes, repeat: 1
18:52:44.315 [53] VehicleMerlinHelicopter
18:52:44.315   Primary Spawner: "Vehicle", active: yes, repeat: 1
18:52:44.315 [54] VehicleUh1hHelicopter
18:52:44.315   Primary Spawner: "Vehicle", active: yes, repeat: 1
18:52:44.315 [55] VehicleUtilityBoat
18:52:44.315   Primary Spawner: "Vehicle", active: yes, repeat: 1
18:52:44.315 [56] VehicleZodiacBoat
18:52:44.315   Primary Spawner: "Vehicle", active: yes, repeat: 1
18:52:44.315 [57] VehicleGyroHelicopter
18:52:44.315   Primary Spawner: "Vehicle", active: yes, repeat: 1
18:52:44.315 [CE][Hive] :: Initializing of spawners done.
18:52:44.325 [CE][Hive] :: Init sequence finished.
18:52:44.325 Player connect enabled
18:52:46.67 [IdleMode] Entering IN - save processed
18:54:54.878 [Login]: Adding player Blorpus9000 (22500342) to login queue at position 0
18:54:54.878 [LoginMachine]: Add player Blorpus9000 (22500342 192.168.1.133:2316)
18:54:54.878 [StateMachine]: Player Blorpus9000 (dpnid 22500342 uid ) Entering AuthPlayerLoginState
18:54:55.303 [IdleMode] Leaving OUT
18:54:57.235 [StateMachine]: Player Blorpus9000 (dpnid 22500342 uid ) Entering WaitAuthPlayerLoginState
18:54:59.620 Player Blorpus9000 connected (id=3I2KPiMwtNrbRzLe964-q3OrI2Ligr9LBcsFxmVIl3Q=).
18:54:59.620 Player "Blorpus9000" is connected (steamID=76561198081075225)
18:54:59.621 [StateMachine]: Player Blorpus9000 (dpnid 22500342 uid ) Entering WaitPlayerAssignedLoginState
18:55:00.84 [StateMachine]: Player Blorpus9000 (dpnid 22500342 uid 3I2KPiMwtNrbRzLe964-q3OrI2Ligr9LBcsFxmVIl3Q=) Entering DBGetLoginTimeLoginState
18:55:00.85 [StateMachine]: Player Blorpus9000 (dpnid 22500342 uid 3I2KPiMwtNrbRzLe964-q3OrI2Ligr9LBcsFxmVIl3Q=) Entering DBWaitLoginTimeLoginState
18:55:03.84 [StateMachine]: Player Blorpus9000 (dpnid 22500342 uid 3I2KPiMwtNrbRzLe964-q3OrI2Ligr9LBcsFxmVIl3Q=) Entering DBGetCharacterLoginState
18:55:03.86 [StateMachine]: Player Blorpus9000 (dpnid 22500342 uid 3I2KPiMwtNrbRzLe964-q3OrI2Ligr9LBcsFxmVIl3Q=) Entering CreateNetObjectsLoginState
18:55:03.90 [StateMachine]: Player Blorpus9000 (dpnid 22500342 uid 3I2KPiMwtNrbRzLe964-q3OrI2Ligr9LBcsFxmVIl3Q=) Entering PreloadCamLoginState
18:55:03.90 [StateMachine]: Player Blorpus9000 (dpnid 22500342 uid 3I2KPiMwtNrbRzLe964-q3OrI2Ligr9LBcsFxmVIl3Q=) Entering WaitPreloadCamLoginState
18:55:11.687 [StateMachine]: Player Blorpus9000 (dpnid 22500342 uid 3I2KPiMwtNrbRzLe964-q3OrI2Ligr9LBcsFxmVIl3Q=) Entering GetLoadedCharLoginState
18:55:11.710 <LOAD EXISTING CHAR>:
    charID 1
    playerID 1
    dpnid 22500342
    uid 3I2KPiMwtNrbRzLe964-q3OrI2Ligr9LBcsFxmVIl3Q=
18:55:17.317 [CE][LootRespawner] (PRIDummy) :: Item [0] causing search overtime: "AmmoBox_9x19_25rnd"
18:55:17.417 [CE][LootRespawner] (PRIDummy) :: Item [1] causing search overtime: "Glock19"
18:55:17.517 [CE][LootRespawner] (PRIDummy) :: Item [2] causing search overtime: "AmmoBox_Expansion_46x30_25rnd"
18:55:17.617 [CE][LootRespawner] (PRIDummy) :: Item [3] causing search overtime: "Expansion_Taser_Yellow"