

=====================================================================
== C:\Program Files (x86)\Steam\steamapps\common\DayZServerAug2\DayZServer_x64.exe
== "DayZServer_x64.exe" -config=serverDZ.cfg -mod=@CF;@CommunityOnlineTools;@DabsFramework;@DayZ-Editor-Loader;@DayZ-Expansion-Animations;@DayZ-Expansion-Bundle;@DayZ-Expansion-Licensed;@MMG-MightysMilitaryGear;@PvZmoD_CustomisableZombies "-serverMod=_@DayZ-Dynamic-AI-Addon" -port=2302 -profiles=config -cpuCount=4 -adminlog -netlog -freezecheck 
=====================================================================
Exe timestamp: 2023/07/27 17:06:07
Current time:  2023/08/16 19:17:35

Version 1.21.156300
19:17:35.324 [Inputs] Loading inputs default "bin/constants.xml"
19:17:35.326 [Inputs] Loading inputs default "bin/specific.xml"
19:17:35.327 [Inputs] Loading inputs default "JM/COT/Scripts/Data/Inputs.xml"
19:17:35.327 !!! [Inputs] Cannot Register "UAObjectModuleDeleteOnCursor" non-existent input - Fix Preset!
19:17:35.327 [Inputs] Loading inputs default "LIVEN/PvZmoD_CustomisableZombies/inputs.xml"
19:17:35.327 [Inputs] Loading inputs default "DayZExpansion/Groups/Scripts/Data/Inputs.xml"
19:17:35.327 [Inputs] Loading inputs default "DayZExpansion/Navigation/Scripts/Data/Inputs.xml"
19:17:35.328 !!! [Inputs] Attempt to register duplicate exclusion group "chatexpansion"
19:17:35.328 [Inputs] Loading inputs default "DayZExpansion/PlayerList/Scripts/Data/Inputs.xml"
19:17:35.328 !!! [Inputs] Attempt to register duplicate exclusion group "chatexpansion"
19:17:35.328 [Inputs] Loading inputs default "DayZExpansion/Scripts/Data/Inputs.xml"
19:17:35.328 !!! [Inputs] Attempt to register duplicate exclusion group "chatexpansion"
19:17:35.328 [Inputs] Loading inputs default "DayZExpansion/Vehicles/Scripts/Data/Inputs.xml"
19:17:35.329 [Inputs] Loading inputs default "DayZExpansion/AI/Scripts/inputs.xml"
19:17:35.329 [Inputs] Loading inputs default "DayZExpansion/BaseBuilding/Scripts/Data/Inputs.xml"
19:17:35.329 !!! [Inputs] Attempt to register duplicate exclusion group "chatexpansion"
19:17:35.329 [Inputs] Loading inputs default "DayZExpansion/Book/Scripts/Data/Inputs.xml"
19:17:35.329 !!! [Inputs] Attempt to register duplicate exclusion group "chatexpansion"
19:17:35.330 [Inputs] Loading inputs default "DayZExpansion/Chat/Scripts/Data/Inputs.xml"
19:17:35.330 !!! [Inputs] Attempt to register duplicate exclusion group "chatexpansion"
19:17:35.330 [Inputs] Loading inputs default "DayZExpansion/Quests/Scripts/Data/Inputs.xml"
19:17:35.330 [Inputs] Loading inputs cfg "config\Users\Survivor\Server.core.xml"
19:17:35.330 !!! [Inputs] Cannot read inputs cfg "config\Users\Survivor\Server.core.xml", parser error
19:17:35.330 [Inputs] Loading inputs cfg "bin/core.xml"
19:17:35.330 !!! [Inputs] Cannot load input preset "#STR_USER", file does not exist
19:17:35.331 [Inputs] Exporting inputs cfg "config\Users\Survivor\Server.core.xml"
19:17:54.656 [CE][Hive] :: Initializing OFFLINE
19:17:54.656 [StorageDirs] :: Selected storage directory: C:\Program Files (x86)\Steam\steamapps\common\DayZServerAug2\mpmissions\Expansion.chernarusplus\storage_1\
19:17:54.656 [CE][Hive] :: Loading core data ... 
19:17:54.656 [CE][CoreData] :: 7 root classes, 18 defaults, 0 updaters...
19:17:54.679 [CE][offlineDB] :: Conversion of characters started.
19:17:54.691 [CE][offlineDB] :: Processing 0 players.
19:17:54.691 [CE][offlineDB] :: Conversion of characters successfully completed.
19:17:57.464 [CE] :: WARNING :: Preset map "optics" is EMPTY.
19:17:57.466 [CE][TypeSetup] :: 505 classes setuped...
19:17:57.469 [CE] :: WARNING :: Preset map "optics" is EMPTY.
19:17:57.469 [CE][TypeSetup] :: 97 classes setuped...
19:17:57.472 [CE] :: WARNING :: Preset map "optics" is EMPTY.
19:17:57.472 [CE][TypeSetup] :: 206 classes setuped...
19:17:58.583 [CE][RegisterBind] :: 0 classes binded...
19:17:58.583 [CE][RegisterConfig] :: 11818 config classes registered, 0 sub-counters...
19:17:58.583 [CE][Hive] :: Loading map data ... 
19:17:58.594 [CE][IgnoreList] "cfgignorelist.xml" :: loaded 19 types
19:17:58.621 !!! [CE] :: Unknown category: 'vehicleparts'.
19:17:58.621 !!! [CE] :: Unknown category: 'vehicleparts'.
19:17:58.622 !!! [CE] :: Unknown category: 'vehicleparts'.
19:17:58.622 !!! [CE] :: Unknown category: 'vehicleparts'.
19:17:58.622 !!! [CE] :: Unknown category: 'vehicleparts'.
19:17:58.622 !!! [CE] :: Unknown category: 'vehicleparts'.
19:17:58.622 !!! [CE] :: Unknown category: 'vehicleparts'.
19:17:58.622 !!! [CE] :: Unknown category: 'vehicleparts'.
19:17:58.622 !!! [CE] :: Unknown category: 'vehicleparts'.
19:17:58.622 !!! [CE] :: Unknown category: 'vehicleparts'.
19:17:58.622 !!! [CE] :: Unknown category: 'vehicleparts'.
19:17:58.622 !!! [CE] :: Unknown category: 'vehicleparts'.
19:17:58.622 !!! [CE] :: Unknown category: 'vehicleparts'.
19:17:58.622 !!! [CE] :: Unknown category: 'vehicleparts'.
19:17:58.622 !!! [CE] :: Unknown category: 'vehicleparts'.
19:17:58.622 !!! [CE] :: Unknown category: 'vehicleparts'.
19:17:58.622 !!! [CE] :: Unknown category: 'vehicleparts'.
19:17:58.622 !!! [CE] :: Unknown category: 'vehicleparts'.
19:17:58.622 !!! [CE] :: Unknown category: 'vehicleparts'.
19:17:58.622 !!! [CE] :: Unknown category: 'vehicleparts'.
19:17:58.622 !!! [CE] :: Unknown category: 'vehicleparts'.
19:17:58.622 !!! [CE] :: Unknown category: 'vehicleparts'.
19:17:58.622 !!! [CE] :: Unknown category: 'vehicleparts'.
19:17:58.622 !!! [CE] :: Unknown category: 'vehicleparts'.
19:17:58.623 !!! [CE] :: Unknown category: 'vehicleparts'.
19:17:58.623 !!! [CE] :: Unknown category: 'vehicleparts'.
19:17:58.623 !!! [CE] :: Unknown category: 'vehicleparts'.
19:17:58.623 !!! [CE] :: Unknown category: 'vehicleparts'.
19:17:58.623 !!! [CE] :: Unknown category: 'vehicleparts'.
19:17:58.623 !!! [CE] :: Unknown category: 'vehicleparts'.
19:17:58.623 !!! [CE] :: Unknown category: 'vehicleparts'.
19:17:58.623 !!! [CE] :: Unknown category: 'vehicleparts'.
19:17:58.623 !!! [CE] :: Unknown category: 'vehicleparts'.
19:17:58.623 !!! [CE] :: Unknown category: 'vehicleparts'.
19:17:58.623 !!! [CE] :: Unknown category: 'vehicleparts'.
19:17:58.623 !!! [CE] :: Unknown category: 'vehicleparts'.
19:17:58.623 !!! [CE] :: Unknown category: 'vehicleparts'.
19:17:58.623 !!! [CE] :: Unknown category: 'vehicleparts'.
19:17:58.623 !!! [CE] :: Unknown category: 'vehicleparts'.
19:17:58.623 !!! [CE] :: Unknown category: 'vehicleparts'.
19:17:58.623 !!! [CE] :: Unknown category: 'vehicleparts'.
19:17:58.623 !!! [CE] :: Unknown category: 'vehicleparts'.
19:17:58.623 !!! [CE] :: Unknown category: 'vehicleparts'.
19:17:58.623 !!! [CE] :: Unknown category: 'vehicleparts'.
19:17:58.623 !!! [CE] :: Unknown category: 'vehicleparts'.
19:17:58.623 !!! [CE] :: Unknown category: 'vehicleparts'.
19:17:58.623 !!! [CE] :: Unknown category: 'vehicleparts'.
19:17:58.623 !!! [CE] :: Unknown category: 'vehicleparts'.
19:17:58.623 !!! [CE] :: Unknown category: 'vehicleparts'.
19:17:58.623 !!! [CE] :: Unknown category: 'vehicleparts'.
19:17:58.623 !!! [CE] :: Unknown category: 'vehicleparts'.
19:17:58.623 !!! [CE] :: Unknown category: 'vehicleparts'.
19:17:58.623 [CE][LoadPrototype] :: loaded 413 prototypes
19:17:58.623   799 containers, 10078 points
19:17:58.623   66 dispatches, 239 proxies
19:17:58.623 !!! [CE][LoadPrototype] 5 groups have no points...
19:17:58.623 [CE][LoadPrototype] :: last group name: Land_Wreck_sed02_aban2_red_DE...
19:17:58.626 [CE][LoadPrototype] :: loaded 0 prototypes
19:17:58.627   55 containers, 232 points
19:17:58.627   0 dispatches, 0 proxies
19:17:58.627 [CE][LoadPrototype] :: last group name: Rail9...
19:17:59.198 [CE][LoadMap] "Group" :: loaded 11709 groups, groups failed: 0, largest group range: 34.2
19:17:59.200 [CE][LoadMap] "Dirt" :: loaded 0 groups, groups failed: 0, largest group range: 34.2
19:17:59.469 [CE][Links] found 1908 total links between groups, of 11709
19:17:59.469 [CE][LoadClusters] "Cluster" :: Loading files...
19:17:59.592 [CE][LoadClusters] :: file: "mapgroupcluster.xml", 9 types, 50000 instances
19:17:59.712 [CE][LoadClusters] :: file: "mapgroupcluster01", 9 types, 50000 instances
19:17:59.832 [CE][LoadClusters] :: file: "mapgroupcluster02", 9 types, 50000 instances
19:17:59.952 [CE][LoadClusters] :: file: "mapgroupcluster03", 9 types, 50000 instances
19:17:59.997 [CE][LoadClusters] :: file: "mapgroupcluster04", 9 types, 17347 instances
19:18:00.00 [CE][Storage] ver:0 stamp:0, valid:NO, name:"C:\Program Files (x86)\Steam\steamapps\common\DayZServerAug2\mpmissions\Expansion.chernarusplus\storage_1\data\types.bin"
19:18:00.00 [CE][Storage] ver:0 stamp:0, valid:NO, name:"C:\Program Files (x86)\Steam\steamapps\common\DayZServerAug2\mpmissions\Expansion.chernarusplus\storage_1\data\types.001"
19:18:00.00 [CE][Storage] ver:0 stamp:0, valid:NO, name:"C:\Program Files (x86)\Steam\steamapps\common\DayZServerAug2\mpmissions\Expansion.chernarusplus\storage_1\data\types.002"
19:18:00.00 !!! [CE][offlineDB] :: No Shutdown message present.
19:18:00.01 [CE][offlineDB] :: Loaded 47 dynamic events 225 total types.
19:18:00.02 !!! [CE][DE] (VehicleTruck01) :: Unable to create child (Truck_01_Covered_Grey) as the type does not exist.
19:18:00.02 [CE][offlineDB] :: Loaded 58 dynamic events 289 total types.
19:18:00.14 !!! [CE][offlineDB] :: Type 'ChristmasTree' will be ignored. (Not spawnable. (Scope is not public?))
19:18:00.19 !!! [CE][offlineDB] :: Type 'Expansion_M79' will be ignored. (Not spawnable. (Scope is not public?))
19:18:00.19 !!! [CE][offlineDB] :: Type 'ExpansionFlaregun' will be ignored. (Not spawnable. (Scope is not public?))
19:18:00.19 !!! [CE][offlineDB] :: Type 'Expansion_Longhorn' will be ignored. (Not spawnable. (Scope is not public?))
19:18:00.23 !!! [CE][offlineDB] :: Type 'MMG_tactical_shirt_dark_woodland' will be ignored. (Type does not exist. (Typo?))
19:18:00.25 !!! [CE][offlineDB] :: Type 'MMG_mmps_nag_multicamblack' will be ignored. (Type does not exist. (Typo?))
19:18:00.26 !!! [CE][offlineDB] :: Type 'MMG_assault_pack_multicam_tropic' will be ignored. (Type does not exist. (Typo?))
19:18:00.157 !!! [CE][DE][SPAWNS] :: [WARNING] :: Skipping entry for non-existing event 'VehicleTransitBus'.
19:18:00.157 [CE][DE][SPAWNS] :: Total positions: 987
19:18:00.157 [CE][DE][GROUPS] :: Total eventgroups defined: 83, Eventgroups in use: 83
19:18:00.157 [CE][Storage] ver:0 stamp:0, valid:NO, name:"C:\Program Files (x86)\Steam\steamapps\common\DayZServerAug2\mpmissions\Expansion.chernarusplus\storage_1\data\events.bin"
19:18:00.157 [CE][Storage] ver:0 stamp:0, valid:NO, name:"C:\Program Files (x86)\Steam\steamapps\common\DayZServerAug2\mpmissions\Expansion.chernarusplus\storage_1\data\events.001"
19:18:00.157 [CE][Storage] ver:0 stamp:0, valid:NO, name:"C:\Program Files (x86)\Steam\steamapps\common\DayZServerAug2\mpmissions\Expansion.chernarusplus\storage_1\data\events.002"
19:18:00.158 [CE][Storage] ver:0 stamp:0, valid:NO, name:"C:\Program Files (x86)\Steam\steamapps\common\DayZServerAug2\mpmissions\Expansion.chernarusplus\storage_1\data\dynamic_000.bin"
19:18:00.158 [CE][Storage] ver:0 stamp:0, valid:NO, name:"C:\Program Files (x86)\Steam\steamapps\common\DayZServerAug2\mpmissions\Expansion.chernarusplus\storage_1\data\dynamic_000.001"
19:18:00.158 [CE][Storage] ver:0 stamp:0, valid:NO, name:"C:\Program Files (x86)\Steam\steamapps\common\DayZServerAug2\mpmissions\Expansion.chernarusplus\storage_1\data\dynamic_000.002"
19:18:00.158 [CE][Storage] ver:0 stamp:0, valid:NO, name:"C:\Program Files (x86)\Steam\steamapps\common\DayZServerAug2\mpmissions\Expansion.chernarusplus\storage_1\data\dynamic_001.bin"
19:18:00.158 [CE][Storage] ver:0 stamp:0, valid:NO, name:"C:\Program Files (x86)\Steam\steamapps\common\DayZServerAug2\mpmissions\Expansion.chernarusplus\storage_1\data\dynamic_001.001"
19:18:00.158 [CE][Storage] ver:0 stamp:0, valid:NO, name:"C:\Program Files (x86)\Steam\steamapps\common\DayZServerAug2\mpmissions\Expansion.chernarusplus\storage_1\data\dynamic_001.002"
19:18:00.158 [CE][Storage] ver:0 stamp:0, valid:NO, name:"C:\Program Files (x86)\Steam\steamapps\common\DayZServerAug2\mpmissions\Expansion.chernarusplus\storage_1\data\dynamic_002.bin"
19:18:00.158 [CE][Storage] ver:0 stamp:0, valid:NO, name:"C:\Program Files (x86)\Steam\steamapps\common\DayZServerAug2\mpmissions\Expansion.chernarusplus\storage_1\data\dynamic_002.001"
19:18:00.159 [CE][Storage] ver:0 stamp:0, valid:NO, name:"C:\Program Files (x86)\Steam\steamapps\common\DayZServerAug2\mpmissions\Expansion.chernarusplus\storage_1\data\dynamic_002.002"
19:18:00.159 [CE][Storage] ver:0 stamp:0, valid:NO, name:"C:\Program Files (x86)\Steam\steamapps\common\DayZServerAug2\mpmissions\Expansion.chernarusplus\storage_1\data\dynamic_003.bin"
19:18:00.159 [CE][Storage] ver:0 stamp:0, valid:NO, name:"C:\Program Files (x86)\Steam\steamapps\common\DayZServerAug2\mpmissions\Expansion.chernarusplus\storage_1\data\dynamic_003.001"
19:18:00.159 [CE][Storage] ver:0 stamp:0, valid:NO, name:"C:\Program Files (x86)\Steam\steamapps\common\DayZServerAug2\mpmissions\Expansion.chernarusplus\storage_1\data\dynamic_003.002"
19:18:00.159 [CE][Storage] ver:0 stamp:0, valid:NO, name:"C:\Program Files (x86)\Steam\steamapps\common\DayZServerAug2\mpmissions\Expansion.chernarusplus\storage_1\data\dynamic_004.bin"
19:18:00.159 [CE][Storage] ver:0 stamp:0, valid:NO, name:"C:\Program Files (x86)\Steam\steamapps\common\DayZServerAug2\mpmissions\Expansion.chernarusplus\storage_1\data\dynamic_004.001"
19:18:00.159 [CE][Storage] ver:0 stamp:0, valid:NO, name:"C:\Program Files (x86)\Steam\steamapps\common\DayZServerAug2\mpmissions\Expansion.chernarusplus\storage_1\data\dynamic_004.002"
19:18:00.159 [CE][Storage] ver:0 stamp:0, valid:NO, name:"C:\Program Files (x86)\Steam\steamapps\common\DayZServerAug2\mpmissions\Expansion.chernarusplus\storage_1\data\dynamic_005.bin"
19:18:00.159 [CE][Storage] ver:0 stamp:0, valid:NO, name:"C:\Program Files (x86)\Steam\steamapps\common\DayZServerAug2\mpmissions\Expansion.chernarusplus\storage_1\data\dynamic_005.001"
19:18:00.159 [CE][Storage] ver:0 stamp:0, valid:NO, name:"C:\Program Files (x86)\Steam\steamapps\common\DayZServerAug2\mpmissions\Expansion.chernarusplus\storage_1\data\dynamic_005.002"
19:18:00.159 [CE][Storage] ver:0 stamp:0, valid:NO, name:"C:\Program Files (x86)\Steam\steamapps\common\DayZServerAug2\mpmissions\Expansion.chernarusplus\storage_1\data\dynamic_006.bin"
19:18:00.160 [CE][Storage] ver:0 stamp:0, valid:NO, name:"C:\Program Files (x86)\Steam\steamapps\common\DayZServerAug2\mpmissions\Expansion.chernarusplus\storage_1\data\dynamic_006.001"
19:18:00.160 [CE][Storage] ver:0 stamp:0, valid:NO, name:"C:\Program Files (x86)\Steam\steamapps\common\DayZServerAug2\mpmissions\Expansion.chernarusplus\storage_1\data\dynamic_006.002"
19:18:00.160 [CE][Storage] ver:0 stamp:0, valid:NO, name:"C:\Program Files (x86)\Steam\steamapps\common\DayZServerAug2\mpmissions\Expansion.chernarusplus\storage_1\data\dynamic_007.bin"
19:18:00.160 [CE][Storage] ver:0 stamp:0, valid:NO, name:"C:\Program Files (x86)\Steam\steamapps\common\DayZServerAug2\mpmissions\Expansion.chernarusplus\storage_1\data\dynamic_007.001"
19:18:00.160 [CE][Storage] ver:0 stamp:0, valid:NO, name:"C:\Program Files (x86)\Steam\steamapps\common\DayZServerAug2\mpmissions\Expansion.chernarusplus\storage_1\data\dynamic_007.002"
19:18:00.160 [CE][Storage] ver:0 stamp:0, valid:NO, name:"C:\Program Files (x86)\Steam\steamapps\common\DayZServerAug2\mpmissions\Expansion.chernarusplus\storage_1\data\dynamic_008.bin"
19:18:00.160 [CE][Storage] ver:0 stamp:0, valid:NO, name:"C:\Program Files (x86)\Steam\steamapps\common\DayZServerAug2\mpmissions\Expansion.chernarusplus\storage_1\data\dynamic_008.001"
19:18:00.160 [CE][Storage] ver:0 stamp:0, valid:NO, name:"C:\Program Files (x86)\Steam\steamapps\common\DayZServerAug2\mpmissions\Expansion.chernarusplus\storage_1\data\dynamic_008.002"
19:18:00.160 [CE][Storage] ver:0 stamp:0, valid:NO, name:"C:\Program Files (x86)\Steam\steamapps\common\DayZServerAug2\mpmissions\Expansion.chernarusplus\storage_1\data\dynamic_009.bin"
19:18:00.160 [CE][Storage] ver:0 stamp:0, valid:NO, name:"C:\Program Files (x86)\Steam\steamapps\common\DayZServerAug2\mpmissions\Expansion.chernarusplus\storage_1\data\dynamic_009.001"
19:18:00.160 [CE][Storage] ver:0 stamp:0, valid:NO, name:"C:\Program Files (x86)\Steam\steamapps\common\DayZServerAug2\mpmissions\Expansion.chernarusplus\storage_1\data\dynamic_009.002"
19:18:00.160 [CE][Storage] ver:0 stamp:0, valid:NO, name:"C:\Program Files (x86)\Steam\steamapps\common\DayZServerAug2\mpmissions\Expansion.chernarusplus\storage_1\data\dynamic_010.bin"
19:18:00.161 [CE][Storage] ver:0 stamp:0, valid:NO, name:"C:\Program Files (x86)\Steam\steamapps\common\DayZServerAug2\mpmissions\Expansion.chernarusplus\storage_1\data\dynamic_010.001"
19:18:00.161 [CE][Storage] ver:0 stamp:0, valid:NO, name:"C:\Program Files (x86)\Steam\steamapps\common\DayZServerAug2\mpmissions\Expansion.chernarusplus\storage_1\data\dynamic_010.002"
19:18:00.161 [CE][Storage] ver:0 stamp:0, valid:NO, name:"C:\Program Files (x86)\Steam\steamapps\common\DayZServerAug2\mpmissions\Expansion.chernarusplus\storage_1\data\dynamic_011.bin"
19:18:00.161 [CE][Storage] ver:0 stamp:0, valid:NO, name:"C:\Program Files (x86)\Steam\steamapps\common\DayZServerAug2\mpmissions\Expansion.chernarusplus\storage_1\data\dynamic_011.001"
19:18:00.161 [CE][Storage] ver:0 stamp:0, valid:NO, name:"C:\Program Files (x86)\Steam\steamapps\common\DayZServerAug2\mpmissions\Expansion.chernarusplus\storage_1\data\dynamic_011.002"
19:18:00.161 [CE][Storage] ver:0 stamp:0, valid:NO, name:"C:\Program Files (x86)\Steam\steamapps\common\DayZServerAug2\mpmissions\Expansion.chernarusplus\storage_1\data\building.bin"
19:18:00.161 [CE][Storage] ver:0 stamp:0, valid:NO, name:"C:\Program Files (x86)\Steam\steamapps\common\DayZServerAug2\mpmissions\Expansion.chernarusplus\storage_1\data\building.001"
19:18:00.161 [CE][Storage] ver:0 stamp:0, valid:NO, name:"C:\Program Files (x86)\Steam\steamapps\common\DayZServerAug2\mpmissions\Expansion.chernarusplus\storage_1\data\building.002"
19:18:00.161 [CE][Storage] ver:0 stamp:0, valid:NO, name:"C:\Program Files (x86)\Steam\steamapps\common\DayZServerAug2\mpmissions\Expansion.chernarusplus\storage_1\data\vehicles.bin"
19:18:00.161 [CE][Storage] ver:0 stamp:0, valid:NO, name:"C:\Program Files (x86)\Steam\steamapps\common\DayZServerAug2\mpmissions\Expansion.chernarusplus\storage_1\data\vehicles.001"
19:18:00.161 [CE][Storage] ver:0 stamp:0, valid:NO, name:"C:\Program Files (x86)\Steam\steamapps\common\DayZServerAug2\mpmissions\Expansion.chernarusplus\storage_1\data\vehicles.002"
19:18:00.162 [CE][Hive] :: Empty storage folder, reinitializing ... 
19:18:00.163 [CE][Hive] :: Initializing ... 
19:18:00.168 [CE][InitializeMap] :: initialized: 0
19:18:00.168 [CE][Hive] :: Initializing spawners ... 
19:18:01.73 [CE][LootRespawner] (PRIDummy) :: Item [0] causing search overtime: "Truck_01_Door_1_1_GreenRust"
19:18:01.74 [CE][LootRespawner] (PRIDummy) :: Item [1] causing search overtime: "Truck_01_Door_1_1_GreenRust"
19:18:01.74 [CE][LootRespawner] (PRIDummy) :: Item [2] causing search overtime: "Truck_01_Door_1_1_GreenRust"
19:18:01.75 [CE][LootRespawner] (PRIDummy) :: Item [3] causing search overtime: "Truck_01_Door_1_1_GreenRust"
19:18:01.75 [CE][LootRespawner] (PRIDummy) :: Item [4] causing search overtime: "Truck_01_Door_1_1_GreenRust"
19:18:01.76 [CE][LootRespawner] (PRIDummy) :: Item [5] causing search overtime: "Truck_01_Door_1_1_GreenRust"
19:18:01.76 [CE][LootRespawner] (PRIDummy) :: Item [6] causing search overtime: "Truck_01_Door_1_1_GreenRust"
19:18:01.78 [CE][LootRespawner] (PRIDummy) :: Item [7] causing search overtime: "Truck_01_Door_1_1_GreenRust"
19:18:01.78 [CE][LootRespawner] (PRIDummy) :: Item [8] causing search overtime: "Truck_01_Door_1_1_GreenRust"
19:18:01.79 [CE][LootRespawner] (PRIDummy) :: Item [9] causing search overtime: "Truck_01_Door_1_1_GreenRust"
19:18:01.79 [CE][LootRespawner] (PRIDummy) :: Item [10] causing search overtime: "Truck_01_Door_1_1_GreenRust"
19:18:01.95 [CE][LootRespawner] (PRIDummy) :: Item [11] causing search overtime: "Izh18"
19:18:01.155 [CE][LootRespawner] (PRIDummy) :: Item [12] causing search overtime: "CivSedanTrunk_WineRust"
19:18:01.155 [CE][LootRespawner] (PRIDummy) :: Item [13] causing search overtime: "CivSedanTrunk_WineRust"
19:18:01.156 [CE][LootRespawner] (PRIDummy) :: Item [14] causing search overtime: "CivSedanTrunk_WineRust"
19:18:01.156 [CE][LootRespawner] (PRIDummy) :: Item [15] causing search overtime: "CivSedanTrunk_WineRust"
19:18:01.156 [CE][LootRespawner] (PRIDummy) :: Item [16] causing search overtime: "CivSedanTrunk_WineRust"
19:18:01.157 [CE][LootRespawner] (PRIDummy) :: Item [17] causing search overtime: "CivSedanTrunk_WineRust"
19:18:01.157 [CE][LootRespawner] (PRIDummy) :: Item [18] causing search overtime: "CivSedanTrunk_WineRust"
19:18:01.158 [CE][LootRespawner] (PRIDummy) :: Item [19] causing search overtime: "CivSedanTrunk_WineRust"
19:18:03.189 [CE][LootRespawner] (PRIDummy) :: Item [0] is hard to place, performance drops: "KukriKnife"
19:18:03.190 [CE][LootRespawner] (PRIDummy) :: Item [1] is hard to place, performance drops: "KukriKnife"
19:18:03.224 [CE][LootRespawner] (PRIDummy) :: Item [2] is hard to place, performance drops: "MilitaryBeret_UN"
19:18:03.229 [CE][LootRespawner] (PRIDummy) :: Item [3] is hard to place, performance drops: "CarTent"
19:18:03.229 [CE][LootRespawner] (PRIDummy) :: Item [4] is hard to place, performance drops: "CarTent"
19:18:03.449 [CE][LootRespawner] (PRIDummy) :: Item [5] is hard to place, performance drops: "GorkaPants_Summer"
19:18:03.450 [CE][LootRespawner] (PRIDummy) :: Item [6] is hard to place, performance drops: "GorkaPants_Summer"
19:18:03.450 [CE][LootRespawner] (PRIDummy) :: Item [7] is hard to place, performance drops: "GorkaPants_Summer"
19:18:03.450 [CE][LootRespawner] (PRIDummy) :: Item [8] is hard to place, performance drops: "GorkaPants_Summer"
19:18:03.450 [CE][LootRespawner] (PRIDummy) :: Item [9] is hard to place, performance drops: "GorkaPants_Summer"
19:18:03.777 [CE][LootRespawner] (PRIDummy) :: Item [10] is hard to place, performance drops: "MMG_combatpants_multicam"
19:18:03.836 [CE][LootRespawner] (PRIDummy) :: Item [11] is hard to place, performance drops: "BallisticHelmet_Green"
19:18:04.09 [CE][LootRespawner] (PRIDummy) :: Item [12] is hard to place, performance drops: "NurseDress_White"
19:18:04.78 [CE][LootRespawner] (PRIDummy) :: Item [13] is hard to place, performance drops: "StartKitIV"
19:18:04.109 [CE][LootRespawner] (PRIDummy) :: Item [14] is hard to place, performance drops: "PlateCarrierVest_Camo"
19:18:04.109 [CE][LootRespawner] (PRIDummy) :: Item [15] is hard to place, performance drops: "PlateCarrierVest_Camo"
19:18:04.111 [CE][LootRespawner] (PRIDummy) :: Item [16] is hard to place, performance drops: "PlateCarrierVest_Camo"
19:18:04.229 [CE][LootRespawner] (PRIDummy) :: Item [17] is hard to place, performance drops: "BomberJacket_Olive"
19:18:04.229 [CE][LootRespawner] (PRIDummy) :: Item [18] is hard to place, performance drops: "BomberJacket_Olive"
19:18:04.230 [CE][LootRespawner] (PRIDummy) :: Item [19] is hard to place, performance drops: "BomberJacket_Olive"
19:18:08.975 [CE][LootRespawner] (PRIDummy) :: Initially (re)spawned:27696, Nominal:30379, Total in Map: 26540 at 7 (sec)
19:18:08.975   tests:28048, repeats:117 fails:235, overtime:4097
19:18:08.975 [CE][VehicleRespawner] (PRIContaminatedArea) :: Initial random enabled for "StaticContaminatedArea" - Chosen nominal: 0
19:18:08.977 [CE][Links] found 0 total links between groups, of 1
19:18:08.977 [CE][SpawnRandomLoot] (StaticHeliCrash) :: Type: Wreck_UH1Y, lootmin: 10, lootmax: 15, wanted: 11, deloot: 2, containermaxsum: 15
19:18:08.983 [CE][Links] found 0 total links between groups, of 2
19:18:08.983 [CE][SpawnRandomLoot] (StaticHeliCrash) :: Type: Wreck_UH1Y, lootmin: 10, lootmax: 15, wanted: 12, deloot: 2, containermaxsum: 15
19:18:08.990 [CE][Links] found 0 total links between groups, of 3
19:18:08.990 [CE][SpawnRandomLoot] (StaticHeliCrash) :: Type: Wreck_UH1Y, lootmin: 10, lootmax: 15, wanted: 14, deloot: 2, containermaxsum: 15
19:18:09.03 [CE][Links] found 0 total links between groups, of 4
19:18:09.03 [CE][SpawnRandomLoot] (StaticMilitaryConvoy) :: Type: Land_wreck_truck01_aban1_green_DE, lootmin: 2, lootmax: 3, wanted: 2, deloot: 1, containermaxsum: 3
19:18:09.04 [CE][Links] found 0 total links between groups, of 5
19:18:09.04 [CE][SpawnRandomLoot] (StaticMilitaryConvoy) :: Type: StaticObj_Wreck_Uaz_DE, lootmin: 2, lootmax: 3, wanted: 2, deloot: 1, containermaxsum: 3
19:18:09.05 [CE][Links] found 0 total links between groups, of 6
19:18:09.05 [CE][SpawnRandomLoot] (StaticMilitaryConvoy) :: Type: Land_wreck_truck01_aban2_green_DE, lootmin: 2, lootmax: 3, wanted: 2, deloot: 1, containermaxsum: 3
19:18:09.08 [CE][Links] found 0 total links between groups, of 7
19:18:09.08 [CE][SpawnRandomLoot] (StaticMilitaryConvoy) :: Type: Land_Wreck_V3S_DE, lootmin: 2, lootmax: 3, wanted: 2, deloot: 1, containermaxsum: 3
19:18:09.13 [CE][Links] found 0 total links between groups, of 8
19:18:09.13 [CE][SpawnRandomLoot] (StaticMilitaryConvoy) :: Type: StaticObj_Wreck_Ural_DE, lootmin: 2, lootmax: 3, wanted: 2, deloot: 1, containermaxsum: 3
19:18:09.14 [CE][Links] found 0 total links between groups, of 9
19:18:09.14 [CE][SpawnRandomLoot] (StaticMilitaryConvoy) :: Type: Land_Wreck_offroad02_aban2_DE, lootmin: 2, lootmax: 3, wanted: 2, deloot: 1, containermaxsum: 3
19:18:09.17 [CE][Links] found 0 total links between groups, of 10
19:18:09.17 [CE][SpawnRandomLoot] (StaticMilitaryConvoy) :: Type: Land_Wreck_offroad02_aban1_DE, lootmin: 2, lootmax: 3, wanted: 2, deloot: 1, containermaxsum: 3
19:18:09.21 [CE][Links] found 0 total links between groups, of 11
19:18:09.21 [CE][SpawnRandomLoot] (StaticMilitaryConvoy) :: Type: StaticObj_Wreck_Ural_DE, lootmin: 2, lootmax: 3, wanted: 2, deloot: 1, containermaxsum: 3
19:18:09.25 [CE][Links] found 0 total links between groups, of 12
19:18:09.25 [CE][SpawnRandomLoot] (StaticMilitaryConvoy) :: Type: Land_wreck_truck01_aban1_green_DE, lootmin: 2, lootmax: 3, wanted: 2, deloot: 1, containermaxsum: 3
19:18:09.28 [CE][Links] found 0 total links between groups, of 13
19:18:09.28 [CE][SpawnRandomLoot] (StaticMilitaryConvoy) :: Type: StaticObj_Wreck_Uaz_DE, lootmin: 2, lootmax: 3, wanted: 2, deloot: 1, containermaxsum: 3
19:18:09.30 [CE][Links] found 0 total links between groups, of 14
19:18:09.30 [CE][SpawnRandomLoot] (StaticMilitaryConvoy) :: Type: Land_wreck_truck01_aban2_green_DE, lootmin: 2, lootmax: 3, wanted: 2, deloot: 1, containermaxsum: 3
19:18:09.32 [CE][Links] found 0 total links between groups, of 15
19:18:09.32 [CE][SpawnRandomLoot] (StaticMilitaryConvoy) :: Type: StaticObj_Wreck_BMP2_DE, lootmin: 2, lootmax: 3, wanted: 2, deloot: 1, containermaxsum: 3
19:18:09.33 [CE][Links] found 0 total links between groups, of 16
19:18:09.33 [CE][SpawnRandomLoot] (StaticMilitaryConvoy) :: Type: StaticObj_Wreck_BRDM_DE, lootmin: 2, lootmax: 3, wanted: 2, deloot: 1, containermaxsum: 3
19:18:09.35 [CE][Links] found 0 total links between groups, of 17
19:18:09.35 [CE][SpawnRandomLoot] (StaticMilitaryConvoy) :: Type: StaticObj_Wreck_BMP2_DE, lootmin: 2, lootmax: 3, wanted: 2, deloot: 1, containermaxsum: 3
19:18:09.36 [CE][Links] found 0 total links between groups, of 18
19:18:09.36 [CE][SpawnRandomLoot] (StaticMilitaryConvoy) :: Type: StaticObj_Wreck_Ural_DE, lootmin: 2, lootmax: 3, wanted: 2, deloot: 1, containermaxsum: 3
19:18:09.39 [CE][Links] found 0 total links between groups, of 19
19:18:09.39 [CE][SpawnRandomLoot] (StaticMilitaryConvoy) :: Type: Land_Wreck_offroad02_aban1_DE, lootmin: 2, lootmax: 3, wanted: 2, deloot: 1, containermaxsum: 3
19:18:09.44 [CE][Links] found 0 total links between groups, of 20
19:18:09.44 [CE][SpawnRandomLoot] (StaticMilitaryConvoy) :: Type: StaticObj_Wreck_BMP1_NoPlacement_DE, lootmin: 2, lootmax: 3, wanted: 2, deloot: 1, containermaxsum: 3
19:18:09.48 [CE][Links] found 0 total links between groups, of 21
19:18:09.48 [CE][SpawnRandomLoot] (StaticMilitaryConvoy) :: Type: StaticObj_Wreck_BRDM_DE, lootmin: 2, lootmax: 3, wanted: 2, deloot: 1, containermaxsum: 3
19:18:09.50 [CE][Links] found 0 total links between groups, of 22
19:18:09.50 [CE][SpawnRandomLoot] (StaticMilitaryConvoy) :: Type: Land_wreck_truck01_aban2_green_DE, lootmin: 2, lootmax: 3, wanted: 2, deloot: 1, containermaxsum: 3
19:18:09.52 [CE][Links] found 2 total links between groups, of 23
19:18:09.52 [CE][SpawnRandomLoot] (StaticMilitaryConvoy) :: Type: Land_wreck_truck01_aban1_green_DE, lootmin: 2, lootmax: 3, wanted: 2, deloot: 1, containermaxsum: 3
19:18:09.53 [CE][Links] found 2 total links between groups, of 24
19:18:09.53 [CE][SpawnRandomLoot] (StaticMilitaryConvoy) :: Type: StaticObj_Wreck_Ural_DE, lootmin: 2, lootmax: 3, wanted: 2, deloot: 1, containermaxsum: 3
19:18:09.55 [CE][Links] found 2 total links between groups, of 25
19:18:09.55 [CE][SpawnRandomLoot] (StaticMilitaryConvoy) :: Type: StaticObj_Wreck_Uaz_DE, lootmin: 2, lootmax: 3, wanted: 2, deloot: 1, containermaxsum: 3
19:18:09.56 [CE][Links] found 2 total links between groups, of 26
19:18:09.56 [CE][SpawnRandomLoot] (StaticMilitaryConvoy) :: Type: Land_Wreck_V3S_DE, lootmin: 2, lootmax: 3, wanted: 2, deloot: 1, containermaxsum: 3
19:18:09.57 [CE][Links] found 2 total links between groups, of 27
19:18:09.57 [CE][SpawnRandomLoot] (StaticMilitaryConvoy) :: Type: StaticObj_Wreck_BRDM_DE, lootmin: 2, lootmax: 3, wanted: 2, deloot: 1, containermaxsum: 3
19:18:09.58 [CE][Links] found 2 total links between groups, of 28
19:18:09.58 [CE][SpawnRandomLoot] (StaticMilitaryConvoy) :: Type: StaticObj_Wreck_Ural_DE, lootmin: 2, lootmax: 3, wanted: 2, deloot: 1, containermaxsum: 3
19:18:09.59 [CE][Links] found 2 total links between groups, of 29
19:18:09.59 [CE][SpawnRandomLoot] (StaticMilitaryConvoy) :: Type: StaticObj_Wreck_BMP2_DE, lootmin: 2, lootmax: 3, wanted: 2, deloot: 1, containermaxsum: 3
19:18:09.61 [CE][Links] found 2 total links between groups, of 30
19:18:09.61 [CE][SpawnRandomLoot] (StaticMilitaryConvoy) :: Type: Land_Wreck_offroad02_aban1_DE, lootmin: 2, lootmax: 3, wanted: 2, deloot: 1, containermaxsum: 3
19:18:09.62 [CE][Links] found 2 total links between groups, of 31
19:18:09.62 [CE][SpawnRandomLoot] (StaticMilitaryConvoy) :: Type: StaticObj_Wreck_Uaz_DE, lootmin: 2, lootmax: 3, wanted: 2, deloot: 1, containermaxsum: 3
19:18:09.64 [CE][Links] found 2 total links between groups, of 32
19:18:09.64 [CE][SpawnRandomLoot] (StaticPoliceSituation) :: Type: Land_Wreck_Trailer_Closed_DE, lootmin: 2, lootmax: 3, wanted: 2, deloot: 1, containermaxsum: 3
19:18:09.65 [CE][Links] found 2 total links between groups, of 33
19:18:09.65 [CE][SpawnRandomLoot] (StaticPoliceSituation) :: Type: Land_Wreck_Tractor_DE, lootmin: 2, lootmax: 2, wanted: 2, deloot: 1, containermaxsum: 3
19:18:09.65 [CE][Links] found 2 total links between groups, of 34
19:18:09.65 [CE][SpawnRandomLoot] (StaticPoliceSituation) :: Type: Land_Wreck_sed02_aban1_grey_DE, lootmin: 2, lootmax: 2, wanted: 2, deloot: 1, containermaxsum: 2
19:18:09.70 [CE][Links] found 2 total links between groups, of 35
19:18:09.70 [CE][SpawnRandomLoot] (StaticPoliceSituation) :: Type: Land_Wreck_sed01_aban1_police_DE, lootmin: 2, lootmax: 4, wanted: 2, deloot: 1, containermaxsum: 4
19:18:09.77 [CE][Links] found 2 total links between groups, of 36
19:18:09.77 [CE][SpawnRandomLoot] (StaticPoliceSituation) :: Type: Land_Wreck_sed02_aban1_red_DE, lootmin: 2, lootmax: 2, wanted: 2, deloot: 1, containermaxsum: 2
19:18:09.78 [CE][Links] found 2 total links between groups, of 37
19:18:09.78 [CE][SpawnRandomLoot] (StaticPoliceSituation) :: Type: Land_Wreck_sed01_aban2_police_DE, lootmin: 2, lootmax: 4, wanted: 3, deloot: 1, containermaxsum: 4
19:18:09.81 [CE][Links] found 2 total links between groups, of 38
19:18:09.81 [CE][SpawnRandomLoot] (StaticPoliceSituation) :: Type: Land_Wreck_truck01_aban1_orange_DE, lootmin: 2, lootmax: 2, wanted: 2, deloot: 1, containermaxsum: 3
19:18:09.84 [CE][Links] found 2 total links between groups, of 39
19:18:09.84 [CE][SpawnRandomLoot] (StaticPoliceSituation) :: Type: Land_Wreck_sed01_aban1_police_DE, lootmin: 2, lootmax: 4, wanted: 3, deloot: 1, containermaxsum: 4
19:18:09.87 [CE][Links] found 2 total links between groups, of 40
19:18:09.87 [CE][SpawnRandomLoot] (StaticPoliceSituation) :: Type: Land_Wreck_sed01_aban1_white_DE, lootmin: 2, lootmax: 2, wanted: 2, deloot: 1, containermaxsum: 2
19:18:09.88 [CE][Links] found 2 total links between groups, of 41
19:18:09.88 [CE][SpawnRandomLoot] (StaticPoliceSituation) :: Type: Land_Wreck_sed01_aban2_police_DE, lootmin: 2, lootmax: 4, wanted: 3, deloot: 1, containermaxsum: 4
19:18:09.91 [CE][Links] found 2 total links between groups, of 42
19:18:09.91 [CE][SpawnRandomLoot] (StaticPoliceSituation) :: Type: Land_Wreck_sed01_aban1_police_DE, lootmin: 2, lootmax: 4, wanted: 3, deloot: 1, containermaxsum: 4
19:18:09.94 [CE][Links] found 2 total links between groups, of 43
19:18:09.94 [CE][SpawnRandomLoot] (StaticPoliceSituation) :: Type: Land_Wreck_sed02_aban2_red_DE, lootmin: 2, lootmax: 2, wanted: 2, deloot: 1, containermaxsum: 2
19:18:09.95 [CE][Links] found 4 total links between groups, of 44
19:18:09.95 [CE][SpawnRandomLoot] (StaticPoliceSituation) :: Type: Land_Wreck_hb02_aban2_blue_DE, lootmin: 2, lootmax: 2, wanted: 2, deloot: 1, containermaxsum: 2
19:18:09.100 [CE][Links] found 4 total links between groups, of 45
19:18:09.100 [CE][SpawnRandomLoot] (StaticPoliceSituation) :: Type: Land_Wreck_hb02_aban1_blue_DE, lootmin: 2, lootmax: 2, wanted: 2, deloot: 1, containermaxsum: 2
19:18:09.102 [CE][Links] found 4 total links between groups, of 46
19:18:09.102 [CE][SpawnRandomLoot] (StaticPoliceSituation) :: Type: Land_Wreck_sed02_aban2_yellow_DE, lootmin: 2, lootmax: 2, wanted: 2, deloot: 1, containermaxsum: 2
19:18:09.104 [CE][Links] found 4 total links between groups, of 47
19:18:09.104 [CE][SpawnRandomLoot] (StaticPoliceSituation) :: Type: Land_Wreck_sed01_aban2_police_DE, lootmin: 2, lootmax: 4, wanted: 2, deloot: 1, containermaxsum: 4
19:18:09.105 [CE][Links] found 4 total links between groups, of 48
19:18:09.105 [CE][SpawnRandomLoot] (StaticPoliceSituation) :: Type: Land_Wreck_sed01_aban2_police_DE, lootmin: 2, lootmax: 4, wanted: 3, deloot: 1, containermaxsum: 4
19:18:09.108 [CE][Links] found 6 total links between groups, of 49
19:18:09.108 [CE][SpawnRandomLoot] (StaticPoliceSituation) :: Type: Land_Wreck_sed01_aban1_police_DE, lootmin: 2, lootmax: 4, wanted: 3, deloot: 1, containermaxsum: 4
19:18:09.111 [CE][Links] found 6 total links between groups, of 50
19:18:09.111 [CE][SpawnRandomLoot] (StaticPoliceSituation) :: Type: Land_Wreck_sed01_aban1_police_DE, lootmin: 2, lootmax: 4, wanted: 3, deloot: 1, containermaxsum: 4
19:18:09.113 [CE][Links] found 6 total links between groups, of 51
19:18:09.113 [CE][SpawnRandomLoot] (StaticPoliceSituation) :: Type: Land_Wreck_sed01_aban2_police_DE, lootmin: 2, lootmax: 4, wanted: 2, deloot: 1, containermaxsum: 4
19:18:09.115 [CE][Links] found 6 total links between groups, of 52
19:18:09.115 [CE][SpawnRandomLoot] (StaticPoliceSituation) :: Type: Land_Wreck_sed01_aban1_police_DE, lootmin: 2, lootmax: 4, wanted: 2, deloot: 1, containermaxsum: 4
19:18:09.123 [CE][Links] found 6 total links between groups, of 53
19:18:09.123 [CE][SpawnRandomLoot] (StaticTrain) :: Type: StaticObj_Wreck_Train_742_Red_DE, lootmin: 1, lootmax: 3, wanted: 2, deloot: 0, containermaxsum: 15
19:18:09.124 [CE][Links] found 6 total links between groups, of 54
19:18:09.124 [CE][SpawnRandomLoot] (StaticTrain) :: Type: Land_Wreck_hb02_aban2_red_DE, lootmin: 1, lootmax: 3, wanted: 2, deloot: 0, containermaxsum: 2
19:18:09.124 [CE][SpawnRandomLoot] (StaticTrain) :: Type: Land_Wreck_hb02_aban2_red_DE :: !!! Sum of container LootMax is lower than event child LootMax (2 < 3)
19:18:09.125 [CE][Links] found 6 total links between groups, of 55
19:18:09.125 [CE][SpawnRandomLoot] (StaticTrain) :: Type: StaticObj_Wreck_Train_Wagon_Tanker_DE, lootmin: 1, lootmax: 3, wanted: 2, deloot: 0, containermaxsum: 15
19:18:09.126 [CE][Links] found 6 total links between groups, of 56
19:18:09.126 [CE][SpawnRandomLoot] (StaticTrain) :: Type: Land_Train_Wagon_Box_DE, lootmin: 2, lootmax: 3, wanted: 2, deloot: 0, containermaxsum: 15
19:18:09.127 [CE][Links] found 6 total links between groups, of 57
19:18:09.127 [CE][SpawnRandomLoot] (StaticTrain) :: Type: Land_Train_Wagon_Box_DE, lootmin: 2, lootmax: 3, wanted: 2, deloot: 0, containermaxsum: 15
19:18:09.128 [CE][Links] found 6 total links between groups, of 58
19:18:09.128 [CE][SpawnRandomLoot] (StaticTrain) :: Type: StaticObj_Wreck_Train_Wagon_Tanker_DE, lootmin: 1, lootmax: 3, wanted: 2, deloot: 0, containermaxsum: 15
19:18:09.128 [CE][Links] found 6 total links between groups, of 59
19:18:09.128 [CE][SpawnRandomLoot] (StaticTrain) :: Type: StaticObj_Wreck_Train_Wagon_Tanker_DE, lootmin: 1, lootmax: 3, wanted: 2, deloot: 0, containermaxsum: 15
19:18:09.129 [CE][Links] found 6 total links between groups, of 60
19:18:09.129 [CE][SpawnRandomLoot] (StaticTrain) :: Type: StaticObj_Wreck_Train_Wagon_Tanker_DE, lootmin: 1, lootmax: 3, wanted: 1, deloot: 0, containermaxsum: 15
19:18:09.130 [CE][Links] found 6 total links between groups, of 61
19:18:09.130 [CE][SpawnRandomLoot] (StaticTrain) :: Type: Land_Train_Wagon_Box_DE, lootmin: 2, lootmax: 3, wanted: 2, deloot: 0, containermaxsum: 15
19:18:09.130 [CE][Links] found 6 total links between groups, of 62
19:18:09.130 [CE][SpawnRandomLoot] (StaticTrain) :: Type: Land_Train_Wagon_Box_DE, lootmin: 2, lootmax: 3, wanted: 2, deloot: 0, containermaxsum: 15
19:18:09.131 [CE][Links] found 6 total links between groups, of 63
19:18:09.131 [CE][SpawnRandomLoot] (StaticTrain) :: Type: Land_Train_Wagon_Box_DE, lootmin: 2, lootmax: 3, wanted: 2, deloot: 0, containermaxsum: 15
19:18:09.134 [CE][Links] found 6 total links between groups, of 64
19:18:09.134 [CE][SpawnRandomLoot] (StaticTrain) :: Type: StaticObj_Wreck_Train_742_Red_DE, lootmin: 1, lootmax: 3, wanted: 2, deloot: 0, containermaxsum: 15
19:18:09.135 [CE][Links] found 6 total links between groups, of 65
19:18:09.135 [CE][SpawnRandomLoot] (StaticTrain) :: Type: StaticObj_Wreck_Train_Wagon_Tanker_DE, lootmin: 1, lootmax: 3, wanted: 2, deloot: 0, containermaxsum: 15
19:18:09.136 [CE][Links] found 6 total links between groups, of 66
19:18:09.136 [CE][SpawnRandomLoot] (StaticTrain) :: Type: StaticObj_Wreck_Train_Wagon_Tanker_DE, lootmin: 1, lootmax: 3, wanted: 1, deloot: 0, containermaxsum: 15
19:18:09.137 [CE][Links] found 6 total links between groups, of 67
19:18:09.137 [CE][SpawnRandomLoot] (StaticTrain) :: Type: Land_Train_Wagon_Box_DE, lootmin: 2, lootmax: 3, wanted: 2, deloot: 0, containermaxsum: 15
19:18:09.138 [CE][Links] found 6 total links between groups, of 68
19:18:09.138 [CE][SpawnRandomLoot] (StaticTrain) :: Type: Land_Train_Wagon_Box_DE, lootmin: 2, lootmax: 3, wanted: 2, deloot: 0, containermaxsum: 15
19:18:09.139 [CE][Links] found 6 total links between groups, of 69
19:18:09.139 [CE][SpawnRandomLoot] (StaticTrain) :: Type: Land_Train_Wagon_Box_DE, lootmin: 2, lootmax: 3, wanted: 2, deloot: 0, containermaxsum: 15
19:18:09.140 [CE][Links] found 6 total links between groups, of 70
19:18:09.140 [CE][SpawnRandomLoot] (StaticTrain) :: Type: Land_Train_Wagon_Box_DE, lootmin: 2, lootmax: 3, wanted: 2, deloot: 0, containermaxsum: 15
19:18:09.141 [CE][Links] found 6 total links between groups, of 71
19:18:09.141 [CE][SpawnRandomLoot] (StaticTrain) :: Type: Land_Train_Wagon_Box_DE, lootmin: 2, lootmax: 3, wanted: 2, deloot: 0, containermaxsum: 15
19:18:09.142 [CE][Links] found 6 total links between groups, of 72
19:18:09.142 [CE][SpawnRandomLoot] (StaticTrain) :: Type: Land_Wreck_sed02_aban1_yellow_DE, lootmin: 1, lootmax: 3, wanted: 2, deloot: 0, containermaxsum: 2
19:18:09.142 [CE][SpawnRandomLoot] (StaticTrain) :: Type: Land_Wreck_sed02_aban1_yellow_DE :: !!! Sum of container LootMax is lower than event child LootMax (2 < 3)
19:18:09.144 [CE][Links] found 6 total links between groups, of 73
19:18:09.144 [CE][SpawnRandomLoot] (StaticTrain) :: Type: StaticObj_Wreck_Train_742_Red_DE, lootmin: 1, lootmax: 3, wanted: 2, deloot: 0, containermaxsum: 15
19:18:09.145 [CE][Links] found 6 total links between groups, of 74
19:18:09.145 [CE][SpawnRandomLoot] (StaticTrain) :: Type: Land_Train_Wagon_Box_DE, lootmin: 2, lootmax: 3, wanted: 2, deloot: 0, containermaxsum: 15
19:18:09.146 [CE][Links] found 6 total links between groups, of 75
19:18:09.146 [CE][SpawnRandomLoot] (StaticTrain) :: Type: Land_Train_Wagon_Box_DE, lootmin: 2, lootmax: 3, wanted: 2, deloot: 0, containermaxsum: 15
19:18:09.147 [CE][Links] found 6 total links between groups, of 76
19:18:09.147 [CE][SpawnRandomLoot] (StaticTrain) :: Type: Land_Train_Wagon_Box_DE, lootmin: 2, lootmax: 3, wanted: 2, deloot: 0, containermaxsum: 15
19:18:09.148 [CE][Links] found 6 total links between groups, of 77
19:18:09.148 [CE][SpawnRandomLoot] (StaticTrain) :: Type: Land_Train_Wagon_Box_DE, lootmin: 2, lootmax: 3, wanted: 2, deloot: 0, containermaxsum: 15
19:18:09.149 [CE][Links] found 6 total links between groups, of 78
19:18:09.149 [CE][SpawnRandomLoot] (StaticTrain) :: Type: Land_Train_Wagon_Box_DE, lootmin: 2, lootmax: 3, wanted: 2, deloot: 0, containermaxsum: 15
19:18:09.149 [CE][Links] found 6 total links between groups, of 79
19:18:09.149 [CE][SpawnRandomLoot] (StaticTrain) :: Type: Land_Train_Wagon_Box_DE, lootmin: 2, lootmax: 3, wanted: 2, deloot: 0, containermaxsum: 15
19:18:09.836 !!! [CE][VehicleRespawner] (PRIZodiacBoat) :: Init: "VehicleZodiacBoat" - Failed to spawn the requested amount (14 < 16) within 48 attempts.
19:18:09.836 !!! [CE][VehicleRespawner] (PRIGyroHelicopter) :: Init: "VehicleGyroHelicopter" - There are not enough positions in "cfgeventspawns.xml", 1 < 2
19:18:09.842 !!! [CE][VehicleRespawner] (PRIGyroHelicopter) :: Init: "VehicleGyroHelicopter" - Failed to spawn the requested amount (1 < 2) within 6 attempts.
19:18:09.842 [CE][DynEvent] :: 58 types
19:18:09.842 [00] AmbientHen
19:18:09.842   Primary Spawner: "Ambient", active: yes, repeat: 1
19:18:09.842 [01] AnimalBear
19:18:09.842   Primary Spawner: "Animal", active: yes, repeat: 1
19:18:09.842 [02] AnimalCow
19:18:09.842   Primary Spawner: "Animal", active: yes, repeat: 1
19:18:09.842 [03] AnimalDeer
19:18:09.842   Primary Spawner: "Animal", active: yes, repeat: 1
19:18:09.842 [04] AnimalGoat
19:18:09.842   Primary Spawner: "Animal", active: yes, repeat: 1
19:18:09.842 [05] AnimalPig
19:18:09.842   Primary Spawner: "Animal", active: yes, repeat: 1
19:18:09.842 [06] AnimalRoeDeer
19:18:09.842   Primary Spawner: "Animal", active: yes, repeat: 1
19:18:09.842 [07] AnimalSheep
19:18:09.842   Primary Spawner: "Animal", active: yes, repeat: 1
19:18:09.842 [08] AnimalWildBoar
19:18:09.842   Primary Spawner: "Animal", active: yes, repeat: 1
19:18:09.842 [09] AnimalWolf
19:18:09.842   Primary Spawner: "Animal", active: yes, repeat: 1
19:18:09.842 [10] InfectedArmy
19:18:09.842   Primary Spawner: "Infected", active: yes, repeat: 1
19:18:09.842 [11] InfectedArmyHard
19:18:09.842   Primary Spawner: "Infected", active: yes, repeat: 1
19:18:09.842 [12] InfectedCity
19:18:09.842   Primary Spawner: "Infected", active: yes, repeat: 1
19:18:09.842 [13] InfectedCityTier1
19:18:09.842   Primary Spawner: "Infected", active: yes, repeat: 1
19:18:09.842 [14] InfectedFirefighter
19:18:09.842   Primary Spawner: "Infected", active: yes, repeat: 1
19:18:09.842 [15] InfectedIndustrial
19:18:09.842   Primary Spawner: "Infected", active: yes, repeat: 1
19:18:09.842 [16] InfectedMedic
19:18:09.842   Primary Spawner: "Infected", active: yes, repeat: 1
19:18:09.842 [17] InfectedNBC
19:18:09.842   Primary Spawner: "Infected", active: yes, repeat: 1
19:18:09.842 [18] InfectedNBCYellow
19:18:09.842   Primary Spawner: "Infected", active: yes, repeat: 1
19:18:09.842 [19] InfectedPolice
19:18:09.842   Primary Spawner: "Infected", active: yes, repeat: 1
19:18:09.842 [20] InfectedPoliceHard
19:18:09.842   Primary Spawner: "Infected", active: yes, repeat: 1
19:18:09.842 [21] InfectedPrisoner
19:18:09.842   Primary Spawner: "Infected", active: yes, repeat: 1
19:18:09.842 [22] InfectedReligious
19:18:09.842   Primary Spawner: "Infected", active: yes, repeat: 1
19:18:09.842 [23] InfectedSanta
19:18:09.842   Primary Spawner: "Infected", active: yes, repeat: 1
19:18:09.842 [24] InfectedSolitude
19:18:09.842   Primary Spawner: "Infected", active: yes, repeat: 1
19:18:09.842 [25] InfectedVillage
19:18:09.842   Primary Spawner: "Infected", active: yes, repeat: 1
19:18:09.842 [26] InfectedVillageTier1
19:18:09.842   Primary Spawner: "Infected", active: yes, repeat: 1
19:18:09.842 [27] ItemPlanks
19:18:09.842   Primary Spawner: "Item", active: yes, repeat: 1
19:18:09.842 [28] Loot
19:18:09.842   Primary Spawner: "Loot", active: yes, repeat: 2
19:18:09.842 [29] StaticContaminatedArea
19:18:09.842   Primary Spawner: "Static", active: yes, repeat: 1
19:18:09.842 [30] StaticHeliCrash
19:18:09.842   Primary Spawner: "Static", active: yes, repeat: 1
19:18:09.842   Secondary Spawner: "Infected", active: yes, repeat: 1
19:18:09.842 [31] StaticMilitaryConvoy
19:18:09.842   Primary Spawner: "Static", active: yes, repeat: 1
19:18:09.842   Secondary Spawner: "Infected", active: yes, repeat: 1
19:18:09.842 [32] StaticPoliceSituation
19:18:09.842   Primary Spawner: "Static", active: yes, repeat: 1
19:18:09.842   Secondary Spawner: "Infected", active: yes, repeat: 1
19:18:09.843 [33] StaticTrain
19:18:09.843   Primary Spawner: "Static", active: yes, repeat: 1
19:18:09.843   Secondary Spawner: "Infected", active: yes, repeat: 1
19:18:09.843 [34] TrajectoryApple
19:18:09.843   Primary Spawner: "Trajectory", active: yes, repeat: 1
19:18:09.843 [35] TrajectoryConiferous
19:18:09.843   Primary Spawner: "Trajectory", active: yes, repeat: 1
19:18:09.843 [36] TrajectoryDeciduous
19:18:09.843   Primary Spawner: "Trajectory", active: yes, repeat: 1
19:18:09.843 [37] TrajectoryHumus
19:18:09.843   Primary Spawner: "Trajectory", active: yes, repeat: 1
19:18:09.843 [38] TrajectoryPear
19:18:09.843   Primary Spawner: "Trajectory", active: yes, repeat: 1
19:18:09.843 [39] TrajectoryPlum
19:18:09.843   Primary Spawner: "Trajectory", active: yes, repeat: 1
19:18:09.843 [40] TrajectoryStones
19:18:09.843   Primary Spawner: "Trajectory", active: yes, repeat: 1
19:18:09.843 [41] VehicleCivilianSedan
19:18:09.843   Primary Spawner: "Vehicle", active: yes, repeat: 1
19:18:09.843 [42] VehicleHatchback02
19:18:09.843   Primary Spawner: "Vehicle", active: yes, repeat: 1
19:18:09.843 [43] VehicleOffroad02
19:18:09.843   Primary Spawner: "Vehicle", active: yes, repeat: 1
19:18:09.843 [44] VehicleOffroadHatchback
19:18:09.843   Primary Spawner: "Vehicle", active: yes, repeat: 1
19:18:09.843 [45] VehicleSedan02
19:18:09.843   Primary Spawner: "Vehicle", active: yes, repeat: 1
19:18:09.843 [46] VehicleTruck01
19:18:09.843   Primary Spawner: "Vehicle", active: yes, repeat: 1
19:18:09.843 [47] VehicleUAZ
19:18:09.843   Primary Spawner: "Vehicle", active: yes, repeat: 1
19:18:09.843 [48] VehicleVodnik
19:18:09.843   Primary Spawner: "Vehicle", active: yes, repeat: 1
19:18:09.843 [49] VehicleBus
19:18:09.843   Primary Spawner: "Vehicle", active: yes, repeat: 1
19:18:09.843 [50] VehicleTractor
19:18:09.843   Primary Spawner: "Vehicle", active: yes, repeat: 1
19:18:09.843 [51] VehicleLandRover
19:18:09.843   Primary Spawner: "Vehicle", active: yes, repeat: 1
19:18:09.843 [52] VehicleMH6Helicopter
19:18:09.843   Primary Spawner: "Vehicle", active: yes, repeat: 1
19:18:09.843 [53] VehicleMerlinHelicopter
19:18:09.843   Primary Spawner: "Vehicle", active: yes, repeat: 1
19:18:09.843 [54] VehicleUh1hHelicopter
19:18:09.843   Primary Spawner: "Vehicle", active: yes, repeat: 1
19:18:09.843 [55] VehicleUtilityBoat
19:18:09.843   Primary Spawner: "Vehicle", active: yes, repeat: 1
19:18:09.843 [56] VehicleZodiacBoat
19:18:09.843   Primary Spawner: "Vehicle", active: yes, repeat: 1
19:18:09.843 [57] VehicleGyroHelicopter
