

=====================================================================
== C:\Program Files (x86)\Steam\steamapps\common\DayZServerAug2\DayZServer_x64.exe
== "DayZServer_x64.exe" -config=serverDZ.cfg -mod=@CF;@CommunityOnlineTools;@DabsFramework;@DayZ-Editor-Loader;@DayZ-Expansion-Animations;@DayZ-Expansion-Bundle;@DayZ-Expansion-Licensed;@MMG-MightysMilitaryGear;@PvZmoD_CustomisableZombies "-serverMod=_@DayZ-Dynamic-AI-Addon" -port=2302 -profiles=config -cpuCount=4 -adminlog -netlog -freezecheck 
=====================================================================
Exe timestamp: 2023/07/27 17:06:07
Current time:  2023/08/16 19:13:56

Version 1.21.156300
19:13:56.509 [Inputs] Loading inputs default "bin/constants.xml"
19:13:56.512 [Inputs] Loading inputs default "bin/specific.xml"
19:13:56.513 [Inputs] Loading inputs default "JM/COT/Scripts/Data/Inputs.xml"
19:13:56.513 !!! [Inputs] Cannot Register "UAObjectModuleDeleteOnCursor" non-existent input - Fix Preset!
19:13:56.513 [Inputs] Loading inputs default "LIVEN/PvZmoD_CustomisableZombies/inputs.xml"
19:13:56.514 [Inputs] Loading inputs default "DayZExpansion/Groups/Scripts/Data/Inputs.xml"
19:13:56.514 [Inputs] Loading inputs default "DayZExpansion/Navigation/Scripts/Data/Inputs.xml"
19:13:56.514 !!! [Inputs] Attempt to register duplicate exclusion group "chatexpansion"
19:13:56.514 [Inputs] Loading inputs default "DayZExpansion/PlayerList/Scripts/Data/Inputs.xml"
19:13:56.514 !!! [Inputs] Attempt to register duplicate exclusion group "chatexpansion"
19:13:56.514 [Inputs] Loading inputs default "DayZExpansion/Scripts/Data/Inputs.xml"
19:13:56.514 !!! [Inputs] Attempt to register duplicate exclusion group "chatexpansion"
19:13:56.515 [Inputs] Loading inputs default "DayZExpansion/Vehicles/Scripts/Data/Inputs.xml"
19:13:56.515 [Inputs] Loading inputs default "DayZExpansion/AI/Scripts/inputs.xml"
19:13:56.515 [Inputs] Loading inputs default "DayZExpansion/BaseBuilding/Scripts/Data/Inputs.xml"
19:13:56.516 !!! [Inputs] Attempt to register duplicate exclusion group "chatexpansion"
19:13:56.516 [Inputs] Loading inputs default "DayZExpansion/Book/Scripts/Data/Inputs.xml"
19:13:56.516 !!! [Inputs] Attempt to register duplicate exclusion group "chatexpansion"
19:13:56.516 [Inputs] Loading inputs default "DayZExpansion/Chat/Scripts/Data/Inputs.xml"
19:13:56.516 !!! [Inputs] Attempt to register duplicate exclusion group "chatexpansion"
19:13:56.516 [Inputs] Loading inputs default "DayZExpansion/Quests/Scripts/Data/Inputs.xml"
19:13:56.516 [Inputs] Loading inputs cfg "config\Users\Survivor\Server.core.xml"
19:13:56.516 !!! [Inputs] Cannot read inputs cfg "config\Users\Survivor\Server.core.xml", parser error
19:13:56.516 [Inputs] Loading inputs cfg "bin/core.xml"
19:13:56.516 !!! [Inputs] Cannot load input preset "#STR_USER", file does not exist
19:13:56.517 [Inputs] Exporting inputs cfg "config\Users\Survivor\Server.core.xml"
19:14:16.737 [CE][Hive] :: Initializing OFFLINE
19:14:16.738 [StorageDirs] :: Selected storage directory: C:\Program Files (x86)\Steam\steamapps\common\DayZServerAug2\mpmissions\Expansion.chernarusplus\storage_1\
19:14:16.738 [CE][Hive] :: Loading core data ... 
19:14:16.742 [CE][CoreData] :: 7 root classes, 18 defaults, 0 updaters...
19:14:19.498 [CE] :: WARNING :: Preset map "optics" is EMPTY.
19:14:19.499 [CE][TypeSetup] :: 505 classes setuped...
19:14:19.506 [CE] :: WARNING :: Preset map "optics" is EMPTY.
19:14:19.507 [CE][TypeSetup] :: 97 classes setuped...
19:14:19.514 [CE] :: WARNING :: Preset map "optics" is EMPTY.
19:14:19.514 [CE][TypeSetup] :: 206 classes setuped...
19:14:20.595 [CE][RegisterBind] :: 0 classes binded...
19:14:20.595 [CE][RegisterConfig] :: 11818 config classes registered, 0 sub-counters...
19:14:20.595 [CE][Hive] :: Loading map data ... 
19:14:20.608 [CE][IgnoreList] "cfgignorelist.xml" :: loaded 19 types
19:14:20.658 !!! [CE] :: Unknown category: 'vehicleparts'.
19:14:20.658 !!! [CE] :: Unknown category: 'vehicleparts'.
19:14:20.658 !!! [CE] :: Unknown category: 'vehicleparts'.
19:14:20.658 !!! [CE] :: Unknown category: 'vehicleparts'.
19:14:20.658 !!! [CE] :: Unknown category: 'vehicleparts'.
19:14:20.658 !!! [CE] :: Unknown category: 'vehicleparts'.
19:14:20.658 !!! [CE] :: Unknown category: 'vehicleparts'.
19:14:20.658 !!! [CE] :: Unknown category: 'vehicleparts'.
19:14:20.658 !!! [CE] :: Unknown category: 'vehicleparts'.
19:14:20.658 !!! [CE] :: Unknown category: 'vehicleparts'.
19:14:20.658 !!! [CE] :: Unknown category: 'vehicleparts'.
19:14:20.658 !!! [CE] :: Unknown category: 'vehicleparts'.
19:14:20.658 !!! [CE] :: Unknown category: 'vehicleparts'.
19:14:20.658 !!! [CE] :: Unknown category: 'vehicleparts'.
19:14:20.658 !!! [CE] :: Unknown category: 'vehicleparts'.
19:14:20.658 !!! [CE] :: Unknown category: 'vehicleparts'.
19:14:20.658 !!! [CE] :: Unknown category: 'vehicleparts'.
19:14:20.658 !!! [CE] :: Unknown category: 'vehicleparts'.
19:14:20.658 !!! [CE] :: Unknown category: 'vehicleparts'.
19:14:20.658 !!! [CE] :: Unknown category: 'vehicleparts'.
19:14:20.658 !!! [CE] :: Unknown category: 'vehicleparts'.
19:14:20.658 !!! [CE] :: Unknown category: 'vehicleparts'.
19:14:20.658 !!! [CE] :: Unknown category: 'vehicleparts'.
19:14:20.658 !!! [CE] :: Unknown category: 'vehicleparts'.
19:14:20.658 !!! [CE] :: Unknown category: 'vehicleparts'.
19:14:20.658 !!! [CE] :: Unknown category: 'vehicleparts'.
19:14:20.658 !!! [CE] :: Unknown category: 'vehicleparts'.
19:14:20.658 !!! [CE] :: Unknown category: 'vehicleparts'.
19:14:20.658 !!! [CE] :: Unknown category: 'vehicleparts'.
19:14:20.658 !!! [CE] :: Unknown category: 'vehicleparts'.
19:14:20.658 !!! [CE] :: Unknown category: 'vehicleparts'.
19:14:20.658 !!! [CE] :: Unknown category: 'vehicleparts'.
19:14:20.658 !!! [CE] :: Unknown category: 'vehicleparts'.
19:14:20.658 !!! [CE] :: Unknown category: 'vehicleparts'.
19:14:20.659 !!! [CE] :: Unknown category: 'vehicleparts'.
19:14:20.659 !!! [CE] :: Unknown category: 'vehicleparts'.
19:14:20.659 !!! [CE] :: Unknown category: 'vehicleparts'.
19:14:20.659 !!! [CE] :: Unknown category: 'vehicleparts'.
19:14:20.659 !!! [CE] :: Unknown category: 'vehicleparts'.
19:14:20.659 !!! [CE] :: Unknown category: 'vehicleparts'.
19:14:20.659 !!! [CE] :: Unknown category: 'vehicleparts'.
19:14:20.659 !!! [CE] :: Unknown category: 'vehicleparts'.
19:14:20.659 !!! [CE] :: Unknown category: 'vehicleparts'.
19:14:20.659 !!! [CE] :: Unknown category: 'vehicleparts'.
19:14:20.659 !!! [CE] :: Unknown category: 'vehicleparts'.
19:14:20.659 !!! [CE] :: Unknown category: 'vehicleparts'.
19:14:20.659 !!! [CE] :: Unknown category: 'vehicleparts'.
19:14:20.659 !!! [CE] :: Unknown category: 'vehicleparts'.
19:14:20.659 !!! [CE] :: Unknown category: 'vehicleparts'.
19:14:20.659 !!! [CE] :: Unknown category: 'vehicleparts'.
19:14:20.659 !!! [CE] :: Unknown category: 'vehicleparts'.
19:14:20.659 !!! [CE] :: Unknown category: 'vehicleparts'.
19:14:20.659 [CE][LoadPrototype] :: loaded 413 prototypes
19:14:20.659   799 containers, 10078 points
19:14:20.659   66 dispatches, 239 proxies
19:14:20.659 !!! [CE][LoadPrototype] 5 groups have no points...
19:14:20.659 [CE][LoadPrototype] :: last group name: Land_Wreck_sed02_aban2_red_DE...
19:14:20.665 [CE][LoadPrototype] :: loaded 0 prototypes
19:14:20.665   55 containers, 232 points
19:14:20.665   0 dispatches, 0 proxies
19:14:20.665 [CE][LoadPrototype] :: last group name: Rail9...
19:14:21.308 [CE][LoadMap] "Group" :: loaded 11709 groups, groups failed: 0, largest group range: 34.2
19:14:21.314 [CE][LoadMap] "Dirt" :: loaded 0 groups, groups failed: 0, largest group range: 34.2
19:14:21.572 [CE][Links] found 1908 total links between groups, of 11709
19:14:21.572 [CE][LoadClusters] "Cluster" :: Loading files...
19:14:21.734 [CE][LoadClusters] :: file: "mapgroupcluster.xml", 9 types, 50000 instances
19:14:21.902 [CE][LoadClusters] :: file: "mapgroupcluster01", 9 types, 50000 instances
19:14:22.81 [CE][LoadClusters] :: file: "mapgroupcluster02", 9 types, 50000 instances
19:14:22.254 [CE][LoadClusters] :: file: "mapgroupcluster03", 9 types, 50000 instances
19:14:22.322 [CE][LoadClusters] :: file: "mapgroupcluster04", 9 types, 17347 instances
19:14:22.328 [CE][Storage] ver:21 stamp:481, valid:yes, name:"C:\Program Files (x86)\Steam\steamapps\common\DayZServerAug2\mpmissions\Expansion.chernarusplus\storage_1\data\types.bin"
19:14:22.331 [CE][Storage] ver:21 stamp:482, valid:yes, name:"C:\Program Files (x86)\Steam\steamapps\common\DayZServerAug2\mpmissions\Expansion.chernarusplus\storage_1\data\types.001"
19:14:22.336 [CE][Storage] ver:21 stamp:483, valid:yes, name:"C:\Program Files (x86)\Steam\steamapps\common\DayZServerAug2\mpmissions\Expansion.chernarusplus\storage_1\data\types.002"
19:14:22.336 [CE][Storage] Restoring file "C:\Program Files (x86)\Steam\steamapps\common\DayZServerAug2\mpmissions\Expansion.chernarusplus\storage_1\data\types.002".
19:14:22.455 !!! [CE][offlineDB] :: No Shutdown message present.
19:14:22.462 [CE][offlineDB] :: Loaded 47 dynamic events 225 total types.
19:14:22.466 !!! [CE][DE] (VehicleTruck01) :: Unable to create child (Truck_01_Covered_Grey) as the type does not exist.
19:14:22.466 [CE][offlineDB] :: Loaded 58 dynamic events 289 total types.
19:14:22.482 !!! [CE][offlineDB] :: Type 'ChristmasTree' will be ignored. (Not spawnable. (Scope is not public?))
19:14:22.495 !!! [CE][offlineDB] :: Type 'Expansion_M79' will be ignored. (Not spawnable. (Scope is not public?))
19:14:22.495 !!! [CE][offlineDB] :: Type 'ExpansionFlaregun' will be ignored. (Not spawnable. (Scope is not public?))
19:14:22.495 !!! [CE][offlineDB] :: Type 'Expansion_Longhorn' will be ignored. (Not spawnable. (Scope is not public?))
19:14:22.518 !!! [CE][offlineDB] :: Type 'MMG_tactical_shirt_dark_woodland' will be ignored. (Type does not exist. (Typo?))
19:14:22.533 !!! [CE][offlineDB] :: Type 'MMG_mmps_nag_multicamblack' will be ignored. (Type does not exist. (Typo?))
19:14:22.537 !!! [CE][offlineDB] :: Type 'MMG_assault_pack_multicam_tropic' will be ignored. (Type does not exist. (Typo?))
19:14:22.687 !!! [CE][DE][SPAWNS] :: [WARNING] :: Skipping entry for non-existing event 'VehicleTransitBus'.
19:14:22.687 [CE][DE][SPAWNS] :: Total positions: 987
19:14:22.687 [CE][DE][GROUPS] :: Total eventgroups defined: 83, Eventgroups in use: 83
19:14:22.691 [CE][Storage] ver:21 stamp:481, valid:yes, name:"C:\Program Files (x86)\Steam\steamapps\common\DayZServerAug2\mpmissions\Expansion.chernarusplus\storage_1\data\events.bin"
19:14:22.693 [CE][Storage] ver:21 stamp:482, valid:yes, name:"C:\Program Files (x86)\Steam\steamapps\common\DayZServerAug2\mpmissions\Expansion.chernarusplus\storage_1\data\events.001"
19:14:22.696 [CE][Storage] ver:21 stamp:483, valid:yes, name:"C:\Program Files (x86)\Steam\steamapps\common\DayZServerAug2\mpmissions\Expansion.chernarusplus\storage_1\data\events.002"
19:14:22.696 [CE][Storage] Restoring file "C:\Program Files (x86)\Steam\steamapps\common\DayZServerAug2\mpmissions\Expansion.chernarusplus\storage_1\data\events.002".
19:14:22.697 [CE][DynamicEvent] Load  Events:[58] Primary spawners: 58 Secondary spawners: 4
19:14:22.700 [CE][Storage] ver:25 stamp:481, valid:yes, name:"C:\Program Files (x86)\Steam\steamapps\common\DayZServerAug2\mpmissions\Expansion.chernarusplus\storage_1\data\dynamic_000.bin"
19:14:22.704 [CE][Storage] ver:25 stamp:482, valid:yes, name:"C:\Program Files (x86)\Steam\steamapps\common\DayZServerAug2\mpmissions\Expansion.chernarusplus\storage_1\data\dynamic_000.001"
19:14:22.708 [CE][Storage] ver:25 stamp:483, valid:yes, name:"C:\Program Files (x86)\Steam\steamapps\common\DayZServerAug2\mpmissions\Expansion.chernarusplus\storage_1\data\dynamic_000.002"
19:14:22.708 [CE][Storage] Restoring file "C:\Program Files (x86)\Steam\steamapps\common\DayZServerAug2\mpmissions\Expansion.chernarusplus\storage_1\data\dynamic_000.002" 963 items.
19:14:23.169   963 items loaded. (0 failed)
19:14:23.174 [CE][Storage] ver:25 stamp:481, valid:yes, name:"C:\Program Files (x86)\Steam\steamapps\common\DayZServerAug2\mpmissions\Expansion.chernarusplus\storage_1\data\dynamic_001.bin"
19:14:23.178 [CE][Storage] ver:25 stamp:482, valid:yes, name:"C:\Program Files (x86)\Steam\steamapps\common\DayZServerAug2\mpmissions\Expansion.chernarusplus\storage_1\data\dynamic_001.001"
19:14:23.180 [CE][Storage] ver:25 stamp:483, valid:yes, name:"C:\Program Files (x86)\Steam\steamapps\common\DayZServerAug2\mpmissions\Expansion.chernarusplus\storage_1\data\dynamic_001.002"
19:14:23.181 [CE][Storage] Restoring file "C:\Program Files (x86)\Steam\steamapps\common\DayZServerAug2\mpmissions\Expansion.chernarusplus\storage_1\data\dynamic_001.002" 1917 items.
19:14:23.925   1917 items loaded. (0 failed)
19:14:23.929 !!! [CE][Storage] Failed to read [Storage] data file "C:\Program Files (x86)\Steam\steamapps\common\DayZServerAug2\mpmissions\Expansion.chernarusplus\storage_1\data\dynamic_002.bin".
19:14:23.929   File not closed...
19:14:23.929 [CE][Storage] ver:25 stamp:484, valid:NO, name:"C:\Program Files (x86)\Steam\steamapps\common\DayZServerAug2\mpmissions\Expansion.chernarusplus\storage_1\data\dynamic_002.bin"
19:14:23.932 [CE][Storage] ver:25 stamp:482, valid:yes, name:"C:\Program Files (x86)\Steam\steamapps\common\DayZServerAug2\mpmissions\Expansion.chernarusplus\storage_1\data\dynamic_002.001"
19:14:23.935 [CE][Storage] ver:25 stamp:483, valid:yes, name:"C:\Program Files (x86)\Steam\steamapps\common\DayZServerAug2\mpmissions\Expansion.chernarusplus\storage_1\data\dynamic_002.002"
19:14:23.935 [CE][Storage] Restoring file "C:\Program Files (x86)\Steam\steamapps\common\DayZServerAug2\mpmissions\Expansion.chernarusplus\storage_1\data\dynamic_002.002" 2828 items.
19:14:24.871   2828 items loaded. (0 failed)
19:14:24.876 [CE][Storage] ver:25 stamp:484, valid:yes, name:"C:\Program Files (x86)\Steam\steamapps\common\DayZServerAug2\mpmissions\Expansion.chernarusplus\storage_1\data\dynamic_003.bin"
19:14:24.880 [CE][Storage] ver:25 stamp:482, valid:yes, name:"C:\Program Files (x86)\Steam\steamapps\common\DayZServerAug2\mpmissions\Expansion.chernarusplus\storage_1\data\dynamic_003.001"
19:14:24.883 [CE][Storage] ver:25 stamp:483, valid:yes, name:"C:\Program Files (x86)\Steam\steamapps\common\DayZServerAug2\mpmissions\Expansion.chernarusplus\storage_1\data\dynamic_003.002"
19:14:24.883 [CE][Storage] Restoring file "C:\Program Files (x86)\Steam\steamapps\common\DayZServerAug2\mpmissions\Expansion.chernarusplus\storage_1\data\dynamic_003.bin" 2603 items.
19:14:25.806   2603 items loaded. (0 failed)
19:14:25.810 [CE][Storage] ver:25 stamp:484, valid:yes, name:"C:\Program Files (x86)\Steam\steamapps\common\DayZServerAug2\mpmissions\Expansion.chernarusplus\storage_1\data\dynamic_004.bin"
19:14:25.814 [CE][Storage] ver:25 stamp:482, valid:yes, name:"C:\Program Files (x86)\Steam\steamapps\common\DayZServerAug2\mpmissions\Expansion.chernarusplus\storage_1\data\dynamic_004.001"
19:14:25.817 [CE][Storage] ver:25 stamp:483, valid:yes, name:"C:\Program Files (x86)\Steam\steamapps\common\DayZServerAug2\mpmissions\Expansion.chernarusplus\storage_1\data\dynamic_004.002"
19:14:25.817 [CE][Storage] Restoring file "C:\Program Files (x86)\Steam\steamapps\common\DayZServerAug2\mpmissions\Expansion.chernarusplus\storage_1\data\dynamic_004.bin" 2158 items.
19:14:26.558   2158 items loaded. (0 failed)
19:14:26.563 [CE][Storage] ver:25 stamp:484, valid:yes, name:"C:\Program Files (x86)\Steam\steamapps\common\DayZServerAug2\mpmissions\Expansion.chernarusplus\storage_1\data\dynamic_005.bin"
19:14:26.566 [CE][Storage] ver:25 stamp:482, valid:yes, name:"C:\Program Files (x86)\Steam\steamapps\common\DayZServerAug2\mpmissions\Expansion.chernarusplus\storage_1\data\dynamic_005.001"
19:14:26.569 [CE][Storage] ver:25 stamp:483, valid:yes, name:"C:\Program Files (x86)\Steam\steamapps\common\DayZServerAug2\mpmissions\Expansion.chernarusplus\storage_1\data\dynamic_005.002"
19:14:26.569 [CE][Storage] Restoring file "C:\Program Files (x86)\Steam\steamapps\common\DayZServerAug2\mpmissions\Expansion.chernarusplus\storage_1\data\dynamic_005.bin" 2429 items.
19:14:27.383   2429 items loaded. (0 failed)
19:14:27.388 [CE][Storage] ver:25 stamp:484, valid:yes, name:"C:\Program Files (x86)\Steam\steamapps\common\DayZServerAug2\mpmissions\Expansion.chernarusplus\storage_1\data\dynamic_006.bin"
19:14:27.393 [CE][Storage] ver:25 stamp:482, valid:yes, name:"C:\Program Files (x86)\Steam\steamapps\common\DayZServerAug2\mpmissions\Expansion.chernarusplus\storage_1\data\dynamic_006.001"
19:14:27.396 [CE][Storage] ver:25 stamp:483, valid:yes, name:"C:\Program Files (x86)\Steam\steamapps\common\DayZServerAug2\mpmissions\Expansion.chernarusplus\storage_1\data\dynamic_006.002"
19:14:27.397 [CE][Storage] Restoring file "C:\Program Files (x86)\Steam\steamapps\common\DayZServerAug2\mpmissions\Expansion.chernarusplus\storage_1\data\dynamic_006.bin" 1709 items.
19:14:28.12   1709 items loaded. (0 failed)
19:14:28.17 [CE][Storage] ver:25 stamp:484, valid:yes, name:"C:\Program Files (x86)\Steam\steamapps\common\DayZServerAug2\mpmissions\Expansion.chernarusplus\storage_1\data\dynamic_007.bin"
19:14:28.21 [CE][Storage] ver:25 stamp:482, valid:yes, name:"C:\Program Files (x86)\Steam\steamapps\common\DayZServerAug2\mpmissions\Expansion.chernarusplus\storage_1\data\dynamic_007.001"
19:14:28.25 [CE][Storage] ver:25 stamp:483, valid:yes, name:"C:\Program Files (x86)\Steam\steamapps\common\DayZServerAug2\mpmissions\Expansion.chernarusplus\storage_1\data\dynamic_007.002"
19:14:28.25 [CE][Storage] Restoring file "C:\Program Files (x86)\Steam\steamapps\common\DayZServerAug2\mpmissions\Expansion.chernarusplus\storage_1\data\dynamic_007.bin" 1657 items.
19:14:28.598   1657 items loaded. (0 failed)
19:14:28.602 [CE][Storage] ver:25 stamp:484, valid:yes, name:"C:\Program Files (x86)\Steam\steamapps\common\DayZServerAug2\mpmissions\Expansion.chernarusplus\storage_1\data\dynamic_008.bin"
19:14:28.606 [CE][Storage] ver:25 stamp:482, valid:yes, name:"C:\Program Files (x86)\Steam\steamapps\common\DayZServerAug2\mpmissions\Expansion.chernarusplus\storage_1\data\dynamic_008.001"
19:14:28.609 [CE][Storage] ver:25 stamp:483, valid:yes, name:"C:\Program Files (x86)\Steam\steamapps\common\DayZServerAug2\mpmissions\Expansion.chernarusplus\storage_1\data\dynamic_008.002"
19:14:28.610 [CE][Storage] Restoring file "C:\Program Files (x86)\Steam\steamapps\common\DayZServerAug2\mpmissions\Expansion.chernarusplus\storage_1\data\dynamic_008.bin" 2409 items.
19:14:29.458   2409 items loaded. (0 failed)
19:14:29.464 [CE][Storage] ver:25 stamp:484, valid:yes, name:"C:\Program Files (x86)\Steam\steamapps\common\DayZServerAug2\mpmissions\Expansion.chernarusplus\storage_1\data\dynamic_009.bin"
19:14:29.467 [CE][Storage] ver:25 stamp:482, valid:yes, name:"C:\Program Files (x86)\Steam\steamapps\common\DayZServerAug2\mpmissions\Expansion.chernarusplus\storage_1\data\dynamic_009.001"
19:14:29.470 [CE][Storage] ver:25 stamp:483, valid:yes, name:"C:\Program Files (x86)\Steam\steamapps\common\DayZServerAug2\mpmissions\Expansion.chernarusplus\storage_1\data\dynamic_009.002"
19:14:29.470 [CE][Storage] Restoring file "C:\Program Files (x86)\Steam\steamapps\common\DayZServerAug2\mpmissions\Expansion.chernarusplus\storage_1\data\dynamic_009.bin" 2978 items.
19:14:30.525   2978 items loaded. (0 failed)
19:14:30.530 [CE][Storage] ver:25 stamp:484, valid:yes, name:"C:\Program Files (x86)\Steam\steamapps\common\DayZServerAug2\mpmissions\Expansion.chernarusplus\storage_1\data\dynamic_010.bin"
19:14:30.534 [CE][Storage] ver:25 stamp:482, valid:yes, name:"C:\Program Files (x86)\Steam\steamapps\common\DayZServerAug2\mpmissions\Expansion.chernarusplus\storage_1\data\dynamic_010.001"
19:14:30.537 [CE][Storage] ver:25 stamp:483, valid:yes, name:"C:\Program Files (x86)\Steam\steamapps\common\DayZServerAug2\mpmissions\Expansion.chernarusplus\storage_1\data\dynamic_010.002"
19:14:30.537 [CE][Storage] Restoring file "C:\Program Files (x86)\Steam\steamapps\common\DayZServerAug2\mpmissions\Expansion.chernarusplus\storage_1\data\dynamic_010.bin" 1969 items.
19:14:31.258   1969 items loaded. (0 failed)
19:14:31.263 [CE][Storage] ver:25 stamp:484, valid:yes, name:"C:\Program Files (x86)\Steam\steamapps\common\DayZServerAug2\mpmissions\Expansion.chernarusplus\storage_1\data\dynamic_011.bin"
19:14:31.266 [CE][Storage] ver:25 stamp:482, valid:yes, name:"C:\Program Files (x86)\Steam\steamapps\common\DayZServerAug2\mpmissions\Expansion.chernarusplus\storage_1\data\dynamic_011.001"
19:14:31.269 [CE][Storage] ver:25 stamp:483, valid:yes, name:"C:\Program Files (x86)\Steam\steamapps\common\DayZServerAug2\mpmissions\Expansion.chernarusplus\storage_1\data\dynamic_011.002"
19:14:31.270 [CE][Storage] Restoring file "C:\Program Files (x86)\Steam\steamapps\common\DayZServerAug2\mpmissions\Expansion.chernarusplus\storage_1\data\dynamic_011.bin" 201 items.
19:14:31.346   201 items loaded. (0 failed)
19:14:31.349 [CE][Storage] ver:26 stamp:481, valid:yes, name:"C:\Program Files (x86)\Steam\steamapps\common\DayZServerAug2\mpmissions\Expansion.chernarusplus\storage_1\data\building.bin"
19:14:31.352 [CE][Storage] ver:26 stamp:482, valid:yes, name:"C:\Program Files (x86)\Steam\steamapps\common\DayZServerAug2\mpmissions\Expansion.chernarusplus\storage_1\data\building.001"
19:14:31.355 [CE][Storage] ver:26 stamp:483, valid:yes, name:"C:\Program Files (x86)\Steam\steamapps\common\DayZServerAug2\mpmissions\Expansion.chernarusplus\storage_1\data\building.002"
19:14:31.355 [CE][Storage] Restoring file "C:\Program Files (x86)\Steam\steamapps\common\DayZServerAug2\mpmissions\Expansion.chernarusplus\storage_1\data\building.002" 0 items.
19:14:31.355   0 items loaded. (0 failed)
19:14:31.359 [CE][Storage] ver:25 stamp:481, valid:yes, name:"C:\Program Files (x86)\Steam\steamapps\common\DayZServerAug2\mpmissions\Expansion.chernarusplus\storage_1\data\vehicles.bin"
19:14:31.363 [CE][Storage] ver:25 stamp:482, valid:yes, name:"C:\Program Files (x86)\Steam\steamapps\common\DayZServerAug2\mpmissions\Expansion.chernarusplus\storage_1\data\vehicles.001"
19:14:31.366 [CE][Storage] ver:25 stamp:483, valid:yes, name:"C:\Program Files (x86)\Steam\steamapps\common\DayZServerAug2\mpmissions\Expansion.chernarusplus\storage_1\data\vehicles.002"
19:14:31.366 [CE][Storage] Restoring file "C:\Program Files (x86)\Steam\steamapps\common\DayZServerAug2\mpmissions\Expansion.chernarusplus\storage_1\data\vehicles.002" 289 items.
19:14:32.128   289 items loaded. (0 failed)
19:14:32.164 [CE][Hive] :: Storage load took:9.47 seconds, recovery stamp:484
19:14:32.164   entity: 25988, building: 0
19:14:32.164   no lifetime: 75
19:14:32.164   pathgraph's: 613
19:14:32.165 [CE][Hive] :: Initializing ... 
19:14:32.210 [CE][InitializeMap] :: initialized: 0
19:14:32.210 [CE][Hive] :: Initializing spawners ... 
19:14:32.995 [CE][LootRespawner] (PRIDummy) :: Initially (re)spawned:0, Nominal:30379, Total in Map: 24056 at 0 (sec)
19:14:32.995   tests:0, repeats:0 fails:0, overtime:0
19:14:32.998 [CE][DynEvent] :: 58 types
19:14:32.998 [00] AmbientHen
19:14:32.998   Primary Spawner: "Ambient", active: yes, repeat: 1
19:14:32.998 [01] AnimalBear
19:14:32.998   Primary Spawner: "Animal", active: yes, repeat: 1
19:14:32.998 [02] AnimalCow
19:14:32.998   Primary Spawner: "Animal", active: yes, repeat: 1
19:14:32.998 [03] AnimalDeer
19:14:32.998   Primary Spawner: "Animal", active: yes, repeat: 1
19:14:32.999 [04] AnimalGoat
19:14:32.999   Primary Spawner: "Animal", active: yes, repeat: 1
19:14:32.999 [05] AnimalPig
19:14:32.999   Primary Spawner: "Animal", active: yes, repeat: 1
19:14:32.999 [06] AnimalRoeDeer
19:14:32.999   Primary Spawner: "Animal", active: yes, repeat: 1
19:14:32.999 [07] AnimalSheep
19:14:32.999   Primary Spawner: "Animal", active: yes, repeat: 1
19:14:32.999 [08] AnimalWildBoar
19:14:32.999   Primary Spawner: "Animal", active: yes, repeat: 1
19:14:32.999 [09] AnimalWolf
19:14:32.999   Primary Spawner: "Animal", active: yes, repeat: 1
19:14:32.999 [10] InfectedArmy
19:14:32.999   Primary Spawner: "Infected", active: yes, repeat: 1
19:14:32.999 [11] InfectedArmyHard
19:14:32.999   Primary Spawner: "Infected", active: yes, repeat: 1
19:14:32.999 [12] InfectedCity
19:14:32.999   Primary Spawner: "Infected", active: yes, repeat: 1
19:14:32.999 [13] InfectedCityTier1
19:14:32.999   Primary Spawner: "Infected", active: yes, repeat: 1
19:14:32.999 [14] InfectedFirefighter
19:14:32.999   Primary Spawner: "Infected", active: yes, repeat: 1
19:14:32.999 [15] InfectedIndustrial
19:14:32.999   Primary Spawner: "Infected", active: yes, repeat: 1
19:14:32.999 [16] InfectedMedic
19:14:32.999   Primary Spawner: "Infected", active: yes, repeat: 1
19:14:32.999 [17] InfectedNBC
19:14:32.999   Primary Spawner: "Infected", active: yes, repeat: 1
19:14:32.999 [18] InfectedNBCYellow
19:14:32.999   Primary Spawner: "Infected", active: yes, repeat: 1
19:14:32.999 [19] InfectedPolice
19:14:32.999   Primary Spawner: "Infected", active: yes, repeat: 1
19:14:32.999 [20] InfectedPoliceHard
19:14:32.999   Primary Spawner: "Infected", active: yes, repeat: 1
19:14:32.999 [21] InfectedPrisoner
19:14:32.999   Primary Spawner: "Infected", active: yes, repeat: 1
19:14:32.999 [22] InfectedReligious
19:14:32.999   Primary Spawner: "Infected", active: yes, repeat: 1
19:14:32.999 [23] InfectedSanta
19:14:32.999   Primary Spawner: "Infected", active: yes, repeat: 1
19:14:32.999 [24] InfectedSolitude
19:14:32.999   Primary Spawner: "Infected", active: yes, repeat: 1
19:14:32.999 [25] InfectedVillage
19:14:32.999   Primary Spawner: "Infected", active: yes, repeat: 1
19:14:32.999 [26] InfectedVillageTier1
19:14:32.999   Primary Spawner: "Infected", active: yes, repeat: 1
19:14:32.999 [27] ItemPlanks
19:14:32.999   Primary Spawner: "Item", active: yes, repeat: 1
19:14:32.999 [28] Loot
19:14:32.999   Primary Spawner: "Loot", active: yes, repeat: 2
19:14:32.999 [29] StaticContaminatedArea
19:14:32.999   Primary Spawner: "Static", active: yes, repeat: 1
19:14:32.999 [30] StaticHeliCrash
19:14:32.999   Primary Spawner: "Static", active: yes, repeat: 1
19:14:32.999   Secondary Spawner: "Infected", active: yes, repeat: 1
19:14:32.999 [31] StaticMilitaryConvoy
19:14:32.999   Primary Spawner: "Static", active: yes, repeat: 1
19:14:32.999   Secondary Spawner: "Infected", active: yes, repeat: 1
19:14:32.999 [32] StaticPoliceSituation
19:14:32.999   Primary Spawner: "Static", active: yes, repeat: 1
19:14:32.999   Secondary Spawner: "Infected", active: yes, repeat: 1
19:14:32.999 [33] StaticTrain
19:14:32.999   Primary Spawner: "Static", active: yes, repeat: 1
19:14:32.999   Secondary Spawner: "Infected", active: yes, repeat: 1
19:14:32.999 [34] TrajectoryApple
19:14:32.999   Primary Spawner: "Trajectory", active: yes, repeat: 1
19:14:32.999 [35] TrajectoryConiferous
19:14:32.999   Primary Spawner: "Trajectory", active: yes, repeat: 1
19:14:32.999 [36] TrajectoryDeciduous
19:14:32.999   Primary Spawner: "Trajectory", active: yes, repeat: 1
19:14:32.999 [37] TrajectoryHumus
19:14:32.999   Primary Spawner: "Trajectory", active: yes, repeat: 1
19:14:32.999 [38] TrajectoryPear
19:14:32.999   Primary Spawner: "Trajectory", active: yes, repeat: 1
19:14:32.999 [39] TrajectoryPlum
19:14:32.999   Primary Spawner: "Trajectory", active: yes, repeat: 1
19:14:32.999 [40] TrajectoryStones
19:14:32.999   Primary Spawner: "Trajectory", active: yes, repeat: 1
19:14:32.999 [41] VehicleCivilianSedan
19:14:32.999   Primary Spawner: "Vehicle", active: yes, repeat: 1
19:14:32.999 [42] VehicleHatchback02
19:14:32.999   Primary Spawner: "Vehicle", active: yes, repeat: 1
19:14:32.999 [43] VehicleOffroad02
19:14:32.999   Primary Spawner: "Vehicle", active: yes, repeat: 1
19:14:32.999 [44] VehicleOffroadHatchback
19:14:32.999   Primary Spawner: "Vehicle", active: yes, repeat: 1
19:14:32.999 [45] VehicleSedan02
19:14:32.999   Primary Spawner: "Vehicle", active: yes, repeat: 1
19:14:32.999 [46] VehicleTruck01
19:14:32.999   Primary Spawner: "Vehicle", active: yes, repeat: 1
19:14:32.999 [47] VehicleUAZ
19:14:32.999   Primary Spawner: "Vehicle", active: yes, repeat: 1
19:14:32.999 [48] VehicleVodnik
19:14:32.999   Primary Spawner: "Vehicle", active: yes, repeat: 1
19:14:32.999 [49] VehicleBus
19:14:32.999   Primary Spawner: "Vehicle", active: yes, repeat: 1
19:14:32.999 [50] VehicleTractor
19:14:32.999   Primary Spawner: "Vehicle", active: yes, repeat: 1
19:14:32.999 [51] VehicleLandRover
19:14:32.999   Primary Spawner: "Vehicle", active: yes, repeat: 1
19:14:32.999 [52] VehicleMH6Helicopter
19:14:32.999   Primary Spawner: "Vehicle", active: yes, repeat: 1
19:14:32.999 [53] VehicleMerlinHelicopter
19:14:32.999   Primary Spawner: "Vehicle", active: yes, repeat: 1
19:14:32.999 [54] VehicleUh1hHelicopter
19:14:32.999   Primary Spawner: "Vehicle", active: yes, repeat: 1
19:14:32.999 [55] VehicleUtilityBoat
19:14:32.999   Primary Spawner: "Vehicle", active: yes, repeat: 1
19:14:33.00 [56] VehicleZodiacBoat
19:14:33.00   Primary Spawner: "Vehicle", active: yes, repeat: 1
19:14:33.00 [57] VehicleGyroHelicopter
19:14:33.00   Primary Spawner: "Vehicle", active: yes, repeat: 1
19:14:33.00 [CE][Hive] :: Initializing of spawners done.
19:14:33.10 [CE][Hive] :: Init sequence finished.
19:14:33.10 Player connect enabled
19:14:34.797 [IdleMode] Entering IN - save processed
19:15:49.931 [Login]: Adding player Blorpus9000 (20592521) to login queue at position 0
19:15:49.931 [LoginMachine]: Add player Blorpus9000 (20592521 192.168.1.133:2316)
19:15:49.931 [StateMachine]: Player Blorpus9000 (dpnid 20592521 uid ) Entering AuthPlayerLoginState
19:15:50.107 [IdleMode] Leaving OUT
19:15:52.168 [StateMachine]: Player Blorpus9000 (dpnid 20592521 uid ) Entering WaitAuthPlayerLoginState
19:15:54.428 Player Blorpus9000 connected (id=3I2KPiMwtNrbRzLe964-q3OrI2Ligr9LBcsFxmVIl3Q=).
19:15:54.428 Player "Blorpus9000" is connected (steamID=76561198081075225)
19:15:54.429 [StateMachine]: Player Blorpus9000 (dpnid 20592521 uid ) Entering WaitPlayerAssignedLoginState
19:15:54.867 [StateMachine]: Player Blorpus9000 (dpnid 20592521 uid 3I2KPiMwtNrbRzLe964-q3OrI2Ligr9LBcsFxmVIl3Q=) Entering DBGetLoginTimeLoginState
19:15:54.868 [StateMachine]: Player Blorpus9000 (dpnid 20592521 uid 3I2KPiMwtNrbRzLe964-q3OrI2Ligr9LBcsFxmVIl3Q=) Entering DBWaitLoginTimeLoginState
19:15:57.868 [StateMachine]: Player Blorpus9000 (dpnid 20592521 uid 3I2KPiMwtNrbRzLe964-q3OrI2Ligr9LBcsFxmVIl3Q=) Entering DBGetCharacterLoginState
19:15:57.870 [StateMachine]: Player Blorpus9000 (dpnid 20592521 uid 3I2KPiMwtNrbRzLe964-q3OrI2Ligr9LBcsFxmVIl3Q=) Entering CreateNetObjectsLoginState
19:15:57.874 [StateMachine]: Player Blorpus9000 (dpnid 20592521 uid 3I2KPiMwtNrbRzLe964-q3OrI2Ligr9LBcsFxmVIl3Q=) Entering PreloadCamLoginState
19:15:57.874 [StateMachine]: Player Blorpus9000 (dpnid 20592521 uid 3I2KPiMwtNrbRzLe964-q3OrI2Ligr9LBcsFxmVIl3Q=) Entering WaitPreloadCamLoginState
19:16:10.28 [StateMachine]: Player Blorpus9000 (dpnid 20592521 uid 3I2KPiMwtNrbRzLe964-q3OrI2Ligr9LBcsFxmVIl3Q=) Entering GetLoadedCharLoginState