

=====================================================================
== C:\Program Files (x86)\Steam\steamapps\common\DayZServerAug2\DayZServer_x64.exe
== "DayZServer_x64.exe" -config=serverDZ.cfg -mod=@CF;@CommunityOnlineTools;@DabsFramework;@DayZ-Editor-Loader;@DayZ-Expansion-Animations;@DayZ-Expansion-Bundle;@DayZ-Expansion-Licensed;@MMG-MightysMilitaryGear;@PvZmoD_CustomisableZombies "-serverMod=_@DayZ-Dynamic-AI-Addon" -port=2302 -profiles=config -cpuCount=4 -adminlog -netlog -freezecheck 
=====================================================================
Exe timestamp: 2023/07/27 17:06:07
Current time:  2023/08/16 19:40:01

Version 1.21.156300
19:40:01.196 [Inputs] Loading inputs default "bin/constants.xml"
19:40:01.198 [Inputs] Loading inputs default "bin/specific.xml"
19:40:01.199 [Inputs] Loading inputs default "JM/COT/Scripts/Data/Inputs.xml"
19:40:01.199 !!! [Inputs] Cannot Register "UAObjectModuleDeleteOnCursor" non-existent input - Fix Preset!
19:40:01.199 [Inputs] Loading inputs default "LIVEN/PvZmoD_CustomisableZombies/inputs.xml"
19:40:01.200 [Inputs] Loading inputs default "DayZExpansion/Groups/Scripts/Data/Inputs.xml"
19:40:01.200 [Inputs] Loading inputs default "DayZExpansion/Navigation/Scripts/Data/Inputs.xml"
19:40:01.200 !!! [Inputs] Attempt to register duplicate exclusion group "chatexpansion"
19:40:01.200 [Inputs] Loading inputs default "DayZExpansion/PlayerList/Scripts/Data/Inputs.xml"
19:40:01.200 !!! [Inputs] Attempt to register duplicate exclusion group "chatexpansion"
19:40:01.200 [Inputs] Loading inputs default "DayZExpansion/Scripts/Data/Inputs.xml"
19:40:01.200 !!! [Inputs] Attempt to register duplicate exclusion group "chatexpansion"
19:40:01.200 [Inputs] Loading inputs default "DayZExpansion/Vehicles/Scripts/Data/Inputs.xml"
19:40:01.201 [Inputs] Loading inputs default "DayZExpansion/AI/Scripts/inputs.xml"
19:40:01.201 [Inputs] Loading inputs default "DayZExpansion/BaseBuilding/Scripts/Data/Inputs.xml"
19:40:01.201 !!! [Inputs] Attempt to register duplicate exclusion group "chatexpansion"
19:40:01.201 [Inputs] Loading inputs default "DayZExpansion/Book/Scripts/Data/Inputs.xml"
19:40:01.201 !!! [Inputs] Attempt to register duplicate exclusion group "chatexpansion"
19:40:01.202 [Inputs] Loading inputs default "DayZExpansion/Chat/Scripts/Data/Inputs.xml"
19:40:01.202 !!! [Inputs] Attempt to register duplicate exclusion group "chatexpansion"
19:40:01.202 [Inputs] Loading inputs default "DayZExpansion/Quests/Scripts/Data/Inputs.xml"
19:40:01.202 [Inputs] Loading inputs cfg "config\Users\Survivor\Server.core.xml"
19:40:01.202 !!! [Inputs] Cannot read inputs cfg "config\Users\Survivor\Server.core.xml", parser error
19:40:01.202 [Inputs] Loading inputs cfg "bin/core.xml"
19:40:01.202 !!! [Inputs] Cannot load input preset "#STR_USER", file does not exist
19:40:01.203 [Inputs] Exporting inputs cfg "config\Users\Survivor\Server.core.xml"
19:40:20.478 [CE][Hive] :: Initializing OFFLINE
19:40:20.479 [StorageDirs] :: Selected storage directory: C:\Program Files (x86)\Steam\steamapps\common\DayZServerAug2\mpmissions\Expansion.chernarusplus\storage_1\
19:40:20.479 [CE][Hive] :: Loading core data ... 
19:40:20.479 [CE][CoreData] :: 7 root classes, 18 defaults, 0 updaters...
19:40:23.125 [CE] :: WARNING :: Preset map "optics" is EMPTY.
19:40:23.125 [CE][TypeSetup] :: 505 classes setuped...
19:40:23.128 [CE] :: WARNING :: Preset map "optics" is EMPTY.
19:40:23.129 [CE][TypeSetup] :: 97 classes setuped...
19:40:23.131 [CE] :: WARNING :: Preset map "optics" is EMPTY.
19:40:23.132 [CE][TypeSetup] :: 206 classes setuped...
19:40:24.212 [CE][RegisterBind] :: 0 classes binded...
19:40:24.212 [CE][RegisterConfig] :: 11818 config classes registered, 0 sub-counters...
19:40:24.212 [CE][Hive] :: Loading map data ... 
19:40:24.221 [CE][IgnoreList] "cfgignorelist.xml" :: loaded 19 types
19:40:24.248 !!! [CE] :: Unknown category: 'vehicleparts'.
19:40:24.248 !!! [CE] :: Unknown category: 'vehicleparts'.
19:40:24.248 !!! [CE] :: Unknown category: 'vehicleparts'.
19:40:24.248 !!! [CE] :: Unknown category: 'vehicleparts'.
19:40:24.248 !!! [CE] :: Unknown category: 'vehicleparts'.
19:40:24.248 !!! [CE] :: Unknown category: 'vehicleparts'.
19:40:24.248 !!! [CE] :: Unknown category: 'vehicleparts'.
19:40:24.248 !!! [CE] :: Unknown category: 'vehicleparts'.
19:40:24.248 !!! [CE] :: Unknown category: 'vehicleparts'.
19:40:24.248 !!! [CE] :: Unknown category: 'vehicleparts'.
19:40:24.248 !!! [CE] :: Unknown category: 'vehicleparts'.
19:40:24.248 !!! [CE] :: Unknown category: 'vehicleparts'.
19:40:24.248 !!! [CE] :: Unknown category: 'vehicleparts'.
19:40:24.248 !!! [CE] :: Unknown category: 'vehicleparts'.
19:40:24.248 !!! [CE] :: Unknown category: 'vehicleparts'.
19:40:24.248 !!! [CE] :: Unknown category: 'vehicleparts'.
19:40:24.248 !!! [CE] :: Unknown category: 'vehicleparts'.
19:40:24.248 !!! [CE] :: Unknown category: 'vehicleparts'.
19:40:24.248 !!! [CE] :: Unknown category: 'vehicleparts'.
19:40:24.248 !!! [CE] :: Unknown category: 'vehicleparts'.
19:40:24.248 !!! [CE] :: Unknown category: 'vehicleparts'.
19:40:24.248 !!! [CE] :: Unknown category: 'vehicleparts'.
19:40:24.248 !!! [CE] :: Unknown category: 'vehicleparts'.
19:40:24.248 !!! [CE] :: Unknown category: 'vehicleparts'.
19:40:24.249 !!! [CE] :: Unknown category: 'vehicleparts'.
19:40:24.249 !!! [CE] :: Unknown category: 'vehicleparts'.
19:40:24.249 !!! [CE] :: Unknown category: 'vehicleparts'.
19:40:24.249 !!! [CE] :: Unknown category: 'vehicleparts'.
19:40:24.249 !!! [CE] :: Unknown category: 'vehicleparts'.
19:40:24.249 !!! [CE] :: Unknown category: 'vehicleparts'.
19:40:24.249 !!! [CE] :: Unknown category: 'vehicleparts'.
19:40:24.249 !!! [CE] :: Unknown category: 'vehicleparts'.
19:40:24.249 !!! [CE] :: Unknown category: 'vehicleparts'.
19:40:24.249 !!! [CE] :: Unknown category: 'vehicleparts'.
19:40:24.249 !!! [CE] :: Unknown category: 'vehicleparts'.
19:40:24.249 !!! [CE] :: Unknown category: 'vehicleparts'.
19:40:24.249 !!! [CE] :: Unknown category: 'vehicleparts'.
19:40:24.249 !!! [CE] :: Unknown category: 'vehicleparts'.
19:40:24.249 !!! [CE] :: Unknown category: 'vehicleparts'.
19:40:24.249 !!! [CE] :: Unknown category: 'vehicleparts'.
19:40:24.249 !!! [CE] :: Unknown category: 'vehicleparts'.
19:40:24.249 !!! [CE] :: Unknown category: 'vehicleparts'.
19:40:24.249 !!! [CE] :: Unknown category: 'vehicleparts'.
19:40:24.249 !!! [CE] :: Unknown category: 'vehicleparts'.
19:40:24.249 !!! [CE] :: Unknown category: 'vehicleparts'.
19:40:24.249 !!! [CE] :: Unknown category: 'vehicleparts'.
19:40:24.249 !!! [CE] :: Unknown category: 'vehicleparts'.
19:40:24.249 !!! [CE] :: Unknown category: 'vehicleparts'.
19:40:24.249 !!! [CE] :: Unknown category: 'vehicleparts'.
19:40:24.249 !!! [CE] :: Unknown category: 'vehicleparts'.
19:40:24.249 !!! [CE] :: Unknown category: 'vehicleparts'.
19:40:24.249 !!! [CE] :: Unknown category: 'vehicleparts'.
19:40:24.249 [CE][LoadPrototype] :: loaded 413 prototypes
19:40:24.249   799 containers, 10078 points
19:40:24.249   66 dispatches, 239 proxies
19:40:24.249 !!! [CE][LoadPrototype] 5 groups have no points...
19:40:24.249 [CE][LoadPrototype] :: last group name: Land_Wreck_sed02_aban2_red_DE...
19:40:24.252 [CE][LoadPrototype] :: loaded 0 prototypes
19:40:24.252   55 containers, 232 points
19:40:24.252   0 dispatches, 0 proxies
19:40:24.252 [CE][LoadPrototype] :: last group name: Rail9...
19:40:24.840 [CE][LoadMap] "Group" :: loaded 11709 groups, groups failed: 0, largest group range: 34.2
19:40:24.842 [CE][LoadMap] "Dirt" :: loaded 0 groups, groups failed: 0, largest group range: 34.2
19:40:25.103 [CE][Links] found 1908 total links between groups, of 11709
19:40:25.103 [CE][LoadClusters] "Cluster" :: Loading files...
19:40:25.217 [CE][LoadClusters] :: file: "mapgroupcluster.xml", 9 types, 50000 instances
19:40:25.335 [CE][LoadClusters] :: file: "mapgroupcluster01", 9 types, 50000 instances
19:40:25.451 [CE][LoadClusters] :: file: "mapgroupcluster02", 9 types, 50000 instances
19:40:25.568 [CE][LoadClusters] :: file: "mapgroupcluster03", 9 types, 50000 instances
19:40:25.613 [CE][LoadClusters] :: file: "mapgroupcluster04", 9 types, 17347 instances
19:40:25.620 [CE][Storage] ver:21 stamp:51, valid:yes, name:"C:\Program Files (x86)\Steam\steamapps\common\DayZServerAug2\mpmissions\Expansion.chernarusplus\storage_1\data\types.bin"
19:40:25.624 [CE][Storage] ver:21 stamp:52, valid:yes, name:"C:\Program Files (x86)\Steam\steamapps\common\DayZServerAug2\mpmissions\Expansion.chernarusplus\storage_1\data\types.001"
19:40:25.624 [CE][Storage] ver:21 stamp:41, valid:yes, name:"C:\Program Files (x86)\Steam\steamapps\common\DayZServerAug2\mpmissions\Expansion.chernarusplus\storage_1\data\types.002"
19:40:25.624 [CE][Storage] Restoring file "C:\Program Files (x86)\Steam\steamapps\common\DayZServerAug2\mpmissions\Expansion.chernarusplus\storage_1\data\types.001".
19:40:25.736 !!! [CE][offlineDB] :: No Shutdown message present.
19:40:25.737 [CE][offlineDB] :: Loaded 47 dynamic events 225 total types.
19:40:25.738 !!! [CE][DE] (VehicleTruck01) :: Unable to create child (Truck_01_Covered_Grey) as the type does not exist.
19:40:25.738 [CE][offlineDB] :: Loaded 58 dynamic events 289 total types.
19:40:25.750 !!! [CE][offlineDB] :: Type 'ChristmasTree' will be ignored. (Not spawnable. (Scope is not public?))
19:40:25.755 !!! [CE][offlineDB] :: Type 'Expansion_M79' will be ignored. (Not spawnable. (Scope is not public?))
19:40:25.756 !!! [CE][offlineDB] :: Type 'ExpansionFlaregun' will be ignored. (Not spawnable. (Scope is not public?))
19:40:25.756 !!! [CE][offlineDB] :: Type 'Expansion_Longhorn' will be ignored. (Not spawnable. (Scope is not public?))
19:40:25.759 !!! [CE][offlineDB] :: Type 'MMG_tactical_shirt_dark_woodland' will be ignored. (Type does not exist. (Typo?))
19:40:25.762 !!! [CE][offlineDB] :: Type 'MMG_mmps_nag_multicamblack' will be ignored. (Type does not exist. (Typo?))
19:40:25.763 !!! [CE][offlineDB] :: Type 'MMG_assault_pack_multicam_tropic' will be ignored. (Type does not exist. (Typo?))
19:40:25.890 !!! [CE][DE][SPAWNS] :: [WARNING] :: Skipping entry for non-existing event 'VehicleTransitBus'.
19:40:25.890 [CE][DE][SPAWNS] :: Total positions: 987
19:40:25.890 [CE][DE][GROUPS] :: Total eventgroups defined: 83, Eventgroups in use: 83
19:40:25.894 [CE][Storage] ver:21 stamp:51, valid:yes, name:"C:\Program Files (x86)\Steam\steamapps\common\DayZServerAug2\mpmissions\Expansion.chernarusplus\storage_1\data\events.bin"
19:40:25.896 [CE][Storage] ver:21 stamp:52, valid:yes, name:"C:\Program Files (x86)\Steam\steamapps\common\DayZServerAug2\mpmissions\Expansion.chernarusplus\storage_1\data\events.001"
19:40:25.897 [CE][Storage] ver:21 stamp:41, valid:yes, name:"C:\Program Files (x86)\Steam\steamapps\common\DayZServerAug2\mpmissions\Expansion.chernarusplus\storage_1\data\events.002"
19:40:25.897 [CE][Storage] Restoring file "C:\Program Files (x86)\Steam\steamapps\common\DayZServerAug2\mpmissions\Expansion.chernarusplus\storage_1\data\events.001".
19:40:25.897 [CE][DynamicEvent] Load  Events:[58] Primary spawners: 58 Secondary spawners: 4
19:40:25.901 [CE][Storage] ver:25 stamp:51, valid:yes, name:"C:\Program Files (x86)\Steam\steamapps\common\DayZServerAug2\mpmissions\Expansion.chernarusplus\storage_1\data\dynamic_000.bin"
19:40:25.904 [CE][Storage] ver:25 stamp:52, valid:yes, name:"C:\Program Files (x86)\Steam\steamapps\common\DayZServerAug2\mpmissions\Expansion.chernarusplus\storage_1\data\dynamic_000.001"
19:40:25.904 [CE][Storage] ver:25 stamp:41, valid:yes, name:"C:\Program Files (x86)\Steam\steamapps\common\DayZServerAug2\mpmissions\Expansion.chernarusplus\storage_1\data\dynamic_000.002"
19:40:25.905 [CE][Storage] Restoring file "C:\Program Files (x86)\Steam\steamapps\common\DayZServerAug2\mpmissions\Expansion.chernarusplus\storage_1\data\dynamic_000.001" 1194 items.
19:40:26.461   1194 items loaded. (0 failed)
19:40:26.466 [CE][Storage] ver:25 stamp:51, valid:yes, name:"C:\Program Files (x86)\Steam\steamapps\common\DayZServerAug2\mpmissions\Expansion.chernarusplus\storage_1\data\dynamic_001.bin"
19:40:26.469 [CE][Storage] ver:25 stamp:52, valid:yes, name:"C:\Program Files (x86)\Steam\steamapps\common\DayZServerAug2\mpmissions\Expansion.chernarusplus\storage_1\data\dynamic_001.001"
19:40:26.470 [CE][Storage] ver:25 stamp:41, valid:yes, name:"C:\Program Files (x86)\Steam\steamapps\common\DayZServerAug2\mpmissions\Expansion.chernarusplus\storage_1\data\dynamic_001.002"
19:40:26.470 [CE][Storage] Restoring file "C:\Program Files (x86)\Steam\steamapps\common\DayZServerAug2\mpmissions\Expansion.chernarusplus\storage_1\data\dynamic_001.001" 2124 items.
19:40:27.223   2124 items loaded. (0 failed)
19:40:27.228 [CE][Storage] ver:25 stamp:51, valid:yes, name:"C:\Program Files (x86)\Steam\steamapps\common\DayZServerAug2\mpmissions\Expansion.chernarusplus\storage_1\data\dynamic_002.bin"
19:40:27.232 [CE][Storage] ver:25 stamp:52, valid:yes, name:"C:\Program Files (x86)\Steam\steamapps\common\DayZServerAug2\mpmissions\Expansion.chernarusplus\storage_1\data\dynamic_002.001"
19:40:27.233 [CE][Storage] ver:25 stamp:41, valid:yes, name:"C:\Program Files (x86)\Steam\steamapps\common\DayZServerAug2\mpmissions\Expansion.chernarusplus\storage_1\data\dynamic_002.002"
19:40:27.233 [CE][Storage] Restoring file "C:\Program Files (x86)\Steam\steamapps\common\DayZServerAug2\mpmissions\Expansion.chernarusplus\storage_1\data\dynamic_002.001" 3232 items.
19:40:28.267   3232 items loaded. (0 failed)
19:40:28.272 [CE][Storage] ver:25 stamp:51, valid:yes, name:"C:\Program Files (x86)\Steam\steamapps\common\DayZServerAug2\mpmissions\Expansion.chernarusplus\storage_1\data\dynamic_003.bin"
19:40:28.276 [CE][Storage] ver:25 stamp:52, valid:yes, name:"C:\Program Files (x86)\Steam\steamapps\common\DayZServerAug2\mpmissions\Expansion.chernarusplus\storage_1\data\dynamic_003.001"
19:40:28.276 [CE][Storage] ver:25 stamp:41, valid:yes, name:"C:\Program Files (x86)\Steam\steamapps\common\DayZServerAug2\mpmissions\Expansion.chernarusplus\storage_1\data\dynamic_003.002"
19:40:28.276 [CE][Storage] Restoring file "C:\Program Files (x86)\Steam\steamapps\common\DayZServerAug2\mpmissions\Expansion.chernarusplus\storage_1\data\dynamic_003.001" 2806 items.
19:40:29.227   2806 items loaded. (0 failed)
19:40:29.230 [CE][Storage] ver:25 stamp:51, valid:yes, name:"C:\Program Files (x86)\Steam\steamapps\common\DayZServerAug2\mpmissions\Expansion.chernarusplus\storage_1\data\dynamic_004.bin"
19:40:29.234 [CE][Storage] ver:25 stamp:52, valid:yes, name:"C:\Program Files (x86)\Steam\steamapps\common\DayZServerAug2\mpmissions\Expansion.chernarusplus\storage_1\data\dynamic_004.001"
19:40:29.234 [CE][Storage] ver:25 stamp:41, valid:yes, name:"C:\Program Files (x86)\Steam\steamapps\common\DayZServerAug2\mpmissions\Expansion.chernarusplus\storage_1\data\dynamic_004.002"
19:40:29.234 [CE][Storage] Restoring file "C:\Program Files (x86)\Steam\steamapps\common\DayZServerAug2\mpmissions\Expansion.chernarusplus\storage_1\data\dynamic_004.001" 2515 items.
19:40:30.73   2515 items loaded. (0 failed)
19:40:30.78 [CE][Storage] ver:25 stamp:51, valid:yes, name:"C:\Program Files (x86)\Steam\steamapps\common\DayZServerAug2\mpmissions\Expansion.chernarusplus\storage_1\data\dynamic_005.bin"
19:40:30.82 [CE][Storage] ver:25 stamp:52, valid:yes, name:"C:\Program Files (x86)\Steam\steamapps\common\DayZServerAug2\mpmissions\Expansion.chernarusplus\storage_1\data\dynamic_005.001"
19:40:30.82 [CE][Storage] ver:25 stamp:41, valid:yes, name:"C:\Program Files (x86)\Steam\steamapps\common\DayZServerAug2\mpmissions\Expansion.chernarusplus\storage_1\data\dynamic_005.002"
19:40:30.82 [CE][Storage] Restoring file "C:\Program Files (x86)\Steam\steamapps\common\DayZServerAug2\mpmissions\Expansion.chernarusplus\storage_1\data\dynamic_005.001" 2867 items.
19:40:31.75   2867 items loaded. (0 failed)
19:40:31.79 [CE][Storage] ver:25 stamp:51, valid:yes, name:"C:\Program Files (x86)\Steam\steamapps\common\DayZServerAug2\mpmissions\Expansion.chernarusplus\storage_1\data\dynamic_006.bin"
19:40:31.83 [CE][Storage] ver:25 stamp:52, valid:yes, name:"C:\Program Files (x86)\Steam\steamapps\common\DayZServerAug2\mpmissions\Expansion.chernarusplus\storage_1\data\dynamic_006.001"
19:40:31.83 [CE][Storage] ver:25 stamp:41, valid:yes, name:"C:\Program Files (x86)\Steam\steamapps\common\DayZServerAug2\mpmissions\Expansion.chernarusplus\storage_1\data\dynamic_006.002"
19:40:31.83 [CE][Storage] Restoring file "C:\Program Files (x86)\Steam\steamapps\common\DayZServerAug2\mpmissions\Expansion.chernarusplus\storage_1\data\dynamic_006.001" 1983 items.
19:40:31.766   1983 items loaded. (0 failed)
19:40:31.770 [CE][Storage] ver:25 stamp:51, valid:yes, name:"C:\Program Files (x86)\Steam\steamapps\common\DayZServerAug2\mpmissions\Expansion.chernarusplus\storage_1\data\dynamic_007.bin"
19:40:31.773 [CE][Storage] ver:25 stamp:52, valid:yes, name:"C:\Program Files (x86)\Steam\steamapps\common\DayZServerAug2\mpmissions\Expansion.chernarusplus\storage_1\data\dynamic_007.001"
19:40:31.774 [CE][Storage] ver:25 stamp:41, valid:yes, name:"C:\Program Files (x86)\Steam\steamapps\common\DayZServerAug2\mpmissions\Expansion.chernarusplus\storage_1\data\dynamic_007.002"
19:40:31.774 [CE][Storage] Restoring file "C:\Program Files (x86)\Steam\steamapps\common\DayZServerAug2\mpmissions\Expansion.chernarusplus\storage_1\data\dynamic_007.001" 1981 items.
19:40:32.453   1981 items loaded. (0 failed)
19:40:32.457 [CE][Storage] ver:25 stamp:51, valid:yes, name:"C:\Program Files (x86)\Steam\steamapps\common\DayZServerAug2\mpmissions\Expansion.chernarusplus\storage_1\data\dynamic_008.bin"
19:40:32.461 [CE][Storage] ver:25 stamp:52, valid:yes, name:"C:\Program Files (x86)\Steam\steamapps\common\DayZServerAug2\mpmissions\Expansion.chernarusplus\storage_1\data\dynamic_008.001"
19:40:32.461 [CE][Storage] ver:25 stamp:41, valid:yes, name:"C:\Program Files (x86)\Steam\steamapps\common\DayZServerAug2\mpmissions\Expansion.chernarusplus\storage_1\data\dynamic_008.002"
19:40:32.461 [CE][Storage] Restoring file "C:\Program Files (x86)\Steam\steamapps\common\DayZServerAug2\mpmissions\Expansion.chernarusplus\storage_1\data\dynamic_008.001" 2842 items.
19:40:33.458   2842 items loaded. (0 failed)
19:40:33.462 [CE][Storage] ver:25 stamp:51, valid:yes, name:"C:\Program Files (x86)\Steam\steamapps\common\DayZServerAug2\mpmissions\Expansion.chernarusplus\storage_1\data\dynamic_009.bin"
19:40:33.466 [CE][Storage] ver:25 stamp:52, valid:yes, name:"C:\Program Files (x86)\Steam\steamapps\common\DayZServerAug2\mpmissions\Expansion.chernarusplus\storage_1\data\dynamic_009.001"
19:40:33.466 [CE][Storage] ver:25 stamp:41, valid:yes, name:"C:\Program Files (x86)\Steam\steamapps\common\DayZServerAug2\mpmissions\Expansion.chernarusplus\storage_1\data\dynamic_009.002"
19:40:33.466 [CE][Storage] Restoring file "C:\Program Files (x86)\Steam\steamapps\common\DayZServerAug2\mpmissions\Expansion.chernarusplus\storage_1\data\dynamic_009.001" 3692 items.
19:40:34.831   3692 items loaded. (0 failed)
19:40:34.835 [CE][Storage] ver:25 stamp:51, valid:yes, name:"C:\Program Files (x86)\Steam\steamapps\common\DayZServerAug2\mpmissions\Expansion.chernarusplus\storage_1\data\dynamic_010.bin"
19:40:34.839 [CE][Storage] ver:25 stamp:52, valid:yes, name:"C:\Program Files (x86)\Steam\steamapps\common\DayZServerAug2\mpmissions\Expansion.chernarusplus\storage_1\data\dynamic_010.001"
19:40:34.839 [CE][Storage] ver:25 stamp:41, valid:yes, name:"C:\Program Files (x86)\Steam\steamapps\common\DayZServerAug2\mpmissions\Expansion.chernarusplus\storage_1\data\dynamic_010.002"
19:40:34.839 [CE][Storage] Restoring file "C:\Program Files (x86)\Steam\steamapps\common\DayZServerAug2\mpmissions\Expansion.chernarusplus\storage_1\data\dynamic_010.001" 2395 items.
19:40:35.760   2395 items loaded. (0 failed)
19:40:35.764 [CE][Storage] ver:25 stamp:51, valid:yes, name:"C:\Program Files (x86)\Steam\steamapps\common\DayZServerAug2\mpmissions\Expansion.chernarusplus\storage_1\data\dynamic_011.bin"
19:40:35.768 [CE][Storage] ver:25 stamp:52, valid:yes, name:"C:\Program Files (x86)\Steam\steamapps\common\DayZServerAug2\mpmissions\Expansion.chernarusplus\storage_1\data\dynamic_011.001"
19:40:35.769 [CE][Storage] ver:25 stamp:41, valid:yes, name:"C:\Program Files (x86)\Steam\steamapps\common\DayZServerAug2\mpmissions\Expansion.chernarusplus\storage_1\data\dynamic_011.002"
19:40:35.769 [CE][Storage] Restoring file "C:\Program Files (x86)\Steam\steamapps\common\DayZServerAug2\mpmissions\Expansion.chernarusplus\storage_1\data\dynamic_011.001" 239 items.
19:40:35.858   239 items loaded. (0 failed)
19:40:35.861 [CE][Storage] ver:26 stamp:51, valid:yes, name:"C:\Program Files (x86)\Steam\steamapps\common\DayZServerAug2\mpmissions\Expansion.chernarusplus\storage_1\data\building.bin"
19:40:35.864 [CE][Storage] ver:26 stamp:52, valid:yes, name:"C:\Program Files (x86)\Steam\steamapps\common\DayZServerAug2\mpmissions\Expansion.chernarusplus\storage_1\data\building.001"
19:40:35.865 [CE][Storage] ver:26 stamp:41, valid:yes, name:"C:\Program Files (x86)\Steam\steamapps\common\DayZServerAug2\mpmissions\Expansion.chernarusplus\storage_1\data\building.002"
19:40:35.865 [CE][Storage] Restoring file "C:\Program Files (x86)\Steam\steamapps\common\DayZServerAug2\mpmissions\Expansion.chernarusplus\storage_1\data\building.001" 0 items.
19:40:35.865   0 items loaded. (0 failed)
19:40:35.868 [CE][Storage] ver:25 stamp:51, valid:yes, name:"C:\Program Files (x86)\Steam\steamapps\common\DayZServerAug2\mpmissions\Expansion.chernarusplus\storage_1\data\vehicles.bin"
19:40:35.872 [CE][Storage] ver:25 stamp:52, valid:yes, name:"C:\Program Files (x86)\Steam\steamapps\common\DayZServerAug2\mpmissions\Expansion.chernarusplus\storage_1\data\vehicles.001"
19:40:35.872 [CE][Storage] ver:25 stamp:41, valid:yes, name:"C:\Program Files (x86)\Steam\steamapps\common\DayZServerAug2\mpmissions\Expansion.chernarusplus\storage_1\data\vehicles.002"
19:40:35.872 [CE][Storage] Restoring file "C:\Program Files (x86)\Steam\steamapps\common\DayZServerAug2\mpmissions\Expansion.chernarusplus\storage_1\data\vehicles.001" 299 items.
19:40:36.759   299 items loaded. (0 failed)
19:40:36.798 [CE][Hive] :: Storage load took:10.89 seconds, recovery stamp:52
19:40:36.798   entity: 30477, building: 0
19:40:36.798   no lifetime: 73
19:40:36.798   pathgraph's: 662
19:40:36.798 [CE][Hive] :: Initializing ... 
19:40:36.847 [CE][InitializeMap] :: initialized: 0
19:40:36.847 [CE][Hive] :: Initializing spawners ... 
19:40:37.642 [CE][LootRespawner] (PRIDummy) :: Initially (re)spawned:0, Nominal:30379, Total in Map: 28131 at 0 (sec)
19:40:37.642   tests:0, repeats:0 fails:0, overtime:0
19:40:37.644 [CE][DynEvent] :: 58 types
19:40:37.644 [00] AmbientHen
19:40:37.644   Primary Spawner: "Ambient", active: yes, repeat: 1
19:40:37.644 [01] AnimalBear
19:40:37.644   Primary Spawner: "Animal", active: yes, repeat: 1
19:40:37.644 [02] AnimalCow
19:40:37.644   Primary Spawner: "Animal", active: yes, repeat: 1
19:40:37.644 [03] AnimalDeer
19:40:37.644   Primary Spawner: "Animal", active: yes, repeat: 1
19:40:37.644 [04] AnimalGoat
19:40:37.644   Primary Spawner: "Animal", active: yes, repeat: 1
19:40:37.644 [05] AnimalPig
19:40:37.644   Primary Spawner: "Animal", active: yes, repeat: 1
19:40:37.644 [06] AnimalRoeDeer
19:40:37.644   Primary Spawner: "Animal", active: yes, repeat: 1
19:40:37.644 [07] AnimalSheep
19:40:37.644   Primary Spawner: "Animal", active: yes, repeat: 1
19:40:37.644 [08] AnimalWildBoar
19:40:37.644   Primary Spawner: "Animal", active: yes, repeat: 1
19:40:37.644 [09] AnimalWolf
19:40:37.644   Primary Spawner: "Animal", active: yes, repeat: 1
19:40:37.644 [10] InfectedArmy
19:40:37.644   Primary Spawner: "Infected", active: yes, repeat: 1
19:40:37.644 [11] InfectedArmyHard
19:40:37.644   Primary Spawner: "Infected", active: yes, repeat: 1
19:40:37.644 [12] InfectedCity
19:40:37.644   Primary Spawner: "Infected", active: yes, repeat: 1
19:40:37.644 [13] InfectedCityTier1
19:40:37.644   Primary Spawner: "Infected", active: yes, repeat: 1
19:40:37.644 [14] InfectedFirefighter
19:40:37.644   Primary Spawner: "Infected", active: yes, repeat: 1
19:40:37.644 [15] InfectedIndustrial
19:40:37.644   Primary Spawner: "Infected", active: yes, repeat: 1
19:40:37.644 [16] InfectedMedic
19:40:37.644   Primary Spawner: "Infected", active: yes, repeat: 1
19:40:37.644 [17] InfectedNBC
19:40:37.644   Primary Spawner: "Infected", active: yes, repeat: 1
19:40:37.644 [18] InfectedNBCYellow
19:40:37.644   Primary Spawner: "Infected", active: yes, repeat: 1
19:40:37.644 [19] InfectedPolice
19:40:37.644   Primary Spawner: "Infected", active: yes, repeat: 1
19:40:37.644 [20] InfectedPoliceHard
19:40:37.644   Primary Spawner: "Infected", active: yes, repeat: 1
19:40:37.644 [21] InfectedPrisoner
19:40:37.645   Primary Spawner: "Infected", active: yes, repeat: 1
19:40:37.645 [22] InfectedReligious
19:40:37.645   Primary Spawner: "Infected", active: yes, repeat: 1
19:40:37.645 [23] InfectedSanta
19:40:37.645   Primary Spawner: "Infected", active: yes, repeat: 1
19:40:37.645 [24] InfectedSolitude
19:40:37.645   Primary Spawner: "Infected", active: yes, repeat: 1
19:40:37.645 [25] InfectedVillage
19:40:37.645   Primary Spawner: "Infected", active: yes, repeat: 1
19:40:37.645 [26] InfectedVillageTier1
19:40:37.645   Primary Spawner: "Infected", active: yes, repeat: 1
19:40:37.645 [27] ItemPlanks
19:40:37.645   Primary Spawner: "Item", active: yes, repeat: 1
19:40:37.645 [28] Loot
19:40:37.645   Primary Spawner: "Loot", active: yes, repeat: 2
19:40:37.645 [29] StaticContaminatedArea
19:40:37.645   Primary Spawner: "Static", active: yes, repeat: 1
19:40:37.645 [30] StaticHeliCrash
19:40:37.645   Primary Spawner: "Static", active: yes, repeat: 1
19:40:37.645   Secondary Spawner: "Infected", active: yes, repeat: 1
19:40:37.645 [31] StaticMilitaryConvoy
19:40:37.645   Primary Spawner: "Static", active: yes, repeat: 1
19:40:37.645   Secondary Spawner: "Infected", active: yes, repeat: 1
19:40:37.645 [32] StaticPoliceSituation
19:40:37.645   Primary Spawner: "Static", active: yes, repeat: 1
19:40:37.645   Secondary Spawner: "Infected", active: yes, repeat: 1
19:40:37.645 [33] StaticTrain
19:40:37.645   Primary Spawner: "Static", active: yes, repeat: 1
19:40:37.645   Secondary Spawner: "Infected", active: yes, repeat: 1
19:40:37.645 [34] TrajectoryApple
19:40:37.645   Primary Spawner: "Trajectory", active: yes, repeat: 1
19:40:37.645 [35] TrajectoryConiferous
19:40:37.645   Primary Spawner: "Trajectory", active: yes, repeat: 1
19:40:37.645 [36] TrajectoryDeciduous
19:40:37.645   Primary Spawner: "Trajectory", active: yes, repeat: 1
19:40:37.645 [37] TrajectoryHumus
19:40:37.645   Primary Spawner: "Trajectory", active: yes, repeat: 1
19:40:37.645 [38] TrajectoryPear
19:40:37.645   Primary Spawner: "Trajectory", active: yes, repeat: 1
19:40:37.645 [39] TrajectoryPlum
19:40:37.645   Primary Spawner: "Trajectory", active: yes, repeat: 1
19:40:37.645 [40] TrajectoryStones
19:40:37.645   Primary Spawner: "Trajectory", active: yes, repeat: 1
19:40:37.645 [41] VehicleCivilianSedan
19:40:37.645   Primary Spawner: "Vehicle", active: yes, repeat: 1
19:40:37.645 [42] VehicleHatchback02
19:40:37.645   Primary Spawner: "Vehicle", active: yes, repeat: 1
19:40:37.645 [43] VehicleOffroad02
19:40:37.645   Primary Spawner: "Vehicle", active: yes, repeat: 1
19:40:37.645 [44] VehicleOffroadHatchback
19:40:37.645   Primary Spawner: "Vehicle", active: yes, repeat: 1
19:40:37.645 [45] VehicleSedan02
19:40:37.645   Primary Spawner: "Vehicle", active: yes, repeat: 1
19:40:37.645 [46] VehicleTruck01
19:40:37.645   Primary Spawner: "Vehicle", active: yes, repeat: 1
19:40:37.645 [47] VehicleUAZ
19:40:37.645   Primary Spawner: "Vehicle", active: yes, repeat: 1
19:40:37.645 [48] VehicleVodnik
19:40:37.645   Primary Spawner: "Vehicle", active: yes, repeat: 1
19:40:37.645 [49] VehicleBus
19:40:37.645   Primary Spawner: "Vehicle", active: yes, repeat: 1
19:40:37.645 [50] VehicleTractor
19:40:37.645   Primary Spawner: "Vehicle", active: yes, repeat: 1
19:40:37.645 [51] VehicleLandRover
19:40:37.645   Primary Spawner: "Vehicle", active: yes, repeat: 1
19:40:37.645 [52] VehicleMH6Helicopter
19:40:37.645   Primary Spawner: "Vehicle", active: yes, repeat: 1
19:40:37.645 [53] VehicleMerlinHelicopter
19:40:37.645   Primary Spawner: "Vehicle", active: yes, repeat: 1
19:40:37.645 [54] VehicleUh1hHelicopter
19:40:37.645   Primary Spawner: "Vehicle", active: yes, repeat: 1
19:40:37.645 [55] VehicleUtilityBoat
19:40:37.645   Primary Spawner: "Vehicle", active: yes, repeat: 1
19:40:37.645 [56] VehicleZodiacBoat
19:40:37.645   Primary Spawner: "Vehicle", active: yes, repeat: 1
19:40:37.645 [57] VehicleGyroHelicopter
19:40:37.645   Primary Spawner: "Vehicle", active: yes, repeat: 1
19:40:37.645 [CE][Hive] :: Initializing of spawners done.
19:40:37.661 [CE][Hive] :: Init sequence finished.
19:40:37.661 Player connect enabled
19:40:39.483 [IdleMode] Entering IN - save processed
19:41:10.237 [Login]: Adding player Blorpus9000 (20166914) to login queue at position 0
19:41:10.237 [LoginMachine]: Add player Blorpus9000 (20166914 192.168.1.133:2316)
19:41:10.237 [StateMachine]: Player Blorpus9000 (dpnid 20166914 uid ) Entering AuthPlayerLoginState
19:41:10.593 [IdleMode] Leaving OUT
19:41:12.591 [StateMachine]: Player Blorpus9000 (dpnid 20166914 uid ) Entering WaitAuthPlayerLoginState
19:41:14.845 Player Blorpus9000 connected (id=3I2KPiMwtNrbRzLe964-q3OrI2Ligr9LBcsFxmVIl3Q=).
19:41:14.845 Player "Blorpus9000" is connected (steamID=76561198081075225)
19:41:14.846 [StateMachine]: Player Blorpus9000 (dpnid 20166914 uid ) Entering WaitPlayerAssignedLoginState
19:41:15.298 [StateMachine]: Player Blorpus9000 (dpnid 20166914 uid 3I2KPiMwtNrbRzLe964-q3OrI2Ligr9LBcsFxmVIl3Q=) Entering DBGetLoginTimeLoginState
19:41:15.303 [StateMachine]: Player Blorpus9000 (dpnid 20166914 uid 3I2KPiMwtNrbRzLe964-q3OrI2Ligr9LBcsFxmVIl3Q=) Entering DBWaitLoginTimeLoginState
19:41:18.303 [StateMachine]: Player Blorpus9000 (dpnid 20166914 uid 3I2KPiMwtNrbRzLe964-q3OrI2Ligr9LBcsFxmVIl3Q=) Entering DBGetCharacterLoginState
19:41:18.304 [StateMachine]: Player Blorpus9000 (dpnid 20166914 uid 3I2KPiMwtNrbRzLe964-q3OrI2Ligr9LBcsFxmVIl3Q=) Entering CreateNetObjectsLoginState
19:41:18.308 [StateMachine]: Player Blorpus9000 (dpnid 20166914 uid 3I2KPiMwtNrbRzLe964-q3OrI2Ligr9LBcsFxmVIl3Q=) Entering PreloadCamLoginState
19:41:18.308 [StateMachine]: Player Blorpus9000 (dpnid 20166914 uid 3I2KPiMwtNrbRzLe964-q3OrI2Ligr9LBcsFxmVIl3Q=) Entering WaitPreloadCamLoginState
19:41:29.363 [StateMachine]: Player Blorpus9000 (dpnid 20166914 uid 3I2KPiMwtNrbRzLe964-q3OrI2Ligr9LBcsFxmVIl3Q=) Entering GetLoadedCharLoginState
19:41:29.384 <LOAD EXISTING CHAR>:
    charID 1
    playerID 1
    dpnid 20166914
    uid 3I2KPiMwtNrbRzLe964-q3OrI2Ligr9LBcsFxmVIl3Q=
19:41:32.607 [CE][LootRespawner] (PRIDummy) :: Item [0] causing search overtime: "CamoNet"
19:41:32.707 [CE][LootRespawner] (PRIDummy) :: Item [1] causing search overtime: "AmmoBox_9x19_25rnd"
19:41:32.807 [CE][LootRespawner] (PRIDummy) :: Item [2] causing search overtime: "Glock19"
19:41:32.907 [CE][LootRespawner] (PRIDummy) :: Item [3] causing search overtime: "Mag_Expansion_Taser"
19:41:33.06 [CE][LootRespawner] (PRIDummy) :: Item [4] causing search overtime: "Mag_Expansion_MPX_50Rnd"
19:41:33.107 [CE][LootRespawner] (PRIDummy) :: Item [5] causing search overtime: "AmmoBox_380_35rnd"
19:41:33.207 [CE][LootRespawner] (PRIDummy) :: Item [6] causing search overtime: "AmmoBox_556x45_20Rnd"
19:41:33.307 [CE][LootRespawner] (PRIDummy) :: Item [7] causing search overtime: "AmmoBox_545x39_20Rnd"
19:41:33.407 [CE][LootRespawner] (PRIDummy) :: Item [8] causing search overtime: "Mag_Expansion_Vityaz_30Rnd"
19:41:33.507 [CE][LootRespawner] (PRIDummy) :: Item [9] causing search overtime: "Mag_SSG82_5rnd"
19:41:33.607 [CE][LootRespawner] (PRIDummy) :: Item [10] causing search overtime: "Ammo_556x45Tracer"
19:41:33.707 [CE][LootRespawner] (PRIDummy) :: Item [11] causing search overtime: "Ammo_9x39"
19:41:33.807 [CE][LootRespawner] (PRIDummy) :: Item [12] causing search overtime: "FNX45"
19:41:33.908 [CE][LootRespawner] (PRIDummy) :: Item [13] causing search overtime: "ReflexOptic"
19:41:34.06 [CE][LootRespawner] (PRIDummy) :: Item [14] causing search overtime: "Expansion_MP7"
19:41:34.114 [CE][LootRespawner] (PRIDummy) :: Item [15] causing search overtime: "Ssh68Helmet"
19:41:34.210 [CE][LootRespawner] (PRIDummy) :: Item [16] causing search overtime: "Expansion_MP5SD"
19:41:34.311 [CE][LootRespawner] (PRIDummy) :: Item [17] causing search overtime: "Expansion_MPX"
19:41:34.410 [CE][LootRespawner] (PRIDummy) :: Item [18] causing search overtime: "Mag_Expansion_G36_30Rnd"
19:41:34.511 [CE][LootRespawner] (PRIDummy) :: Item [19] causing search overtime: "Expansion_MP5_RailAtt"
19:42:01.998 [CE][VehicleRespawner] (PRIContaminatedArea) :: Initial random enabled for "StaticContaminatedArea" - Chosen nominal: 0
19:42:58.15 !!! [CE][VehicleRespawner] (PRIZodiacBoat) :: Respawning: "VehicleZodiacBoat" - Failed to spawn the requested amount (0 < 2) within 6 attempts.
19:42:58.315 !!! [CE][VehicleRespawner] (PRIGyroHelicopter) :: Respawning: "VehicleGyroHelicopter" - Failed to spawn the requested amount (0 < 1) within 3 attempts.
19:43:49.781 [CE][VehicleRespawner] (PRIContaminatedArea) :: Initial random enabled for "StaticContaminatedArea" - Chosen nominal: 1
19:44:45.681 !!! [CE][VehicleRespawner] (PRIZodiacBoat) :: Respawning: "VehicleZodiacBoat" - Failed to spawn the requested amount (0 < 2) within 6 attempts.
19:44:45.981 !!! [CE][VehicleRespawner] (PRIGyroHelicopter) :: Respawning: "VehicleGyroHelicopter" - Failed to spawn the requested amount (0 < 1) within 3 attempts.
19:45:37.381 [CE][VehicleRespawner] (PRIContaminatedArea) :: Initial random enabled for "StaticContaminatedArea" - Chosen nominal: 2
19:46:33.282 !!! [CE][VehicleRespawner] (PRIZodiacBoat) :: Respawning: "VehicleZodiacBoat" - Failed to spawn the requested amount (0 < 2) within 6 attempts.
19:46:33.582 !!! [CE][VehicleRespawner] (PRIGyroHelicopter) :: Respawning: "VehicleGyroHelicopter" - Failed to spawn the requested amount (0 < 1) within 3 attempts.
19:47:11.604 [Disconnect]: Start script disconnect 20166914 (dbCharacterId 1 dbPlayerId 1) logoutTime 3
19:47:12.863 [Disconnect]: Client 20166914 disconnecting
19:47:12.863 [Disconnect]: Client 20166914 early disconnect
19:47:12.863 [Disconnect]: Start script disconnect 20166914 (dbCharacterId 1 dbPlayerId 1) logoutTime 3
19:47:14.608 [Disconnect]: Finish script disconnect 20166914 (3I2KPiMwtNrbRzLe964-q3OrI2Ligr9LBcsFxmVIl3Q=)
19:47:14.608 [Disconnect]: DisconnectPlayerFinish 20166914
19:47:14.608 [Disconnect]: Remove player info 20166914
19:47:14.614 [Disconnect]: Player destroy 20166914 
19:47:24.982 [CE][VehicleRespawner] (PRIContaminatedArea) :: Initial random enabled for "StaticContaminatedArea" - Chosen nominal: 2
19:48:20.882 !!! [CE][VehicleRespawner] (PRIZodiacBoat) :: Respawning: "VehicleZodiacBoat" - 