

=====================================================================
== C:\Program Files (x86)\Steam\steamapps\common\DayZServerAug2\DayZServer_x64.exe
== "DayZServer_x64.exe" -config=serverDZ.cfg -mod=@CF;@CommunityOnlineTools;@DabsFramework -port=2302 -profiles=config -cpuCount=4 -dologs -adminlog -netlog -freezecheck 
=====================================================================
Exe timestamp: 2023/07/27 17:06:07
Current time:  2023/08/04 12:05:51

Version 1.21.156300


=====================================================================
== C:\Program Files (x86)\Steam\steamapps\common\DayZServerAug2\DayZServer_x64.exe
== "DayZServer_x64.exe" -config=serverDZ.cfg -mod=@CF;@CommunityOnlineTools;@DabsFramework -port=2302 -profiles=config -cpuCount=4 -dologs -adminlog -netlog -freezecheck 
=====================================================================
Exe timestamp: 2023/07/27 17:06:07
Current time:  2023/08/04 12:05:51

Version 1.21.156300
12:05:51.423 String "STR_DF_NAME" not found (not in localization table)
12:05:51.558 String "STR_server_shutdown" listed twice in "Global"
12:05:51.569 Localization not present: STR_DATE_FORMAT_SHORT
12:05:51.569 Localization not present: STR_TIME_FORMAT
12:05:51.569 Localization not present: STR_CONFIG_CONTROLLER_NORMAL_LOOK
12:05:51.569 Localization not present: STR_CONFIG_CONTROLLER_REVERSED_LOOK
12:05:51.569 Localization not present: STR_MP_VALIDERROR
12:05:51.569 Localization not present: STR_MP_CONNECTION_LOOSING
12:05:51.569 Localization not present: STR_MSG_MP_NO_PASSWORD
12:05:51.569 Localization not present: STR_MSG_LAUNCH_GAME
12:05:51.569 Localization not present: STR_LOAD_INIT
12:05:51.569 Localization not present: STR_LOAD_WORLD
12:05:51.569 Localization not present: STR_LOAD_GAME
12:05:51.569 Localization not present: STR_SAVE_GAME
12:05:51.569 Localization not present: STR_MP_CONNECT
12:05:51.569 Localization not present: STR_MP_DISCONNECT
12:05:51.569 Localization not present: STR_MP_CONNECTING
12:05:51.569 Localization not present: STR_MP_TIMEOUT
12:05:51.569 Localization not present: STR_DISP_CLIENT_TEXT_EDIT
12:05:51.569 Localization not present: STR_MP_LOGIN_QUEUE_FULL
12:05:51.570 Localization not present: STR_DATE_FORMAT_SHORT
12:05:51.570 Localization not present: STR_TIME_FORMAT
12:05:51.570 Localization not present: STR_CONFIG_CONTROLLER_NORMAL_LOOK
12:05:51.570 Localization not present: STR_CONFIG_CONTROLLER_REVERSED_LOOK
12:05:51.570 Localization not present: STR_MP_VALIDERROR
12:05:51.570 Localization not present: STR_MP_CONNECTION_LOOSING
12:05:51.570 Localization not present: STR_MSG_MP_NO_PASSWORD
12:05:51.570 Localization not present: STR_MSG_LAUNCH_GAME
12:05:51.570 Localization not present: STR_LOAD_INIT
12:05:51.570 Localization not present: STR_LOAD_WORLD
12:05:51.570 Localization not present: STR_LOAD_GAME
12:05:51.570 Localization not present: STR_SAVE_GAME
12:05:51.570 Localization not present: STR_MP_CONNECT
12:05:51.570 Localization not present: STR_MP_DISCONNECT
12:05:51.570 Localization not present: STR_MP_CONNECTING
12:05:51.570 Localization not present: STR_MP_TIMEOUT
12:05:51.570 Localization not present: STR_DISP_CLIENT_TEXT_EDIT
12:05:51.570 Localization not present: STR_MP_LOGIN_QUEUE_FULL
12:05:51.586 Initializing stats manager.
12:05:51.587 Stats config disabled.
12:05:52.338 Updating base class All->AllVehicles, by DZ\data\config.bin/CfgVehicles/Man/
12:05:52.338 Updating base class WeaponMode_Base->, by DZ\data\config.bin/Mode_SemiAuto/
12:05:52.366 Updating base class Name->NameIcon, by DZ\gear\navigation\config.bin/CfgLocationTypes/Hill/
12:05:52.366 Updating base class Hill->NameIcon, by DZ\gear\navigation\config.bin/CfgLocationTypes/ViewPoint/
12:05:52.366 Updating base class Hill->NameIcon, by DZ\gear\navigation\config.bin/CfgLocationTypes/RockArea/
12:05:52.366 Updating base class Hill->NameIcon, by DZ\gear\navigation\config.bin/CfgLocationTypes/BorderCrossing/
12:05:52.366 Updating base class Hill->NameIcon, by DZ\gear\navigation\config.bin/CfgLocationTypes/VegetationBroadleaf/
12:05:52.366 Updating base class Hill->NameIcon, by DZ\gear\navigation\config.bin/CfgLocationTypes/VegetationFir/
12:05:52.366 Updating base class Hill->NameIcon, by DZ\gear\navigation\config.bin/CfgLocationTypes/VegetationPalm/
12:05:52.366 Updating base class Hill->NameIcon, by DZ\gear\navigation\config.bin/CfgLocationTypes/VegetationVineyard/
12:05:52.446 Updating base class ->Rifle_Base, by DZ\weapons\firearms\m4\config.bin/cfgWeapons/M4A1_Base/
12:05:52.446 Updating base class ->M4A1_Base, by DZ\weapons\firearms\m4\config.bin/cfgWeapons/M4A1/
12:05:52.450 Updating base class ->Names, by JM\COT\GUI\config.bin/CfgWorlds/ChernarusPlus/Names/
12:05:52.450 Updating base class ->Settlement_Chernogorsk, by JM\COT\GUI\config.bin/CfgWorlds/ChernarusPlus/Names/Settlement_Chernogorsk/
12:05:52.450 Updating base class ->Settlement_Novodmitrovsk, by JM\COT\GUI\config.bin/CfgWorlds/ChernarusPlus/Names/Settlement_Novodmitrovsk/
12:05:52.450 Updating base class ->Settlement_Novoselki, by JM\COT\GUI\config.bin/CfgWorlds/ChernarusPlus/Names/Settlement_Novoselki/
12:05:52.450 Updating base class ->Settlement_Dubovo, by JM\COT\GUI\config.bin/CfgWorlds/ChernarusPlus/Names/Settlement_Dubovo/
12:05:52.450 Updating base class ->Settlement_Vysotovo, by JM\COT\GUI\config.bin/CfgWorlds/ChernarusPlus/Names/Settlement_Vysotovo/
12:05:52.450 Updating base class ->Settlement_Zelenogorsk, by JM\COT\GUI\config.bin/CfgWorlds/ChernarusPlus/Names/Settlement_Zelenogorsk/
12:05:52.450 Updating base class ->Settlement_Berezino, by JM\COT\GUI\config.bin/CfgWorlds/ChernarusPlus/Names/Settlement_Berezino/
12:05:52.450 Updating base class ->Settlement_Elektrozavodsk, by JM\COT\GUI\config.bin/CfgWorlds/ChernarusPlus/Names/Settlement_Elektrozavodsk/
12:05:52.450 Updating base class ->Settlement_NovayaPetrovka, by JM\COT\GUI\config.bin/CfgWorlds/ChernarusPlus/Names/Settlement_NovayaPetrovka/
12:05:52.450 Updating base class ->Settlement_Gorka, by JM\COT\GUI\config.bin/CfgWorlds/ChernarusPlus/Names/Settlement_Gorka/
12:05:52.450 Updating base class ->Settlement_Solnechny, by JM\COT\GUI\config.bin/CfgWorlds/ChernarusPlus/Names/Settlement_Solnechny/
12:05:52.450 Updating base class ->Settlement_StarySobor, by JM\COT\GUI\config.bin/CfgWorlds/ChernarusPlus/Names/Settlement_StarySobor/
12:05:52.450 Updating base class ->Settlement_Vybor, by JM\COT\GUI\config.bin/CfgWorlds/ChernarusPlus/Names/Settlement_Vybor/
12:05:52.450 Updating base class ->Settlement_Severograd, by JM\COT\GUI\config.bin/CfgWorlds/ChernarusPlus/Names/Settlement_Severograd/
12:05:52.450 Updating base class ->Settlement_Bor, by JM\COT\GUI\config.bin/CfgWorlds/ChernarusPlus/Names/Settlement_Bor/
12:05:52.450 Updating base class ->Settlement_Svetloyarsk, by JM\COT\GUI\config.bin/CfgWorlds/ChernarusPlus/Names/Settlement_Svetloyarsk/
12:05:52.450 Updating base class ->Settlement_Krasnostav, by JM\COT\GUI\config.bin/CfgWorlds/ChernarusPlus/Names/Settlement_Krasnostav/
12:05:52.450 Updating base class ->Settlement_ChernayaPolyana, by JM\COT\GUI\config.bin/CfgWorlds/ChernarusPlus/Names/Settlement_ChernayaPolyana/
12:05:52.450 Updating base class ->Settlement_Polyana, by JM\COT\GUI\config.bin/CfgWorlds/ChernarusPlus/Names/Settlement_Polyana/
12:05:52.450 Updating base class ->Settlement_Tulga, by JM\COT\GUI\config.bin/CfgWorlds/ChernarusPlus/Names/Settlement_Tulga/
12:05:52.450 Updating base class ->Settlement_Msta, by JM\COT\GUI\config.bin/CfgWorlds/ChernarusPlus/Names/Settlement_Msta/
12:05:52.450 Updating base class ->Settlement_Staroye, by JM\COT\GUI\config.bin/CfgWorlds/ChernarusPlus/Names/Settlement_Staroye/
12:05:52.450 Updating base class ->Settlement_Shakhovka, by JM\COT\GUI\config.bin/CfgWorlds/ChernarusPlus/Names/Settlement_Shakhovka/
12:05:52.450 Updating base class ->Settlement_Dolina, by JM\COT\GUI\config.bin/CfgWorlds/ChernarusPlus/Names/Settlement_Dolina/
12:05:52.450 Updating base class ->Settlement_Orlovets, by JM\COT\GUI\config.bin/CfgWorlds/ChernarusPlus/Names/Settlement_Orlovets/
12:05:52.450 Updating base class ->Settlement_NovySobor, by JM\COT\GUI\config.bin/CfgWorlds/ChernarusPlus/Names/Settlement_NovySobor/
12:05:52.450 Updating base class ->Settlement_Kabanino, by JM\COT\GUI\config.bin/CfgWorlds/ChernarusPlus/Names/Settlement_Kabanino/
12:05:52.450 Updating base class ->Settlement_Mogilevka, by JM\COT\GUI\config.bin/CfgWorlds/ChernarusPlus/Names/Settlement_Mogilevka/
12:05:52.450 Updating base class ->Settlement_Nadezhdino, by JM\COT\GUI\config.bin/CfgWorlds/ChernarusPlus/Names/Settlement_Nadezhdino/
12:05:52.450 Updating base class ->Settlement_Guglovo, by JM\COT\GUI\config.bin/CfgWorlds/ChernarusPlus/Names/Settlement_Guglovo/
12:05:52.450 Updating base class ->Settlement_Kamyshovo, by JM\COT\GUI\config.bin/CfgWorlds/ChernarusPlus/Names/Settlement_Kamyshovo/
12:05:52.450 Updating base class ->Settlement_Pusta, by JM\COT\GUI\config.bin/CfgWorlds/ChernarusPlus/Names/Settlement_Pusta/
12:05:52.450 Updating base class ->Settlement_Dubrovka, by JM\COT\GUI\config.bin/CfgWorlds/ChernarusPlus/Names/Settlement_Dubrovka/
12:05:52.450 Updating base class ->Settlement_VyshnayaDubrovka, by JM\COT\GUI\config.bin/CfgWorlds/ChernarusPlus/Names/Settlement_VyshnayaDubrovka/
12:05:52.450 Updating base class ->Settlement_Khelm, by JM\COT\GUI\config.bin/CfgWorlds/ChernarusPlus/Names/Settlement_Khelm/
12:05:52.450 Updating base class ->Settlement_Olsha, by JM\COT\GUI\config.bin/CfgWorlds/ChernarusPlus/Names/Settlement_Olsha/
12:05:52.450 Updating base class ->Settlement_Gvozdno, by JM\COT\GUI\config.bin/CfgWorlds/ChernarusPlus/Names/Settlement_Gvozdno/
12:05:52.450 Updating base class ->Settlement_Grishino, by JM\COT\GUI\config.bin/CfgWorlds/ChernarusPlus/Names/Settlement_Grishino/
12:05:52.450 Updating base class ->Settlement_Rogovo, by JM\COT\GUI\config.bin/CfgWorlds/ChernarusPlus/Names/Settlement_Rogovo/
12:05:52.450 Updating base class ->Settlement_Pogorevka, by JM\COT\GUI\config.bin/CfgWorlds/ChernarusPlus/Names/Settlement_Pogorevka/
12:05:52.450 Updating base class ->Settlement_Pustoshka, by JM\COT\GUI\config.bin/CfgWorlds/ChernarusPlus/Names/Settlement_Pustoshka/
12:05:52.450 Updating base class ->Settlement_Kozlovka, by JM\COT\GUI\config.bin/CfgWorlds/ChernarusPlus/Names/Settlement_Kozlovka/
12:05:52.450 Updating base class ->Settlement_Karmanovka, by JM\COT\GUI\config.bin/CfgWorlds/ChernarusPlus/Names/Settlement_Karmanovka/
12:05:52.450 Updating base class ->Settlement_Balota, by JM\COT\GUI\config.bin/CfgWorlds/ChernarusPlus/Names/Settlement_Balota/
12:05:52.450 Updating base class ->Settlement_Komarovo, by JM\COT\GUI\config.bin/CfgWorlds/ChernarusPlus/Names/Settlement_Komarovo/
12:05:52.450 Updating base class ->Settlement_Kamenka, by JM\COT\GUI\config.bin/CfgWorlds/ChernarusPlus/Names/Settlement_Kamenka/
12:05:52.450 Updating base class ->Settlement_Myshkino, by JM\COT\GUI\config.bin/CfgWorlds/ChernarusPlus/Names/Settlement_Myshkino/
12:05:52.450 Updating base class ->Settlement_Pavlovo, by JM\COT\GUI\config.bin/CfgWorlds/ChernarusPlus/Names/Settlement_Pavlovo/
12:05:52.450 Updating base class ->Settlement_Lopatino, by JM\COT\GUI\config.bin/CfgWorlds/ChernarusPlus/Names/Settlement_Lopatino/
12:05:52.450 Updating base class ->Settlement_Vyshnoye, by JM\COT\GUI\config.bin/CfgWorlds/ChernarusPlus/Names/Settlement_Vyshnoye/
12:05:52.450 Updating base class ->Settlement_Prigorodki, by JM\COT\GUI\config.bin/CfgWorlds/ChernarusPlus/Names/Settlement_Prigorodki/
12:05:52.450 Updating base class ->Settlement_Drozhino, by JM\COT\GUI\config.bin/CfgWorlds/ChernarusPlus/Names/Settlement_Drozhino/
12:05:52.450 Updating base class ->Settlement_Sosnovka, by JM\COT\GUI\config.bin/CfgWorlds/ChernarusPlus/Names/Settlement_Sosnovka/
12:05:52.450 Updating base class ->Settlement_Nizhneye, by JM\COT\GUI\config.bin/CfgWorlds/ChernarusPlus/Names/Settlement_Nizhneye/
12:05:52.450 Updating base class ->Settlement_Pulkovo, by JM\COT\GUI\config.bin/CfgWorlds/ChernarusPlus/Names/Settlement_Pulkovo/
12:05:52.450 Updating base class ->Settlement_Berezhki, by JM\COT\GUI\config.bin/CfgWorlds/ChernarusPlus/Names/Settlement_Berezhki/
12:05:52.450 Updating base class ->Settlement_Turovo, by JM\COT\GUI\config.bin/CfgWorlds/ChernarusPlus/Names/Settlement_Turovo/
12:05:52.450 Updating base class ->Settlement_BelayaPolyana, by JM\COT\GUI\config.bin/CfgWorlds/ChernarusPlus/Names/Settlement_BelayaPolyana/
12:05:52.450 Updating base class ->Settlement_Dobroye, by JM\COT\GUI\config.bin/CfgWorlds/ChernarusPlus/Names/Settlement_Dobroye/
12:05:52.450 Updating base class ->Settlement_Nagornoye, by JM\COT\GUI\config.bin/CfgWorlds/ChernarusPlus/Names/Settlement_Nagornoye/
12:05:52.450 Updating base class ->Settlement_Svergino, by JM\COT\GUI\config.bin/CfgWorlds/ChernarusPlus/Names/Settlement_Svergino/
12:05:52.450 Updating base class ->Settlement_Ratnoye, by JM\COT\GUI\config.bin/CfgWorlds/ChernarusPlus/Names/Settlement_Ratnoye/
12:05:52.450 Updating base class ->Settlement_Kamensk, by JM\COT\GUI\config.bin/CfgWorlds/ChernarusPlus/Names/Settlement_Kamensk/
12:05:52.450 Updating base class ->Settlement_Krasnoye, by JM\COT\GUI\config.bin/CfgWorlds/ChernarusPlus/Names/Settlement_Krasnoye/
12:05:52.450 Updating base class ->Settlement_StaryYar, by JM\COT\GUI\config.bin/CfgWorlds/ChernarusPlus/Names/Settlement_StaryYar/
12:05:52.450 Updating base class ->Settlement_Polesovo, by JM\COT\GUI\config.bin/CfgWorlds/ChernarusPlus/Names/Settlement_Polesovo/
12:05:52.450 Updating base class ->Settlement_Tisy, by JM\COT\GUI\config.bin/CfgWorlds/ChernarusPlus/Names/Settlement_Tisy/
12:05:52.450 Updating base class ->Settlement_Topolniki, by JM\COT\GUI\config.bin/CfgWorlds/ChernarusPlus/Names/Settlement_Topolniki/
12:05:52.450 Updating base class ->Settlement_Zaprudnoye, by JM\COT\GUI\config.bin/CfgWorlds/ChernarusPlus/Names/Settlement_Zaprudnoye/
12:05:52.450 Updating base class ->Settlement_Sinystok, by JM\COT\GUI\config.bin/CfgWorlds/ChernarusPlus/Names/Settlement_Sinystok/
12:05:52.450 Updating base class ->Settlement_Vavilovo, by JM\COT\GUI\config.bin/CfgWorlds/ChernarusPlus/Names/Settlement_Vavilovo/
12:05:52.450 Updating base class ->Settlement_Kumyrna, by JM\COT\GUI\config.bin/CfgWorlds/ChernarusPlus/Names/Settlement_Kumyrna/
12:05:52.450 Updating base class ->Settlement_Kalinovka, by JM\COT\GUI\config.bin/CfgWorlds/ChernarusPlus/Names/Settlement_Kalinovka/
12:05:52.450 Updating base class ->Settlement_Bogatyrka, by JM\COT\GUI\config.bin/CfgWorlds/ChernarusPlus/Names/Settlement_Bogatyrka/
12:05:52.450 Updating base class ->Settlement_SvyatoyRomanSkiResort, by JM\COT\GUI\config.bin/CfgWorlds/ChernarusPlus/Names/Settlement_SvyatoyRomanSkiResort/
12:05:52.450 Updating base class ->Settlement_SKVSChBiathlonArena, by JM\COT\GUI\config.bin/CfgWorlds/ChernarusPlus/Names/Settlement_SKVSChBiathlonArena/
12:05:52.450 Updating base class ->Settlement_Zvir, by JM\COT\GUI\config.bin/CfgWorlds/ChernarusPlus/Names/Settlement_Zvir/
12:05:52.450 Updating base class ->Settlement_Zabolotye, by JM\COT\GUI\config.bin/CfgWorlds/ChernarusPlus/Names/Settlement_Zabolotye/
12:05:52.450 Updating base class ->Settlement_Galkino, by JM\COT\GUI\config.bin/CfgWorlds/ChernarusPlus/Names/Settlement_Galkino/
12:05:52.450 Updating base class ->Camp_Arsenovo, by JM\COT\GUI\config.bin/CfgWorlds/ChernarusPlus/Names/Camp_Arsenovo/
12:05:52.450 Updating base class ->Camp_Stroytel, by JM\COT\GUI\config.bin/CfgWorlds/ChernarusPlus/Names/Camp_Stroytel/
12:05:52.450 Updating base class ->Camp_Romashka, by JM\COT\GUI\config.bin/CfgWorlds/ChernarusPlus/Names/Camp_Romashka/
12:05:52.450 Updating base class ->Camp_Kometa, by JM\COT\GUI\config.bin/CfgWorlds/ChernarusPlus/Names/Camp_Kometa/
12:05:52.450 Updating base class ->Camp_Druzhba, by JM\COT\GUI\config.bin/CfgWorlds/ChernarusPlus/Names/Camp_Druzhba/
12:05:52.450 Updating base class ->Camp_Nadezhda, by JM\COT\GUI\config.bin/CfgWorlds/ChernarusPlus/Names/Camp_Nadezhda/
12:05:52.450 Updating base class ->Camp_YouthPioneer, by JM\COT\GUI\config.bin/CfgWorlds/ChernarusPlus/Names/Camp_YouthPioneer/
12:05:52.450 Updating base class ->Camp_ProudChernarus, by JM\COT\GUI\config.bin/CfgWorlds/ChernarusPlus/Names/Camp_ProudChernarus/
12:05:52.450 Updating base class ->Camp_Shkolnik, by JM\COT\GUI\config.bin/CfgWorlds/ChernarusPlus/Names/Camp_Shkolnik/
12:05:52.450 Updating base class ->Camp_Pobeda, by JM\COT\GUI\config.bin/CfgWorlds/ChernarusPlus/Names/Camp_Pobeda/
12:05:52.450 Updating base class ->Camp_Metalurg, by JM\COT\GUI\config.bin/CfgWorlds/ChernarusPlus/Names/Camp_Metalurg/
12:05:52.450 Updating base class ->Hill_Zelenayagora, by JM\COT\GUI\config.bin/CfgWorlds/ChernarusPlus/Names/Hill_Zelenayagora/
12:05:52.450 Updating base class ->Local_Dichina, by JM\COT\GUI\config.bin/CfgWorlds/ChernarusPlus/Names/Local_Dichina/
12:05:52.450 Updating base class ->Local_Novylug, by JM\COT\GUI\config.bin/CfgWorlds/ChernarusPlus/Names/Local_Novylug/
12:05:52.450 Updating base class ->Local_Staryeluga, by JM\COT\GUI\config.bin/CfgWorlds/ChernarusPlus/Names/Local_Staryeluga/
12:05:52.450 Updating base class ->Hill_Vysota, by JM\COT\GUI\config.bin/CfgWorlds/ChernarusPlus/Names/Hill_Vysota/
12:05:52.450 Updating base class ->Hill_Kopyto, by JM\COT\GUI\config.bin/CfgWorlds/ChernarusPlus/Names/Hill_Kopyto/
12:05:52.450 Updating base class ->Local_Grubyeskaly, by JM\COT\GUI\config.bin/CfgWorlds/ChernarusPlus/Names/Local_Grubyeskaly/
12:05:52.450 Updating base class ->Local_Chernyles, by JM\COT\GUI\config.bin/CfgWorlds/ChernarusPlus/Names/Local_Chernyles/
12:05:52.450 Updating base class ->Hill_Altar, by JM\COT\GUI\config.bin/CfgWorlds/ChernarusPlus/Names/Hill_Altar/
12:05:52.450 Updating base class ->Local_RadioZenit, by JM\COT\GUI\config.bin/CfgWorlds/ChernarusPlus/Names/Local_RadioZenit/
12:05:52.450 Updating base class ->Hill_PikKozlova, by JM\COT\GUI\config.bin/CfgWorlds/ChernarusPlus/Names/Hill_PikKozlova/
12:05:52.450 Updating base class ->Local_Pustoykhrebet, by JM\COT\GUI\config.bin/CfgWorlds/ChernarusPlus/Names/Local_Pustoykhrebet/
12:05:52.450 Updating base class ->Hill_Bashnya, by JM\COT\GUI\config.bin/CfgWorlds/ChernarusPlus/Names/Hill_Bashnya/
12:05:52.450 Updating base class ->Hill_Veresnik, by JM\COT\GUI\config.bin/CfgWorlds/ChernarusPlus/Names/Hill_Veresnik/
12:05:52.450 Updating base class ->Hill_Kurgan, by JM\COT\GUI\config.bin/CfgWorlds/ChernarusPlus/Names/Hill_Kurgan/
12:05:52.450 Updating base class ->Hill_Kustryk, by JM\COT\GUI\config.bin/CfgWorlds/ChernarusPlus/Names/Hill_Kustryk/
12:05:52.450 Updating base class ->Hill_Vetryanayagora, by JM\COT\GUI\config.bin/CfgWorlds/ChernarusPlus/Names/Hill_Vetryanayagora/
12:05:52.450 Updating base class ->Hill_Kalmyk, by JM\COT\GUI\config.bin/CfgWorlds/ChernarusPlus/Names/Hill_Kalmyk/
12:05:52.450 Updating base class ->Hill_PopIvan, by JM\COT\GUI\config.bin/CfgWorlds/ChernarusPlus/Names/Hill_PopIvan/
12:05:52.450 Updating base class ->Hill_Erbenka, by JM\COT\GUI\config.bin/CfgWorlds/ChernarusPlus/Names/Hill_Erbenka/
12:05:52.450 Updating base class ->Local_Lesnoykhrebet, by JM\COT\GUI\config.bin/CfgWorlds/ChernarusPlus/Names/Local_Lesnoykhrebet/
12:05:52.450 Updating base class ->Hill_Vysokiykamen, by JM\COT\GUI\config.bin/CfgWorlds/ChernarusPlus/Names/Hill_Vysokiykamen/
12:05:52.450 Updating base class ->Hill_Dobry, by JM\COT\GUI\config.bin/CfgWorlds/ChernarusPlus/Names/Hill_Dobry/
12:05:52.450 Updating base class ->Hill_Baranchik, by JM\COT\GUI\config.bin/CfgWorlds/ChernarusPlus/Names/Hill_Baranchik/
12:05:52.450 Updating base class ->Hill_Malinovka, by JM\COT\GUI\config.bin/CfgWorlds/ChernarusPlus/Names/Hill_Malinovka/
12:05:52.450 Updating base class ->Hill_Dubina, by JM\COT\GUI\config.bin/CfgWorlds/ChernarusPlus/Names/Hill_Dubina/
12:05:52.450 Updating base class ->Hill_Klen, by JM\COT\GUI\config.bin/CfgWorlds/ChernarusPlus/Names/Hill_Klen/
12:05:52.450 Updating base class ->Hill_Chernayagora, by JM\COT\GUI\config.bin/CfgWorlds/ChernarusPlus/Names/Hill_Chernayagora/
12:05:52.450 Updating base class ->Ruin_Zolotar, by JM\COT\GUI\config.bin/CfgWorlds/ChernarusPlus/Names/Ruin_Zolotar/
12:05:52.450 Updating base class ->Hill_Ostry, by JM\COT\GUI\config.bin/CfgWorlds/ChernarusPlus/Names/Hill_Ostry/
12:05:52.450 Updating base class ->Hill_Olsha, by JM\COT\GUI\config.bin/CfgWorlds/ChernarusPlus/Names/Hill_Olsha/
12:05:52.450 Updating base class ->Marine_Tikhiyzaliv, by JM\COT\GUI\config.bin/CfgWorlds/ChernarusPlus/Names/Marine_Tikhiyzaliv/
12:05:52.450 Updating base class ->Marine_Mutnyizaliv, by JM\COT\GUI\config.bin/CfgWorlds/ChernarusPlus/Names/Marine_Mutnyizaliv/
12:05:52.450 Updating base class ->Marine_Chernyzaliv, by JM\COT\GUI\config.bin/CfgWorlds/ChernarusPlus/Names/Marine_Chernyzaliv/
12:05:52.450 Updating base class ->Marine_Zelenyzaliv, by JM\COT\GUI\config.bin/CfgWorlds/ChernarusPlus/Names/Marine_Zelenyzaliv/
12:05:52.450 Updating base class ->Marine_Skalistyproliv, by JM\COT\GUI\config.bin/CfgWorlds/ChernarusPlus/Names/Marine_Skalistyproliv/
12:05:52.450 Updating base class ->Marine_Nizhniyzaliv, by JM\COT\GUI\config.bin/CfgWorlds/ChernarusPlus/Names/Marine_Nizhniyzaliv/
12:05:52.450 Updating base class ->Marine_ZalivGuba, by JM\COT\GUI\config.bin/CfgWorlds/ChernarusPlus/Names/Marine_ZalivGuba/
12:05:52.450 Updating base class ->Marine_Rify, by JM\COT\GUI\config.bin/CfgWorlds/ChernarusPlus/Names/Marine_Rify/
12:05:52.450 Updating base class ->Marine_Ivovoyeozero, by JM\COT\GUI\config.bin/CfgWorlds/ChernarusPlus/Names/Marine_Ivovoyeozero/
12:05:52.450 Updating base class ->Marine_Chernoyeozero, by JM\COT\GUI\config.bin/CfgWorlds/ChernarusPlus/Names/Marine_Chernoyeozero/
12:05:52.450 Updating base class ->Marine_PlotinaTopolka, by JM\COT\GUI\config.bin/CfgWorlds/ChernarusPlus/Names/Marine_PlotinaTopolka/
12:05:52.450 Updating base class ->Marine_PlotinaPobeda, by JM\COT\GUI\config.bin/CfgWorlds/ChernarusPlus/Names/Marine_PlotinaPobeda/
12:05:52.450 Updating base class ->Marine_PlotinaTishina, by JM\COT\GUI\config.bin/CfgWorlds/ChernarusPlus/Names/Marine_PlotinaTishina/
12:05:52.450 Updating base class ->Marine_Ozerko, by JM\COT\GUI\config.bin/CfgWorlds/ChernarusPlus/Names/Marine_Ozerko/
12:05:52.450 Updating base class ->Marine_Prud, by JM\COT\GUI\config.bin/CfgWorlds/ChernarusPlus/Names/Marine_Prud/
12:05:52.450 Updating base class ->Ruin_Chortovzamok, by JM\COT\GUI\config.bin/CfgWorlds/ChernarusPlus/Names/Ruin_Chortovzamok/
12:05:52.450 Updating base class ->Ruin_Zub, by JM\COT\GUI\config.bin/CfgWorlds/ChernarusPlus/Names/Ruin_Zub/
12:05:52.450 Updating base class ->Ruin_Rog, by JM\COT\GUI\config.bin/CfgWorlds/ChernarusPlus/Names/Ruin_Rog/
12:05:52.450 Updating base class ->Local_Grozovypereval, by JM\COT\GUI\config.bin/CfgWorlds/ChernarusPlus/Names/Local_Grozovypereval/
12:05:52.450 Updating base class ->Local_Sosnovypereval, by JM\COT\GUI\config.bin/CfgWorlds/ChernarusPlus/Names/Local_Sosnovypereval/
12:05:52.450 Updating base class ->Local_PerevalOreshka, by JM\COT\GUI\config.bin/CfgWorlds/ChernarusPlus/Names/Local_PerevalOreshka/
12:05:52.450 Updating base class ->Local_Turovskiypereval, by JM\COT\GUI\config.bin/CfgWorlds/ChernarusPlus/Names/Local_Turovskiypereval/
12:05:52.450 Updating base class ->Local_Tridoliny, by JM\COT\GUI\config.bin/CfgWorlds/ChernarusPlus/Names/Local_Tridoliny/
12:05:52.450 Updating base class ->Local_Grozovyedoly, by JM\COT\GUI\config.bin/CfgWorlds/ChernarusPlus/Names/Local_Grozovyedoly/
12:05:52.450 Updating base class ->Ruin_Klyuch, by JM\COT\GUI\config.bin/CfgWorlds/ChernarusPlus/Names/Ruin_Klyuch/
12:05:52.450 Updating base class ->Hill_Lysayagora, by JM\COT\GUI\config.bin/CfgWorlds/ChernarusPlus/Names/Hill_Lysayagora/
12:05:52.450 Updating base class ->Marine_Glubokoyeozero, by JM\COT\GUI\config.bin/CfgWorlds/ChernarusPlus/Names/Marine_Glubokoyeozero/
12:05:52.450 Updating base class ->Local_Skalka, by JM\COT\GUI\config.bin/CfgWorlds/ChernarusPlus/Names/Local_Skalka/
12:05:52.450 Updating base class ->Local_Vidy, by JM\COT\GUI\config.bin/CfgWorlds/ChernarusPlus/Names/Local_Vidy/
12:05:52.450 Updating base class ->Hill_Tumannyverkh, by JM\COT\GUI\config.bin/CfgWorlds/ChernarusPlus/Names/Hill_Tumannyverkh/
12:05:52.450 Updating base class ->Local_Adamovka, by JM\COT\GUI\config.bin/CfgWorlds/ChernarusPlus/Names/Local_Adamovka/
12:05:52.450 Updating base class ->Hill_Shishok, by JM\COT\GUI\config.bin/CfgWorlds/ChernarusPlus/Names/Hill_Shishok/
12:05:52.450 Updating base class ->Settlement_Skalisty, by JM\COT\GUI\config.bin/CfgWorlds/ChernarusPlus/Names/Settlement_Skalisty/
12:05:52.450 Updating base class ->Ruin_Storozh, by JM\COT\GUI\config.bin/CfgWorlds/ChernarusPlus/Names/Ruin_Storozh/
12:05:52.450 Updating base class ->Local_Drakon, by JM\COT\GUI\config.bin/CfgWorlds/ChernarusPlus/Names/Local_Drakon/
12:05:52.450 Updating base class ->Local_Otmel, by JM\COT\GUI\config.bin/CfgWorlds/ChernarusPlus/Names/Local_Otmel/
12:05:52.450 Updating base class ->Local_MysGolova, by JM\COT\GUI\config.bin/CfgWorlds/ChernarusPlus/Names/Local_MysGolova/
12:05:52.450 Updating base class ->Local_MysKrutoy, by JM\COT\GUI\config.bin/CfgWorlds/ChernarusPlus/Names/Local_MysKrutoy/
12:05:52.451 Updating base class ->Hill_Tokarnya, by JM\COT\GUI\config.bin/CfgWorlds/ChernarusPlus/Names/Hill_Tokarnya/
12:05:52.451 Updating base class ->Hill_Ostrog, by JM\COT\GUI\config.bin/CfgWorlds/ChernarusPlus/Names/Hill_Ostrog/
12:05:52.451 Updating base class ->Local_Maryanka, by JM\COT\GUI\config.bin/CfgWorlds/ChernarusPlus/Names/Local_Maryanka/
12:05:52.451 Updating base class ->Local_Polonina, by JM\COT\GUI\config.bin/CfgWorlds/ChernarusPlus/Names/Local_Polonina/
12:05:52.451 Updating base class ->Local_Kalinka, by JM\COT\GUI\config.bin/CfgWorlds/ChernarusPlus/Names/Local_Kalinka/
12:05:52.451 Updating base class ->Hill_Kikimora, by JM\COT\GUI\config.bin/CfgWorlds/ChernarusPlus/Names/Hill_Kikimora/
12:05:52.451 Updating base class ->Hill_BolshoyKotel, by JM\COT\GUI\config.bin/CfgWorlds/ChernarusPlus/Names/Hill_BolshoyKotel/
12:05:52.451 Updating base class ->Hill_Simurg, by JM\COT\GUI\config.bin/CfgWorlds/ChernarusPlus/Names/Hill_Simurg/
12:05:52.451 Updating base class ->Hill_Volchiypik, by JM\COT\GUI\config.bin/CfgWorlds/ChernarusPlus/Names/Hill_Volchiypik/
12:05:52.451 Updating base class ->Ruin_Krona, by JM\COT\GUI\config.bin/CfgWorlds/ChernarusPlus/Names/Ruin_Krona/
12:05:52.451 Updating base class ->Local_TriKresta, by JM\COT\GUI\config.bin/CfgWorlds/ChernarusPlus/Names/Local_TriKresta/
12:05:52.451 Updating base class ->Local_Rostoki, by JM\COT\GUI\config.bin/CfgWorlds/ChernarusPlus/Names/Local_Rostoki/
12:05:52.451 Updating base class ->Marine_OrlyeOzero, by JM\COT\GUI\config.bin/CfgWorlds/ChernarusPlus/Names/Marine_OrlyeOzero/
12:05:52.451 Updating base class ->Local_Makosh, by JM\COT\GUI\config.bin/CfgWorlds/ChernarusPlus/Names/Local_Makosh/
12:05:52.451 Updating base class ->Local_Klenovyipereval, by JM\COT\GUI\config.bin/CfgWorlds/ChernarusPlus/Names/Local_Klenovyipereval/
12:05:52.451 Updating base class ->Local_Zmeinykhrebet, by JM\COT\GUI\config.bin/CfgWorlds/ChernarusPlus/Names/Local_Zmeinykhrebet/
12:05:52.451 Updating base class ->Hill_Sokol, by JM\COT\GUI\config.bin/CfgWorlds/ChernarusPlus/Names/Hill_Sokol/
12:05:52.451 Updating base class ->Local_Krutyeskaly, by JM\COT\GUI\config.bin/CfgWorlds/ChernarusPlus/Names/Local_Krutyeskaly/
12:05:52.451 Updating base class ->Local_Bogat, by JM\COT\GUI\config.bin/CfgWorlds/ChernarusPlus/Names/Local_Bogat/
12:05:52.451 Updating base class ->Local_Dubnik, by JM\COT\GUI\config.bin/CfgWorlds/ChernarusPlus/Names/Local_Dubnik/
12:05:52.451 Updating base class ->Hill_Viselitsa, by JM\COT\GUI\config.bin/CfgWorlds/ChernarusPlus/Names/Hill_Viselitsa/
12:05:52.451 Updating base class ->Local_Dazhbog, by JM\COT\GUI\config.bin/CfgWorlds/ChernarusPlus/Names/Local_Dazhbog/
12:05:52.451 Updating base class ->Marine_Verbnik, by JM\COT\GUI\config.bin/CfgWorlds/ChernarusPlus/Names/Marine_Verbnik/
12:05:52.451 Updating base class ->Local_Medvezhilugi, by JM\COT\GUI\config.bin/CfgWorlds/ChernarusPlus/Names/Local_Medvezhilugi/
12:05:52.451 Updating base class ->Ruin_Voron, by JM\COT\GUI\config.bin/CfgWorlds/ChernarusPlus/Names/Ruin_Voron/
12:05:52.451 Updating base class ->Ruin_Gnomovzamok, by JM\COT\GUI\config.bin/CfgWorlds/ChernarusPlus/Names/Ruin_Gnomovzamok/
12:05:52.451 Updating base class ->Marine_Glaza, by JM\COT\GUI\config.bin/CfgWorlds/ChernarusPlus/Names/Marine_Glaza/
12:05:52.451 Updating base class ->Local_KarerKrasnayaZarya, by JM\COT\GUI\config.bin/CfgWorlds/ChernarusPlus/Names/Local_KarerKrasnayaZarya/
12:05:52.451 Updating base class ->Local_Matveyevo, by JM\COT\GUI\config.bin/CfgWorlds/ChernarusPlus/Names/Local_Matveyevo/
12:05:52.451 Updating base class ->Local_Kotka, by JM\COT\GUI\config.bin/CfgWorlds/ChernarusPlus/Names/Local_Kotka/
12:05:52.451 Updating base class ->Local_Chernyeskaly, by JM\COT\GUI\config.bin/CfgWorlds/ChernarusPlus/Names/Local_Chernyeskaly/
12:05:52.451 Updating base class ->Hill_SvyatoyRoman, by JM\COT\GUI\config.bin/CfgWorlds/ChernarusPlus/Names/Hill_SvyatoyRoman/
12:05:52.451 Updating base class ->Hill_Koman, by JM\COT\GUI\config.bin/CfgWorlds/ChernarusPlus/Names/Hill_Koman/
12:05:52.451 Updating base class ->Hill_Mayak, by JM\COT\GUI\config.bin/CfgWorlds/ChernarusPlus/Names/Hill_Mayak/
12:05:52.451 Updating base class ->Local_MB_VMC, by JM\COT\GUI\config.bin/CfgWorlds/ChernarusPlus/Names/Local_MB_VMC/
12:05:52.451 Updating base class ->Local_MB_Tisy, by JM\COT\GUI\config.bin/CfgWorlds/ChernarusPlus/Names/Local_MB_Tisy/
12:05:52.451 Updating base class ->Local_MB_Kamensk, by JM\COT\GUI\config.bin/CfgWorlds/ChernarusPlus/Names/Local_MB_Kamensk/
12:05:52.451 Updating base class ->Local_MB_Zeleno, by JM\COT\GUI\config.bin/CfgWorlds/ChernarusPlus/Names/Local_MB_Zeleno/
12:05:52.451 Updating base class ->Local_MB_Pavlovo, by JM\COT\GUI\config.bin/CfgWorlds/ChernarusPlus/Names/Local_MB_Pavlovo/
12:05:52.451 Updating base class ->Local_AF_Balota, by JM\COT\GUI\config.bin/CfgWorlds/ChernarusPlus/Names/Local_AF_Balota/
12:05:52.451 Updating base class ->Local_AF_Krasno, by JM\COT\GUI\config.bin/CfgWorlds/ChernarusPlus/Names/Local_AF_Krasno/